{
 "cells": [
  {
   "cell_type": "markdown",
   "id": "b11f61c4-b566-41b7-9a84-86ad443fff10",
   "metadata": {
    "tags": []
   },
   "source": [
    "# Lab 1: Configuring & Running Experiments in SimBricks\n",
    "\n",
    "## 1. Minimal 2-Host Experiment\n",
    "To get started, we will set up a simple experiment with two hosts that have one NIC each and are connected through a basic switch. The hosts run Linux with the regular network stack, and run the standard `iperf` network benchmark, with one hosts acting as the server, and the other as the client.\n",
    "\n",
    "To keeps simulation times low for testing here, we use unsynchronized and inaccurate simulator configurations: QEMU with KVM acceleration (if available), the behavioral Intel x710 (`i40e`) NIC model, and our simple behavioral switch.\n",
    "\n",
    "### 1.1. Specifying Simulation Configuration\n",
    "Now let's set up this configuration in the SimBricks orchestration framework:"
   ]
  },
  {
   "cell_type": "markdown",
   "id": "18fd1c0b-d0c7-4335-ab6d-78c921dc6dca",
   "metadata": {},
   "source": [
    "The first step is to create an `Experiment` object. This object contains pointers to all relevant components in the simulation and an instance serves as a declarative description of the configuration."
   ]
  },
  {
   "cell_type": "code",
   "execution_count": 1,
   "id": "dd0172a5-6e49-472a-a4cd-7a0de202cf34",
   "metadata": {},
   "outputs": [],
   "source": [
    "import simbricks.experiments as exp\n",
    "import simbricks.simulators as sim\n",
    "import simbricks.nodeconfig as node\n",
    "\n",
    "e = exp.Experiment('my-simple-experiment')"
   ]
  },
  {
   "cell_type": "markdown",
   "id": "2bfd5836-344a-4d41-9763-eb59abd06c56",
   "metadata": {},
   "source": [
    "Now we instantiate the first Component simulator, the `SwitchNet` behavioral switch model, and add it to our experiment object."
   ]
  },
  {
   "cell_type": "code",
   "execution_count": 2,
   "id": "46336658-27f3-4728-bcc2-da50e8811ae3",
   "metadata": {},
   "outputs": [],
   "source": [
    "net = sim.SwitchNet()\n",
    "e.add_network(net)"
   ]
  },
  {
   "cell_type": "markdown",
   "id": "0a1cd00d-8550-4f22-b422-464787763666",
   "metadata": {},
   "source": [
    "Next we create the first instance of the QEMU host simulator for the server and label it accordingly."
   ]
  },
  {
   "cell_type": "code",
   "execution_count": 3,
   "id": "9026ffde-66a0-4dd4-96ad-f307860e6567",
   "metadata": {},
   "outputs": [],
   "source": [
    "server = sim.QemuHost()\n",
    "server.name = 'server'"
   ]
  },
  {
   "cell_type": "markdown",
   "id": "40199453-ab3e-447c-8c0d-589fa7c0d0c7",
   "metadata": {},
   "source": [
    "For each host simulator we also have to specify what software to run through a *node configuration object*. This basically specifies which disk image to use, and includes a set of commands to run after boot, for steps including loading NIC drivers, assigning IP addresses, and other configuration steps. Here we use the `I40eLinuxNode` configuration, which will load the `i40e` NIC driver, and assign the IP address specified."
   ]
  },
  {
   "cell_type": "code",
   "execution_count": 4,
   "id": "ffaa1dd9-f84b-41fd-baa6-7c1a460423be",
   "metadata": {},
   "outputs": [],
   "source": [
    "server_config = node.I40eLinuxNode()\n",
    "server.set_config(server_config)\n",
    "server_config.prefix = 24\n",
    "server_config.ip = '10.0.0.1'"
   ]
  },
  {
   "cell_type": "markdown",
   "id": "a150223b-ffd6-4640-b812-24f8a2329e6a",
   "metadata": {},
   "source": [
    "The node configuration also points to the *application configuration*, specifying the actual workload, i.e. commands to run after the system is fully booted up. These objects mostly just provide a bit of syntactic sugar to make it easier to set benchmark configuration parameters in a readable way from python."
   ]
  },
  {
   "cell_type": "code",
   "execution_count": 5,
   "id": "797902eb-27f2-4afa-a9ce-4a83a1a14ef1",
   "metadata": {},
   "outputs": [],
   "source": [
    "server_config.app = node.IperfTCPServer()"
   ]
  },
  {
   "cell_type": "markdown",
   "id": "efd071fb-7777-4d8d-9d7d-72fad087a190",
   "metadata": {},
   "source": [
    "After configuring the server host simulator, we add an instance of the `i40e` NIC model, and connect it to both the host simulator and our switch simulator. As a last step for the server, we add the NIC and host to the experiment object."
   ]
  },
  {
   "cell_type": "code",
   "execution_count": 6,
   "id": "f8237f28-9118-4dcb-bd00-e050ed48a494",
   "metadata": {},
   "outputs": [],
   "source": [
    "server_nic = sim.I40eNIC()\n",
    "server_nic.set_network(net)\n",
    "server.add_nic(server_nic)\n",
    "\n",
    "e.add_nic(server_nic)\n",
    "e.add_host(server)"
   ]
  },
  {
   "cell_type": "markdown",
   "id": "6046bfaa-541a-4f2d-a821-de378d896f5d",
   "metadata": {},
   "source": [
    "Finally, we repeat the same steps for the client, with two small differences: First, we set the wait attribute on the client host simulator, to indicate that we want to wait for this simulator to terminate before stopping the experiment (many simulators, for the server, NICs, and networks, typically run until they are manually stopped when the experiment is finished)."
   ]
  },
  {
   "cell_type": "code",
   "execution_count": 7,
   "id": "38338146-678f-4b3e-b190-d3a7eeb1ffb1",
   "metadata": {},
   "outputs": [],
   "source": [
    "# Create host simulator for client\n",
    "client = sim.QemuHost()\n",
    "client.name = 'client'\n",
    "client.wait = True # Wait for client to shut down before ending experiment\n",
    "\n",
    "# Node configuration describes software configuration running on the client\n",
    "client_config = node.I40eLinuxNode()\n",
    "client_config.prefix = 24\n",
    "client_config.ip = '10.0.0.2'"
   ]
  },
  {
   "cell_type": "markdown",
   "id": "7da15814-b0b7-47de-8719-655bc06d79b9",
   "metadata": {},
   "source": [
    "Second, for the client we specify a different application configuration to run the iperf client instead of the server, and pass it the server IP address to connect to."
   ]
  },
  {
   "cell_type": "code",
   "execution_count": 8,
   "id": "57d35d90-4157-4b94-9541-6170e0c929e4",
   "metadata": {},
   "outputs": [],
   "source": [
    "client_config.app = node.IperfTCPClient()\n",
    "client_config.app.server_ip = '10.0.0.1' # Client needs to know server IP\n",
    "client.set_config(client_config)\n",
    "\n",
    "# Create nic simulator for client\n",
    "client_nic = sim.I40eNIC()\n",
    "client_nic.set_network(net)\n",
    "client.add_nic(client_nic)\n",
    "\n",
    "e.add_nic(client_nic)\n",
    "e.add_host(client)"
   ]
  },
  {
   "cell_type": "markdown",
   "id": "93347d9e-b4f4-4e3f-a7c8-c553ba990813",
   "metadata": {},
   "source": [
    "And that's it! We have assembled our first SimBricks simulation configuration. Here is a simple illustration of what we have assembled:"
   ]
  },
  {
   "cell_type": "code",
   "execution_count": 9,
   "id": "8247f5d8-1e33-4ed4-a988-37d1373119df",
   "metadata": {},
   "outputs": [
    {
     "data": {
      "image/svg+xml": [
       "<?xml version=\"1.0\" encoding=\"UTF-8\" standalone=\"no\"?>\n",
       "<!DOCTYPE svg PUBLIC \"-//W3C//DTD SVG 1.1//EN\"\n",
       " \"http://www.w3.org/Graphics/SVG/1.1/DTD/svg11.dtd\">\n",
       "<!-- Generated by graphviz version 2.43.0 (0)\n",
       " -->\n",
       "<!-- Title: %3 Pages: 1 -->\n",
       "<svg width=\"272pt\" height=\"309pt\"\n",
       " viewBox=\"0.00 0.00 272.49 309.39\" xmlns=\"http://www.w3.org/2000/svg\" xmlns:xlink=\"http://www.w3.org/1999/xlink\">\n",
       "<g id=\"graph0\" class=\"graph\" transform=\"scale(1 1) rotate(0) translate(4 305.39)\">\n",
       "<title>%3</title>\n",
       "<polygon fill=\"white\" stroke=\"transparent\" points=\"-4,4 -4,-305.39 268.49,-305.39 268.49,4 -4,4\"/>\n",
       "<!-- host.server -->\n",
       "<g id=\"node1\" class=\"node\">\n",
       "<title>host.server</title>\n",
       "<ellipse fill=\"#98f5ff\" stroke=\"black\" cx=\"63.69\" cy=\"-237.69\" rx=\"63.89\" ry=\"63.89\"/>\n",
       "<text text-anchor=\"middle\" x=\"63.69\" y=\"-233.99\" font-family=\"Times,serif\" font-size=\"14.00\">host.server</text>\n",
       "</g>\n",
       "<!-- nic.server. -->\n",
       "<g id=\"node3\" class=\"node\">\n",
       "<title>nic.server.</title>\n",
       "<polygon fill=\"lightgreen\" stroke=\"black\" points=\"118.19,-123 27.19,-123 27.19,-87 118.19,-87 118.19,-123\"/>\n",
       "<text text-anchor=\"middle\" x=\"72.69\" y=\"-101.3\" font-family=\"Times,serif\" font-size=\"14.00\">nic.server.</text>\n",
       "</g>\n",
       "<!-- host.server&#45;&gt;nic.server. -->\n",
       "<g id=\"edge1\" class=\"edge\">\n",
       "<title>host.server&#45;&gt;nic.server.</title>\n",
       "<path fill=\"none\" stroke=\"green\" d=\"M68.01,-174.03C69,-159.68 70,-145.16 70.82,-133.25\"/>\n",
       "<polygon fill=\"green\" stroke=\"green\" points=\"74.32,-133.33 71.52,-123.11 67.34,-132.85 74.32,-133.33\"/>\n",
       "<text text-anchor=\"middle\" x=\"87.69\" y=\"-144.8\" font-family=\"Times,serif\" font-size=\"14.00\">PCIe</text>\n",
       "</g>\n",
       "<!-- host.client -->\n",
       "<g id=\"node2\" class=\"node\">\n",
       "<title>host.client</title>\n",
       "<ellipse fill=\"#98f5ff\" stroke=\"black\" cx=\"204.69\" cy=\"-237.69\" rx=\"59.59\" ry=\"59.59\"/>\n",
       "<text text-anchor=\"middle\" x=\"204.69\" y=\"-233.99\" font-family=\"Times,serif\" font-size=\"14.00\">host.client</text>\n",
       "</g>\n",
       "<!-- nic.client. -->\n",
       "<g id=\"node4\" class=\"node\">\n",
       "<title>nic.client.</title>\n",
       "<polygon fill=\"lightgreen\" stroke=\"black\" points=\"239.69,-123 153.69,-123 153.69,-87 239.69,-87 239.69,-123\"/>\n",
       "<text text-anchor=\"middle\" x=\"196.69\" y=\"-101.3\" font-family=\"Times,serif\" font-size=\"14.00\">nic.client.</text>\n",
       "</g>\n",
       "<!-- host.client&#45;&gt;nic.client. -->\n",
       "<g id=\"edge2\" class=\"edge\">\n",
       "<title>host.client&#45;&gt;nic.client.</title>\n",
       "<path fill=\"none\" stroke=\"green\" d=\"M201.09,-177.85C200.14,-162.28 199.16,-146.23 198.36,-133.25\"/>\n",
       "<polygon fill=\"green\" stroke=\"green\" points=\"201.85,-132.92 197.74,-123.15 194.86,-133.35 201.85,-132.92\"/>\n",
       "<text text-anchor=\"middle\" x=\"217.69\" y=\"-144.8\" font-family=\"Times,serif\" font-size=\"14.00\">PCIe</text>\n",
       "</g>\n",
       "<!-- net. -->\n",
       "<g id=\"node5\" class=\"node\">\n",
       "<title>net.</title>\n",
       "<polygon fill=\"gold\" stroke=\"black\" points=\"125.69,-36 85.31,-18 125.69,0 166.08,-18 125.69,-36\"/>\n",
       "<text text-anchor=\"middle\" x=\"125.69\" y=\"-14.3\" font-family=\"Times,serif\" font-size=\"14.00\">net.</text>\n",
       "</g>\n",
       "<!-- nic.server.&#45;&gt;net. -->\n",
       "<g id=\"edge3\" class=\"edge\">\n",
       "<title>nic.server.&#45;&gt;net.</title>\n",
       "<path fill=\"none\" stroke=\"red\" d=\"M83.42,-86.8C91.61,-73.67 102.96,-55.47 111.83,-41.23\"/>\n",
       "<polygon fill=\"red\" stroke=\"red\" points=\"114.93,-42.88 117.25,-32.54 108.99,-39.18 114.93,-42.88\"/>\n",
       "<text text-anchor=\"middle\" x=\"115.69\" y=\"-57.8\" font-family=\"Times,serif\" font-size=\"14.00\">Eth</text>\n",
       "</g>\n",
       "<!-- nic.client.&#45;&gt;net. -->\n",
       "<g id=\"edge4\" class=\"edge\">\n",
       "<title>nic.client.&#45;&gt;net.</title>\n",
       "<path fill=\"none\" stroke=\"red\" d=\"M182.33,-86.8C170.88,-73.09 154.82,-53.87 142.72,-39.39\"/>\n",
       "<polygon fill=\"red\" stroke=\"red\" points=\"145.22,-36.92 136.13,-31.49 139.85,-41.41 145.22,-36.92\"/>\n",
       "<text text-anchor=\"middle\" x=\"178.69\" y=\"-57.8\" font-family=\"Times,serif\" font-size=\"14.00\">Eth</text>\n",
       "</g>\n",
       "</g>\n",
       "</svg>\n"
      ],
      "text/plain": [
       "<graphviz.graphs.Digraph at 0x7f886e4af880>"
      ]
     },
     "execution_count": 9,
     "metadata": {},
     "output_type": "execute_result"
    }
   ],
   "source": [
    "import visualize\n",
    "visualize.experiment_graph(e)"
   ]
  },
  {
   "cell_type": "markdown",
   "id": "93082727-1349-481a-8068-d6d4557bc9ed",
   "metadata": {
    "tags": []
   },
   "source": [
    "### 1.2. Running the Simulation\n",
    "\n",
    "Now that we have assembled our simulation, the next step is running it. Typically we would save the experiment to a `.py` file, and then use the `run.py` script and run it from the terminal. (Details on how to do that below.) Here we will directly use our python orchestration mechanisms to run a simple local experiment.\n",
    "\n",
    "For this we first specify the `LocalExecutor` to run our simulation locally directly by starting the commands from the python process. (other executors execute component simulators on remote hosts, particularly useful for distributed simulations spanning multiple hosts)"
   ]
  },
  {
   "cell_type": "code",
   "execution_count": 10,
   "id": "efd720b7-0957-4c05-8548-d19cbc766855",
   "metadata": {
    "scrolled": true,
    "tags": []
   },
   "outputs": [],
   "source": [
    "import simbricks.experiments as exp\n",
    "import simbricks.exectools as exectools\n",
    "import simbricks.runtime as runtime\n",
    "\n",
    "executor = exectools.LocalExecutor()"
   ]
  },
  {
   "cell_type": "markdown",
   "id": "74169fa7-e7c6-49fa-8bdb-829085ca0352",
   "metadata": {},
   "source": [
    "Next, we set up an experiment environment, which specifies paths for simulator executables, unix sockets, shared memory regions, working copies of simulator disk images, and other working files of different component simulators. Here we just pass in the path to our SimBricks repo and a new working directory for this experiment. For the rest the `ExpEnv` has sensible defaults that can be customized if necessary."
   ]
  },
  {
   "cell_type": "code",
   "execution_count": 11,
   "id": "ded0862d-cc6f-42bc-9a33-d4b6103f171b",
   "metadata": {
    "scrolled": true,
    "tags": []
   },
   "outputs": [],
   "source": [
    "workdir = './out/lab1_test1'\n",
    "env = exp.ExpEnv('/simbricks', workdir, workdir)\n",
    "#env.create_cp = False # FIXME: should not be needed\n",
    "#env.pcap_file = '' # FIXME: shoult not be needed"
   ]
  },
  {
   "cell_type": "markdown",
   "id": "811e5407-2c45-48df-b9af-40c5993f8cce",
   "metadata": {},
   "source": [
    "Now we create a `Run` object, which is intended for a single execution of an experiment, and stores the experiment, and the environment. For the run we then initialize the output and working directory."
   ]
  },
  {
   "cell_type": "code",
   "execution_count": 12,
   "id": "865c0d43-fb0b-4db6-8d19-1712cf2a6b3f",
   "metadata": {
    "scrolled": true,
    "tags": []
   },
   "outputs": [],
   "source": [
    "run = runtime.Run(e, 0, env, workdir, None)\n",
    "await run.prep_dirs(executor)"
   ]
  },
  {
   "cell_type": "markdown",
   "id": "c6af4bb6-d870-4703-a656-f189b095eec4",
   "metadata": {},
   "source": [
    "Finally, we create a runner responsible for orchestrating the simulation run. The execution results in an output object that contains all simulator outputs, commands, executed, timestamps, and other metadata for the run. We create the runner with the verbose flag set here, so we also see the output on the console as the simulation executes, helpful for debugging but all this information is also contained in the output object."
   ]
  },
  {
   "cell_type": "code",
   "execution_count": 13,
   "id": "753e7d68-3a46-4adc-a867-0a95c6b367b0",
   "metadata": {
    "scrolled": true,
    "tags": []
   },
   "outputs": [
    {
     "name": "stdout",
     "output_type": "stream",
     "text": [
      "preparing config tar: /simbricks/labs/out/lab1_test1/cfg.server.tar\n",
      "preparing config tar: /simbricks/labs/out/lab1_test1/cfg.client.tar\n",
      "prepare_my-simple-experiment.0 ERR: ['qemu-img: warning: Deprecated use of backing file without explicit backing format (detected format of qcow2)']\n",
      "prepare_my-simple-experiment.0 OUT: [\"Formatting '/simbricks/labs/out/lab1_test1/hdcopy.server', fmt=qcow2 cluster_size=65536 extended_l2=off compression_type=zlib size=42949672960 backing_file=/simbricks/images/output-base/base backing_fmt=qcow2 lazy_refcounts=off refcount_bits=16\"]\n",
      "prepare_my-simple-experiment.0 ERR: ['qemu-img: warning: Deprecated use of backing file without explicit backing format (detected format of qcow2)']\n",
      "prepare_my-simple-experiment.0 OUT: [\"Formatting '/simbricks/labs/out/lab1_test1/hdcopy.client', fmt=qcow2 cluster_size=65536 extended_l2=off compression_type=zlib size=42949672960 backing_file=/simbricks/images/output-base/base backing_fmt=qcow2 lazy_refcounts=off refcount_bits=16\"]\n",
      "prepare_my-simple-experiment.0 TERMINATED: 0\n",
      "prepare_my-simple-experiment.0 TERMINATED: 0\n",
      "my-simple-experiment: starting nic.client.\n",
      "my-simple-experiment: starting nic.server.\n",
      "my-simple-experiment: waiting for sockets nic.client.\n",
      "my-simple-experiment: waiting for sockets nic.server.\n",
      "await_file(/simbricks/labs/out/lab1_test1/nic.eth.client.)\n",
      "await_file(/simbricks/labs/out/lab1_test1/dev.pci.client.)\n",
      "await_file(/simbricks/labs/out/lab1_test1/dev.pci.server.)\n",
      "await_file(/simbricks/labs/out/lab1_test1/nic.eth.server.)\n",
      "nic.client. ERR: ['212de9ccdf60']\n",
      "nic.server. ERR: ['8f697fe8db20']\n",
      "my-simple-experiment: started nic.client.\n",
      "my-simple-experiment: started nic.server.\n",
      "my-simple-experiment: starting net.\n",
      "net. ERR: ['Switch connecting to: /simbricks/labs/out/lab1_test1/nic.eth.server.']\n",
      "my-simple-experiment: started net.\n",
      "my-simple-experiment: starting host.client\n",
      "my-simple-experiment: starting host.server\n",
      "host.client ERR: ['Could not access KVM kernel module: No such file or directory']\n",
      "host.client ERR: ['qemu-system-x86_64: failed to initialize kvm: No such file or directory']\n",
      "host.client ERR: ['qemu-system-x86_64: falling back to tcg']\n",
      "host.client ERR: [\"qemu-system-x86_64: warning: TCG doesn't support requested feature: CPUID.01H:ECX.fma [bit 12]\"]\n",
      "host.client ERR: [\"qemu-system-x86_64: warning: TCG doesn't support requested feature: CPUID.01H:ECX.pcid [bit 17]\"]\n",
      "host.client ERR: [\"qemu-system-x86_64: warning: TCG doesn't support requested feature: CPUID.01H:ECX.x2apic [bit 21]\"]\n",
      "host.client ERR: [\"qemu-system-x86_64: warning: TCG doesn't support requested feature: CPUID.01H:ECX.tsc-deadline [bit 24]\"]\n",
      "host.client ERR: [\"qemu-system-x86_64: warning: TCG doesn't support requested feature: CPUID.01H:ECX.avx [bit 28]\"]\n",
      "host.client ERR: [\"qemu-system-x86_64: warning: TCG doesn't support requested feature: CPUID.01H:ECX.f16c [bit 29]\"]\n",
      "host.client ERR: [\"qemu-system-x86_64: warning: TCG doesn't support requested feature: CPUID.07H:EBX.hle [bit 4]\"]\n",
      "host.client ERR: [\"qemu-system-x86_64: warning: TCG doesn't support requested feature: CPUID.07H:EBX.avx2 [bit 5]\"]\n",
      "host.client ERR: [\"qemu-system-x86_64: warning: TCG doesn't support requested feature: CPUID.07H:EBX.invpcid [bit 10]\"]\n",
      "host.client ERR: [\"qemu-system-x86_64: warning: TCG doesn't support requested feature: CPUID.07H:EBX.rtm [bit 11]\"]\n",
      "host.client ERR: [\"qemu-system-x86_64: warning: TCG doesn't support requested feature: CPUID.07H:EBX.avx512f [bit 16]\"]\n",
      "host.client ERR: [\"qemu-system-x86_64: warning: TCG doesn't support requested feature: CPUID.07H:EBX.avx512dq [bit 17]\"]\n",
      "host.client ERR: [\"qemu-system-x86_64: warning: TCG doesn't support requested feature: CPUID.07H:EBX.rdseed [bit 18]\"]\n",
      "host.client ERR: [\"qemu-system-x86_64: warning: TCG doesn't support requested feature: CPUID.07H:EBX.avx512cd [bit 28]\"]\n",
      "host.client ERR: [\"qemu-system-x86_64: warning: TCG doesn't support requested feature: CPUID.07H:EBX.avx512bw [bit 30]\"]\n",
      "host.client ERR: [\"qemu-system-x86_64: warning: TCG doesn't support requested feature: CPUID.07H:EBX.avx512vl [bit 31]\"]\n",
      "host.client ERR: [\"qemu-system-x86_64: warning: TCG doesn't support requested feature: CPUID.80000001H:ECX.3dnowprefetch [bit 8]\"]\n",
      "host.client ERR: [\"qemu-system-x86_64: warning: TCG doesn't support requested feature: CPUID.0DH:EAX.xsavec [bit 1]\"]\n",
      "host.server ERR: ['Could not access KVM kernel module: No such file or directory']\n",
      "host.server ERR: ['qemu-system-x86_64: failed to initialize kvm: No such file or directory']\n",
      "host.server ERR: ['qemu-system-x86_64: falling back to tcg']\n",
      "host.server ERR: [\"qemu-system-x86_64: warning: TCG doesn't support requested feature: CPUID.01H:ECX.fma [bit 12]\"]\n",
      "host.server ERR: [\"qemu-system-x86_64: warning: TCG doesn't support requested feature: CPUID.01H:ECX.pcid [bit 17]\"]\n",
      "host.server ERR: [\"qemu-system-x86_64: warning: TCG doesn't support requested feature: CPUID.01H:ECX.x2apic [bit 21]\"]\n",
      "host.server ERR: [\"qemu-system-x86_64: warning: TCG doesn't support requested feature: CPUID.01H:ECX.tsc-deadline [bit 24]\"]\n",
      "host.server ERR: [\"qemu-system-x86_64: warning: TCG doesn't support requested feature: CPUID.01H:ECX.avx [bit 28]\"]\n",
      "host.server ERR: [\"qemu-system-x86_64: warning: TCG doesn't support requested feature: CPUID.01H:ECX.f16c [bit 29]\"]\n",
      "host.server ERR: [\"qemu-system-x86_64: warning: TCG doesn't support requested feature: CPUID.07H:EBX.hle [bit 4]\"]\n",
      "host.server ERR: [\"qemu-system-x86_64: warning: TCG doesn't support requested feature: CPUID.07H:EBX.avx2 [bit 5]\"]\n",
      "host.server ERR: [\"qemu-system-x86_64: warning: TCG doesn't support requested feature: CPUID.07H:EBX.invpcid [bit 10]\"]\n",
      "host.server ERR: [\"qemu-system-x86_64: warning: TCG doesn't support requested feature: CPUID.07H:EBX.rtm [bit 11]\"]\n",
      "host.server ERR: [\"qemu-system-x86_64: warning: TCG doesn't support requested feature: CPUID.07H:EBX.avx512f [bit 16]\"]\n",
      "host.server ERR: [\"qemu-system-x86_64: warning: TCG doesn't support requested feature: CPUID.07H:EBX.avx512dq [bit 17]\"]\n",
      "host.server ERR: [\"qemu-system-x86_64: warning: TCG doesn't support requested feature: CPUID.07H:EBX.rdseed [bit 18]\"]\n",
      "host.server ERR: [\"qemu-system-x86_64: warning: TCG doesn't support requested feature: CPUID.07H:EBX.avx512cd [bit 28]\"]\n",
      "host.server ERR: [\"qemu-system-x86_64: warning: TCG doesn't support requested feature: CPUID.07H:EBX.avx512bw [bit 30]\"]\n",
      "host.server ERR: [\"qemu-system-x86_64: warning: TCG doesn't support requested feature: CPUID.07H:EBX.avx512vl [bit 31]\"]\n",
      "host.server ERR: [\"qemu-system-x86_64: warning: TCG doesn't support requested feature: CPUID.80000001H:ECX.3dnowprefetch [bit 8]\"]\n",
      "host.server ERR: [\"qemu-system-x86_64: warning: TCG doesn't support requested feature: CPUID.0DH:EAX.xsavec [bit 1]\"]\n",
      "net. ERR: ['Switch connecting to: /simbricks/labs/out/lab1_test1/nic.eth.client.']\n",
      "nic.server. ERR: ['sync_pci=0 sync_eth=1']\n",
      "nic.client. ERR: ['sync_pci=0 sync_eth=1']\n",
      "host.client OUT: ['early console in extract_kernel\\r']\n",
      "host.client OUT: ['input_data: 0x00000000020cd2c8\\r']\n",
      "host.client OUT: ['input_len: 0x00000000003cd774\\r']\n",
      "host.client OUT: ['output: 0x0000000001000000\\r']\n",
      "host.client OUT: ['output_len: 0x0000000001475a98\\r']\n",
      "host.client OUT: ['kernel_total_size: 0x0000000001226000\\r']\n",
      "host.client OUT: ['needed_size: 0x0000000001600000\\r']\n",
      "host.client OUT: ['trampoline_32bit: 0x000000000009d000\\r']\n",
      "host.client OUT: ['\\r']\n",
      "host.server OUT: ['early console in extract_kernel\\r']\n",
      "host.server OUT: ['input_data: 0x00000000020cd2c8\\r']\n",
      "host.server OUT: ['input_len: 0x00000000003cd774\\r']\n",
      "host.server OUT: ['output: 0x0000000001000000\\r']\n",
      "host.server OUT: ['output_len: 0x0000000001475a98\\r']\n",
      "host.server OUT: ['kernel_total_size: 0x0000000001226000\\r']\n",
      "host.server OUT: ['needed_size: 0x0000000001600000\\r']\n",
      "host.server OUT: ['trampoline_32bit: 0x000000000009d000\\r']\n",
      "host.server OUT: ['\\r']\n",
      "host.client OUT: ['Decompressing Linux... Parsing ELF... done.\\r']\n",
      "host.client OUT: ['Booting the kernel.\\r']\n",
      "host.client OUT: ['[    0.000000] Linux version 5.4.46 (root@cb9c38b6afea) (gcc version 11.2.0 (Ubuntu 11.2.0-19ubuntu1)) #1 SMP Wed May 4 20:41:39 UTC 2022\\r']\n",
      "host.client OUT: ['[    0.000000] Command line: earlyprintk=ttyS0 console=ttyS0 root=/dev/sda1 init=/home/ubuntu/guestinit.sh rw\\r']\n",
      "host.client OUT: [\"[    0.000000] x86/fpu: Supporting XSAVE feature 0x001: 'x87 floating point registers'\\r\"]\n",
      "host.client OUT: [\"[    0.000000] x86/fpu: Supporting XSAVE feature 0x002: 'SSE registers'\\r\"]\n",
      "host.client OUT: [\"[    0.000000] x86/fpu: Supporting XSAVE feature 0x200: 'Protection Keys User registers'\\r\"]\n",
      "host.client OUT: ['[    0.000000] x86/fpu: xstate_offset[9]: 2688, xstate_sizes[9]:    8\\r']\n",
      "host.client OUT: [\"[    0.000000] x86/fpu: Enabled xstate features 0x203, context size is 2696 bytes, using 'standard' format.\\r\"]\n",
      "host.client OUT: ['[    0.000000] BIOS-provided physical RAM map:\\r']\n",
      "host.client OUT: ['[    0.000000] BIOS-e820: [mem 0x0000000000000000-0x000000000009fbff] usable\\r']\n",
      "host.client OUT: ['[    0.000000] BIOS-e820: [mem 0x000000000009fc00-0x000000000009ffff] reserved\\r']\n",
      "host.client OUT: ['[    0.000000] BIOS-e820: [mem 0x00000000000f0000-0x00000000000fffff] reserved\\r']\n",
      "host.client OUT: ['[    0.000000] BIOS-e820: [mem 0x0000000000100000-0x000000007ffddfff] usable\\r']\n",
      "host.client OUT: ['[    0.000000] BIOS-e820: [mem 0x000000007ffde000-0x000000007fffffff] reserved\\r']\n",
      "host.client OUT: ['[    0.000000] BIOS-e820: [mem 0x00000000b0000000-0x00000000bfffffff] reserved\\r']\n",
      "host.client OUT: ['[    0.000000] BIOS-e820: [mem 0x00000000fed1c000-0x00000000fed1ffff] reserved\\r']\n",
      "host.client OUT: ['[    0.000000] BIOS-e820: [mem 0x00000000fffc0000-0x00000000ffffffff] reserved\\r']\n",
      "host.client OUT: ['[    0.000000] BIOS-e820: [mem 0x0000000100000000-0x000000027fffffff] usable\\r']\n",
      "host.client OUT: ['[    0.000000] printk: bootconsole [earlyser0] enabled\\r']\n",
      "host.client OUT: ['[    0.000000] NX (Execute Disable) protection: active\\r']\n",
      "host.client OUT: ['[    0.000000] SMBIOS 2.8 present.\\r']\n",
      "host.client OUT: ['[    0.000000] DMI: QEMU Standard PC (Q35 + ICH9, 2009), BIOS rel-1.14.0-0-g155821a1990b-prebuilt.qemu.org 04/01/2014\\r']\n",
      "host.server OUT: ['Decompressing Linux... Parsing ELF... done.\\r']\n",
      "host.server OUT: ['Booting the kernel.\\r']\n",
      "host.client OUT: ['[    0.000000] tsc: Fast TSC calibration failed\\r']\n",
      "host.client OUT: ['[    0.000000] tsc: calibrated TSC: tsc_freq=0\\r']\n",
      "host.client OUT: ['[    0.000000] last_pfn = 0x280000 max_arch_pfn = 0x400000000\\r']\n",
      "host.client OUT: ['[    0.000000] x86/PAT: Configuration [0-7]: WB  WC  UC- UC  WB  WP  UC- WT  \\r']\n",
      "host.client OUT: ['[    0.000000] last_pfn = 0x7ffde max_arch_pfn = 0x400000000\\r']\n",
      "host.server OUT: ['[    0.000000] Linux version 5.4.46 (root@cb9c38b6afea) (gcc version 11.2.0 (Ubuntu 11.2.0-19ubuntu1)) #1 SMP Wed May 4 20:41:39 UTC 2022\\r']\n",
      "host.server OUT: ['[    0.000000] Command line: earlyprintk=ttyS0 console=ttyS0 root=/dev/sda1 init=/home/ubuntu/guestinit.sh rw\\r']\n",
      "host.server OUT: [\"[    0.000000] x86/fpu: Supporting XSAVE feature 0x001: 'x87 floating point registers'\\r\"]\n",
      "host.server OUT: [\"[    0.000000] x86/fpu: Supporting XSAVE feature 0x002: 'SSE registers'\\r\"]\n",
      "host.server OUT: [\"[    0.000000] x86/fpu: Supporting XSAVE feature 0x200: 'Protection Keys User registers'\\r\"]\n",
      "host.server OUT: ['[    0.000000] x86/fpu: xstate_offset[9]: 2688, xstate_sizes[9]:    8\\r']\n",
      "host.server OUT: [\"[    0.000000] x86/fpu: Enabled xstate features 0x203, context size is 2696 bytes, using 'standard' format.\\r\"]\n",
      "host.server OUT: ['[    0.000000] BIOS-provided physical RAM map:\\r']\n",
      "host.server OUT: ['[    0.000000] BIOS-e820: [mem 0x0000000000000000-0x000000000009fbff] usable\\r']\n",
      "host.server OUT: ['[    0.000000] BIOS-e820: [mem 0x000000000009fc00-0x000000000009ffff] reserved\\r']\n",
      "host.server OUT: ['[    0.000000] BIOS-e820: [mem 0x00000000000f0000-0x00000000000fffff] reserved\\r']\n",
      "host.server OUT: ['[    0.000000] BIOS-e820: [mem 0x0000000000100000-0x000000007ffddfff] usable\\r']\n",
      "host.server OUT: ['[    0.000000] BIOS-e820: [mem 0x000000007ffde000-0x000000007fffffff] reserved\\r']\n",
      "host.server OUT: ['[    0.000000] BIOS-e820: [mem 0x00000000b0000000-0x00000000bfffffff] reserved\\r']\n",
      "host.server OUT: ['[    0.000000] BIOS-e820: [mem 0x00000000fed1c000-0x00000000fed1ffff] reserved\\r']\n",
      "host.server OUT: ['[    0.000000] BIOS-e820: [mem 0x00000000fffc0000-0x00000000ffffffff] reserved\\r']\n",
      "host.server OUT: ['[    0.000000] BIOS-e820: [mem 0x0000000100000000-0x000000027fffffff] usable\\r']\n",
      "host.server OUT: ['[    0.000000] printk: bootconsole [earlyser0] enabled\\r']\n",
      "host.server OUT: ['[    0.000000] NX (Execute Disable) protection: active\\r']\n",
      "host.client OUT: ['[    0.000000] found SMP MP-table at [mem 0x000f5ab0-0x000f5abf]\\r']\n",
      "host.client OUT: ['[    0.000000] Using GB pages for direct mapping\\r']\n",
      "host.server OUT: ['[    0.000000] SMBIOS 2.8 present.\\r']\n",
      "host.server OUT: ['[    0.000000] DMI: QEMU Standard PC (Q35 + ICH9, 2009), BIOS rel-1.14.0-0-g155821a1990b-prebuilt.qemu.org 04/01/2014\\r']\n",
      "host.server OUT: ['[    0.000000] tsc: calibrated TSC: tsc_freq=0\\r']\n",
      "host.client OUT: ['[    0.000000] ACPI: Early table checksum verification disabled\\r']\n",
      "host.client OUT: ['[    0.000000] ACPI: RSDP 0x00000000000F58C0 000014 (v00 BOCHS )\\r']\n",
      "host.client OUT: ['[    0.000000] ACPI: RSDT 0x000000007FFE20CE 000038 (v01 BOCHS  BXPCRSDT 00000001 BXPC 00000001)\\r']\n",
      "host.client OUT: ['[    0.000000] ACPI: FACP 0x000000007FFE1EC6 0000F4 (v03 BOCHS  BXPCFACP 00000001 BXPC 00000001)\\r']\n",
      "host.client OUT: ['[    0.000000] ACPI: DSDT 0x000000007FFE0040 001E86 (v01 BOCHS  BXPCDSDT 00000001 BXPC 00000001)\\r']\n",
      "host.client OUT: ['[    0.000000] ACPI: FACS 0x000000007FFE0000 000040\\r']\n",
      "host.client OUT: ['[    0.000000] ACPI: APIC 0x000000007FFE1FBA 000078 (v01 BOCHS  BXPCAPIC 00000001 BXPC 00000001)\\r']\n",
      "host.server OUT: ['[    0.000000] last_pfn = 0x280000 max_arch_pfn = 0x400000000\\r']\n",
      "host.server OUT: ['[    0.000000] x86/PAT: Configuration [0-7]: WB  WC  UC- UC  WB  WP  UC- WT  \\r']\n",
      "host.server OUT: ['[    0.000000] last_pfn = 0x7ffde max_arch_pfn = 0x400000000\\r']\n",
      "host.client OUT: ['[    0.000000] ACPI: HPET 0x000000007FFE2032 000038 (v01 BOCHS  BXPCHPET 00000001 BXPC 00000001)\\r']\n",
      "host.client OUT: ['[    0.000000] ACPI: MCFG 0x000000007FFE206A 00003C (v01 BOCHS  BXPCMCFG 00000001 BXPC 00000001)\\r']\n",
      "host.client OUT: ['[    0.000000] ACPI: WAET 0x000000007FFE20A6 000028 (v01 BOCHS  BXPCWAET 00000001 BXPC 00000001)\\r']\n",
      "host.client OUT: ['[    0.000000] No NUMA configuration found\\r']\n",
      "host.server OUT: ['[    0.000000] found SMP MP-table at [mem 0x000f5ab0-0x000f5abf]\\r']\n",
      "host.client OUT: ['[    0.000000] Faking a node at [mem 0x0000000000000000-0x000000027fffffff]\\r']\n",
      "host.server OUT: ['[    0.000000] Using GB pages for direct mapping\\r']\n",
      "host.client OUT: ['[    0.000000] NODE_DATA(0) allocated [mem 0x27ffdc000-0x27fffdfff]\\r']\n",
      "host.server OUT: ['[    0.000000] ACPI: Early table checksum verification disabled\\r']\n",
      "host.server OUT: ['[    0.000000] ACPI: RSDP 0x00000000000F58C0 000014 (v00 BOCHS )\\r']\n",
      "host.server OUT: ['[    0.000000] ACPI: RSDT 0x000000007FFE20CE 000038 (v01 BOCHS  BXPCRSDT 00000001 BXPC 00000001)\\r']\n",
      "host.server OUT: ['[    0.000000] ACPI: FACP 0x000000007FFE1EC6 0000F4 (v03 BOCHS  BXPCFACP 00000001 BXPC 00000001)\\r']\n",
      "host.server OUT: ['[    0.000000] ACPI: DSDT 0x000000007FFE0040 001E86 (v01 BOCHS  BXPCDSDT 00000001 BXPC 00000001)\\r']\n",
      "host.server OUT: ['[    0.000000] ACPI: FACS 0x000000007FFE0000 000040\\r']\n",
      "host.server OUT: ['[    0.000000] ACPI: APIC 0x000000007FFE1FBA 000078 (v01 BOCHS  BXPCAPIC 00000001 BXPC 00000001)\\r']\n",
      "host.server OUT: ['[    0.000000] ACPI: HPET 0x000000007FFE2032 000038 (v01 BOCHS  BXPCHPET 00000001 BXPC 00000001)\\r']\n",
      "host.server OUT: ['[    0.000000] ACPI: MCFG 0x000000007FFE206A 00003C (v01 BOCHS  BXPCMCFG 00000001 BXPC 00000001)\\r']\n",
      "host.server OUT: ['[    0.000000] ACPI: WAET 0x000000007FFE20A6 000028 (v01 BOCHS  BXPCWAET 00000001 BXPC 00000001)\\r']\n",
      "host.server OUT: ['[    0.000000] No NUMA configuration found\\r']\n",
      "host.server OUT: ['[    0.000000] Faking a node at [mem 0x0000000000000000-0x000000027fffffff]\\r']\n",
      "host.server OUT: ['[    0.000000] NODE_DATA(0) allocated [mem 0x27ffdc000-0x27fffdfff]\\r']\n",
      "host.server OUT: ['[    0.000000] Zone ranges:\\r']\n",
      "host.server OUT: ['[    0.000000]   DMA      [mem 0x0000000000001000-0x0000000000ffffff]\\r']\n",
      "host.server OUT: ['[    0.000000]   DMA32    [mem 0x0000000001000000-0x00000000ffffffff]\\r']\n",
      "host.server OUT: ['[    0.000000]   Normal   [mem 0x0000000100000000-0x000000027fffffff]\\r']\n",
      "host.server OUT: ['[    0.000000] Movable zone start for each node\\r']\n",
      "host.server OUT: ['[    0.000000] Early memory node ranges\\r']\n",
      "host.server OUT: ['[    0.000000]   node   0: [mem 0x0000000000001000-0x000000000009efff]\\r']\n",
      "host.server OUT: ['[    0.000000]   node   0: [mem 0x0000000000100000-0x000000007ffddfff]\\r']\n",
      "host.server OUT: ['[    0.000000]   node   0: [mem 0x0000000100000000-0x000000027fffffff]\\r']\n",
      "host.server OUT: ['[    0.000000] Zeroed struct page in unavailable ranges: 132 pages\\r']\n",
      "host.server OUT: ['[    0.000000] Initmem setup node 0 [mem 0x0000000000001000-0x000000027fffffff]\\r']\n",
      "host.client OUT: ['[    0.000000] Zone ranges:\\r']\n",
      "host.client OUT: ['[    0.000000]   DMA      [mem 0x0000000000001000-0x0000000000ffffff]\\r']\n",
      "host.client OUT: ['[    0.000000]   DMA32    [mem 0x0000000001000000-0x00000000ffffffff]\\r']\n",
      "host.client OUT: ['[    0.000000]   Normal   [mem 0x0000000100000000-0x000000027fffffff]\\r']\n",
      "host.client OUT: ['[    0.000000] Movable zone start for each node\\r']\n",
      "host.client OUT: ['[    0.000000] Early memory node ranges\\r']\n",
      "host.client OUT: ['[    0.000000]   node   0: [mem 0x0000000000001000-0x000000000009efff]\\r']\n",
      "host.client OUT: ['[    0.000000]   node   0: [mem 0x0000000000100000-0x000000007ffddfff]\\r']\n",
      "host.client OUT: ['[    0.000000]   node   0: [mem 0x0000000100000000-0x000000027fffffff]\\r']\n",
      "host.client OUT: ['[    0.000000] Zeroed struct page in unavailable ranges: 132 pages\\r']\n",
      "host.client OUT: ['[    0.000000] Initmem setup node 0 [mem 0x0000000000001000-0x000000027fffffff]\\r']\n",
      "host.client OUT: ['[    0.000000] ACPI: PM-Timer IO Port: 0x608\\r']\n",
      "host.client OUT: ['[    0.000000] ACPI: LAPIC_NMI (acpi_id[0xff] dfl dfl lint[0x1])\\r']\n",
      "host.client OUT: ['[    0.000000] IOAPIC[0]: apic_id 0, version 32, address 0xfec00000, GSI 0-23\\r']\n",
      "host.client OUT: ['[    0.000000] ACPI: INT_SRC_OVR (bus 0 bus_irq 0 global_irq 2 dfl dfl)\\r']\n",
      "host.client OUT: ['[    0.000000] ACPI: INT_SRC_OVR (bus 0 bus_irq 5 global_irq 5 high level)\\r']\n",
      "host.client OUT: ['[    0.000000] ACPI: INT_SRC_OVR (bus 0 bus_irq 9 global_irq 9 high level)\\r']\n",
      "host.client OUT: ['[    0.000000] ACPI: INT_SRC_OVR (bus 0 bus_irq 10 global_irq 10 high level)\\r']\n",
      "host.client OUT: ['[    0.000000] ACPI: INT_SRC_OVR (bus 0 bus_irq 11 global_irq 11 high level)\\r']\n",
      "host.client OUT: ['[    0.000000] Using ACPI (MADT) for SMP configuration information\\r']\n",
      "host.client OUT: ['[    0.000000] ACPI: HPET id: 0x8086a201 base: 0xfed00000\\r']\n",
      "host.client OUT: ['[    0.000000] smpboot: Allowing 1 CPUs, 0 hotplug CPUs\\r']\n",
      "host.client OUT: ['[    0.000000] [mem 0xc0000000-0xfed1bfff] available for PCI devices\\r']\n",
      "host.client OUT: ['[    0.000000] Booting paravirtualized kernel on bare hardware\\r']\n",
      "host.client OUT: ['[    0.000000] clocksource: refined-jiffies: mask: 0xffffffff max_cycles: 0xffffffff, max_idle_ns: 1910969940391419 ns\\r']\n",
      "host.server OUT: ['[    0.000000] ACPI: PM-Timer IO Port: 0x608\\r']\n",
      "host.server OUT: ['[    0.000000] ACPI: LAPIC_NMI (acpi_id[0xff] dfl dfl lint[0x1])\\r']\n",
      "host.server OUT: ['[    0.000000] IOAPIC[0]: apic_id 0, version 32, address 0xfec00000, GSI 0-23\\r']\n",
      "host.server OUT: ['[    0.000000] ACPI: INT_SRC_OVR (bus 0 bus_irq 0 global_irq 2 dfl dfl)\\r']\n",
      "host.server OUT: ['[    0.000000] ACPI: INT_SRC_OVR (bus 0 bus_irq 5 global_irq 5 high level)\\r']\n",
      "host.server OUT: ['[    0.000000] ACPI: INT_SRC_OVR (bus 0 bus_irq 9 global_irq 9 high level)\\r']\n",
      "host.server OUT: ['[    0.000000] ACPI: INT_SRC_OVR (bus 0 bus_irq 10 global_irq 10 high level)\\r']\n",
      "host.server OUT: ['[    0.000000] ACPI: INT_SRC_OVR (bus 0 bus_irq 11 global_irq 11 high level)\\r']\n",
      "host.server OUT: ['[    0.000000] Using ACPI (MADT) for SMP configuration information\\r']\n",
      "host.server OUT: ['[    0.000000] ACPI: HPET id: 0x8086a201 base: 0xfed00000\\r']\n",
      "host.server OUT: ['[    0.000000] smpboot: Allowing 1 CPUs, 0 hotplug CPUs\\r']\n",
      "host.server OUT: ['[    0.000000] [mem 0xc0000000-0xfed1bfff] available for PCI devices\\r']\n",
      "host.server OUT: ['[    0.000000] Booting paravirtualized kernel on bare hardware\\r']\n",
      "host.server OUT: ['[    0.000000] clocksource: refined-jiffies: mask: 0xffffffff max_cycles: 0xffffffff, max_idle_ns: 1910969940391419 ns\\r']\n",
      "host.client OUT: ['[    0.000000] setup_percpu: NR_CPUS:8192 nr_cpumask_bits:1 nr_cpu_ids:1 nr_node_ids:1\\r']\n",
      "host.client OUT: ['[    0.000000] percpu: Embedded 49 pages/cpu s159768 r8192 d32744 u2097152\\r']\n",
      "host.client OUT: ['[    0.000000] Built 1 zonelists, mobility grouping on.  Total pages: 2068327\\r']\n",
      "host.client OUT: ['[    0.000000] Policy zone: Normal\\r']\n",
      "host.client OUT: ['[    0.000000] Kernel command line: earlyprintk=ttyS0 console=ttyS0 root=/dev/sda1 init=/home/ubuntu/guestinit.sh rw\\r']\n",
      "host.client OUT: ['[    0.000000] Dentry cache hash table entries: 1048576 (order: 11, 8388608 bytes, linear)\\r']\n",
      "host.server OUT: ['[    0.000000] setup_percpu: NR_CPUS:8192 nr_cpumask_bits:1 nr_cpu_ids:1 nr_node_ids:1\\r']\n",
      "host.client OUT: ['[    0.000000] Inode-cache hash table entries: 524288 (order: 10, 4194304 bytes, linear)\\r']\n",
      "host.server OUT: ['[    0.000000] percpu: Embedded 49 pages/cpu s159768 r8192 d32744 u2097152\\r']\n",
      "host.client OUT: ['[    0.000000] mem auto-init: stack:off, heap alloc:off, heap free:off\\r']\n",
      "host.server OUT: ['[    0.000000] Built 1 zonelists, mobility grouping on.  Total pages: 2068327\\r']\n",
      "host.server OUT: ['[    0.000000] Policy zone: Normal\\r']\n",
      "host.server OUT: ['[    0.000000] Kernel command line: earlyprintk=ttyS0 console=ttyS0 root=/dev/sda1 init=/home/ubuntu/guestinit.sh rw\\r']\n",
      "host.server OUT: ['[    0.000000] Dentry cache hash table entries: 1048576 (order: 11, 8388608 bytes, linear)\\r']\n",
      "host.server OUT: ['[    0.000000] Inode-cache hash table entries: 524288 (order: 10, 4194304 bytes, linear)\\r']\n",
      "host.server OUT: ['[    0.000000] mem auto-init: stack:off, heap alloc:off, heap free:off\\r']\n",
      "host.client OUT: ['[    0.000000] Memory: 8176252K/8388080K available (8194K kernel code, 1286K rwdata, 1980K rodata, 1912K init, 1580K bss, 211828K reserved, 0K cma-reserved)\\r']\n",
      "host.client OUT: ['[    0.000000] rcu: Hierarchical RCU implementation.\\r']\n",
      "host.client OUT: ['[    0.000000] rcu: \\tRCU restricting CPUs from NR_CPUS=8192 to nr_cpu_ids=1.\\r']\n",
      "host.client OUT: ['[    0.000000] rcu: RCU calculated value of scheduler-enlistment delay is 100 jiffies.\\r']\n",
      "host.client OUT: ['[    0.000000] rcu: Adjusting geometry for rcu_fanout_leaf=16, nr_cpu_ids=1\\r']\n",
      "host.client OUT: ['[    0.000000] NR_IRQS: 524544, nr_irqs: 256, preallocated irqs: 16\\r']\n",
      "host.client OUT: [\"[    0.000000] random: crng done (trusting CPU's manufacturer)\\r\"]\n",
      "host.client OUT: ['[    0.000000] Console: colour VGA+ 80x25\\r']\n",
      "host.client OUT: ['[    0.000000] printk: console [ttyS0] enabled\\r']\n",
      "host.client OUT: ['[    0.000000] printk: console [ttyS0] enabled\\r']\n",
      "host.client OUT: ['[    0.000000] printk: bootconsole [earlyser0] disabled\\r']\n",
      "host.client OUT: ['[    0.000000] printk: bootconsole [earlyser0] disabled\\r']\n",
      "host.client OUT: ['[    0.000000] ACPI: Core revision 20190816\\r']\n",
      "host.client OUT: ['[    0.000000] clocksource: hpet: mask: 0xffffffff max_cycles: 0xffffffff, max_idle_ns: 19112604467 ns\\r']\n",
      "host.client OUT: ['[    0.003000] APIC: Switch to symmetric I/O mode setup\\r']\n",
      "host.client OUT: ['[    0.017000] ..TIMER: vector=0x30 apic1=0 pin1=2 apic2=-1 pin2=-1\\r']\n",
      "host.client OUT: ['[    0.026000] tsc: Unable to calibrate against PIT\\r']\n",
      "host.client OUT: ['[    0.027000] tsc: using HPET reference calibration\\r']\n",
      "host.client OUT: ['[    0.028000] tsc: Detected 2108.761 MHz processor\\r']\n",
      "host.client OUT: ['[    0.000803] clocksource: tsc-early: mask: 0xffffffffffffffff max_cycles: 0x1e6584bab46, max_idle_ns: 440795257087 ns\\r']\n",
      "host.client OUT: ['[    0.002756] Calibrating delay loop (skipped), value calculated using timer frequency.. 4217.52 BogoMIPS (lpj=2108761)\\r']\n",
      "host.client OUT: ['[    0.004584] pid_max: default: 32768 minimum: 301\\r']\n",
      "host.client OUT: ['[    0.011244] Mount-cache hash table entries: 16384 (order: 5, 131072 bytes, linear)\\r']\n",
      "host.client OUT: ['[    0.012649] Mountpoint-cache hash table entries: 16384 (order: 5, 131072 bytes, linear)\\r']\n",
      "host.client OUT: ['[    0.075460] Last level iTLB entries: 4KB 0, 2MB 0, 4MB 0\\r']\n",
      "host.client OUT: ['[    0.078460] Last level dTLB entries: 4KB 0, 2MB 0, 4MB 0, 1GB 0\\r']\n",
      "host.client OUT: ['[    0.078460] Spectre V1 : Mitigation: usercopy/swapgs barriers and __user pointer sanitization\\r']\n",
      "host.client OUT: ['[    0.078460] Spectre V2 : Spectre mitigation: kernel not compiled with retpoline; no mitigation available!\\r']\n",
      "host.client OUT: ['[    0.078460] Speculative Store Bypass: Vulnerable\\r']\n",
      "host.client OUT: ['[    0.078907] MDS: Vulnerable: Clear CPU buffers attempted, no microcode\\r']\n",
      "host.server OUT: ['[    0.000000] Memory: 8176252K/8388080K available (8194K kernel code, 1286K rwdata, 1980K rodata, 1912K init, 1580K bss, 211828K reserved, 0K cma-reserved)\\r']\n",
      "my-simple-experiment: started host.client\n",
      "my-simple-experiment: started host.server\n",
      "my-simple-experiment: waiting for hosts to terminate\n",
      "host.server OUT: ['[    0.000000] rcu: Hierarchical RCU implementation.\\r']\n",
      "host.server OUT: ['[    0.000000] rcu: \\tRCU restricting CPUs from NR_CPUS=8192 to nr_cpu_ids=1.\\r']\n",
      "host.server OUT: ['[    0.000000] rcu: RCU calculated value of scheduler-enlistment delay is 100 jiffies.\\r']\n",
      "host.server OUT: ['[    0.000000] rcu: Adjusting geometry for rcu_fanout_leaf=16, nr_cpu_ids=1\\r']\n",
      "host.server OUT: ['[    0.000000] NR_IRQS: 524544, nr_irqs: 256, preallocated irqs: 16\\r']\n",
      "host.server OUT: [\"[    0.000000] random: crng done (trusting CPU's manufacturer)\\r\"]\n",
      "host.server OUT: ['[    0.000000] Console: colour VGA+ 80x25\\r']\n",
      "host.server OUT: ['[    0.000000] printk: console [ttyS0] enabled\\r']\n",
      "host.server OUT: ['[    0.000000] printk: console [ttyS0] enabled\\r']\n",
      "host.server OUT: ['[    0.000000] printk: bootconsole [earlyser0] disabled\\r']\n",
      "host.server OUT: ['[    0.000000] printk: bootconsole [earlyser0] disabled\\r']\n",
      "host.server OUT: ['[    0.000000] ACPI: Core revision 20190816\\r']\n",
      "host.client OUT: ['[    0.252460] Freeing SMP alternatives memory: 12K\\r']\n",
      "host.server OUT: ['[    0.000000] clocksource: hpet: mask: 0xffffffff max_cycles: 0xffffffff, max_idle_ns: 19112604467 ns\\r']\n",
      "host.server OUT: ['[    0.003000] APIC: Switch to symmetric I/O mode setup\\r']\n",
      "host.server OUT: ['[    0.014000] ..TIMER: vector=0x30 apic1=0 pin1=2 apic2=-1 pin2=-1\\r']\n",
      "host.server OUT: ['[    0.023000] tsc: Unable to calibrate against PIT\\r']\n",
      "host.client OUT: ['[    0.326460]  calibrated lapic_timer_period=998462\\r']\n",
      "host.client OUT: ['[    0.326460] smpboot: CPU0: Intel Xeon Processor (Skylake) (family: 0x6, model: 0x55, stepping: 0x4)\\r']\n",
      "host.server OUT: ['[    0.024000] tsc: using HPET reference calibration\\r']\n",
      "host.server OUT: ['[    0.024000] tsc: Detected 2108.071 MHz processor\\r']\n",
      "host.server OUT: ['[    0.002485] clocksource: tsc-early: mask: 0xffffffffffffffff max_cycles: 0x1e62f908b72, max_idle_ns: 440795306406 ns\\r']\n",
      "host.server OUT: ['[    0.007491] Calibrating delay loop (skipped), value calculated using timer frequency.. 4216.14 BogoMIPS (lpj=2108071)\\r']\n",
      "host.server OUT: ['[    0.008483] pid_max: default: 32768 minimum: 301\\r']\n",
      "host.server OUT: ['[    0.013531] Mount-cache hash table entries: 16384 (order: 5, 131072 bytes, linear)\\r']\n",
      "host.server OUT: ['[    0.015565] Mountpoint-cache hash table entries: 16384 (order: 5, 131072 bytes, linear)\\r']\n",
      "host.client OUT: ['[    0.337460] Performance Events: unsupported p6 CPU model 85 no PMU driver, software events only.\\r']\n",
      "host.client OUT: ['[    0.341460] rcu: Hierarchical SRCU implementation.\\r']\n",
      "host.client OUT: ['[    0.349493] smp: Bringing up secondary CPUs ...\\r']\n",
      "host.client OUT: ['[    0.350887] smp: Brought up 1 node, 1 CPU\\r']\n",
      "host.client OUT: ['[    0.353573] smpboot: Max logical packages: 1\\r']\n",
      "host.client OUT: ['[    0.354656] smpboot: Total of 1 processors activated (4217.52 BogoMIPS)\\r']\n",
      "host.server OUT: ['[    0.076275] Last level iTLB entries: 4KB 0, 2MB 0, 4MB 0\\r']\n",
      "host.server OUT: ['[    0.079452] Last level dTLB entries: 4KB 0, 2MB 0, 4MB 0, 1GB 0\\r']\n",
      "host.server OUT: ['[    0.081076] Spectre V1 : Mitigation: usercopy/swapgs barriers and __user pointer sanitization\\r']\n",
      "host.server OUT: ['[    0.082929] Spectre V2 : Spectre mitigation: kernel not compiled with retpoline; no mitigation available!\\r']\n",
      "host.server OUT: ['[    0.083211] Speculative Store Bypass: Vulnerable\\r']\n",
      "host.server OUT: ['[    0.084924] MDS: Vulnerable: Clear CPU buffers attempted, no microcode\\r']\n",
      "host.client OUT: ['[    0.399521] devtmpfs: initialized\\r']\n",
      "host.client OUT: ['[    0.422211] clocksource: jiffies: mask: 0xffffffff max_cycles: 0xffffffff, max_idle_ns: 1911260446275000 ns\\r']\n",
      "host.client OUT: ['[    0.425172] futex hash table entries: 256 (order: 2, 16384 bytes, linear)\\r']\n",
      "host.client OUT: ['[    0.441287] \\r']\n",
      "host.client OUT: ['[    0.441518] *************************************************************\\r']\n",
      "host.client OUT: ['[    0.442540] **     NOTICE NOTICE NOTICE NOTICE NOTICE NOTICE NOTICE    **\\r']\n",
      "host.client OUT: ['[    0.443528] **                                                         **\\r']\n",
      "host.client OUT: ['[    0.445635] **  IOMMU DebugFS SUPPORT HAS BEEN ENABLED IN THIS KERNEL  **\\r']\n",
      "host.client OUT: ['[    0.446568] **                                                         **\\r']\n",
      "host.client OUT: ['[    0.447605] ** This means that this kernel is built to expose internal **\\r']\n",
      "host.client OUT: ['[    0.448564] ** IOMMU data structures, which may compromise security on **\\r']\n",
      "host.client OUT: ['[    0.449582] ** your system.                                            **\\r']\n",
      "host.client OUT: ['[    0.450132] **                                                         **\\r']\n",
      "host.client OUT: ['[    0.450526] ** If you see this message and you are not debugging the   **\\r']\n",
      "host.client OUT: ['[    0.451494] ** kernel, report this immediately to your vendor!         **\\r']\n",
      "host.client OUT: ['[    0.452022] **                                                         **\\r']\n",
      "host.client OUT: ['[    0.452910] **     NOTICE NOTICE NOTICE NOTICE NOTICE NOTICE NOTICE    **\\r']\n",
      "host.client OUT: ['[    0.453506] *************************************************************\\r']\n",
      "host.client OUT: ['[    0.492713] NET: Registered protocol family 16\\r']\n",
      "host.client OUT: ['[    0.502623] audit: initializing netlink subsys (disabled)\\r']\n",
      "host.client OUT: ['[    0.520452] cpuidle: using governor ladder\\r']\n",
      "host.client OUT: ['[    0.524874] ACPI: bus type PCI registered\\r']\n",
      "host.client OUT: ['[    0.526558] acpiphp: ACPI Hot Plug PCI Controller Driver version: 0.5\\r']\n",
      "host.client OUT: ['[    0.531005] PCI: MMCONFIG for domain 0000 [bus 00-ff] at [mem 0xb0000000-0xbfffffff] (base 0xb0000000)\\r']\n",
      "host.client OUT: ['[    0.533198] PCI: MMCONFIG at [mem 0xb0000000-0xbfffffff] reserved in E820\\r']\n",
      "host.client OUT: ['[    0.539662] PCI: Using configuration type 1 for base access\\r']\n",
      "host.server OUT: ['[    0.319917] Freeing SMP alternatives memory: 12K\\r']\n",
      "host.client OUT: ['[    0.596208] audit: type=2000 audit(1652092084.537:1): state=initialized audit_enabled=0 res=1\\r']\n",
      "host.server OUT: ['[    0.461457]  calibrated lapic_timer_period=998140\\r']\n",
      "host.server OUT: ['[    0.462275] smpboot: CPU0: Intel Xeon Processor (Skylake) (family: 0x6, model: 0x55, stepping: 0x4)\\r']\n",
      "host.server OUT: ['[    0.487275] Performance Events: unsupported p6 CPU model 85 no PMU driver, software events only.\\r']\n",
      "host.server OUT: ['[    0.487275] rcu: Hierarchical SRCU implementation.\\r']\n",
      "host.client OUT: ['[    0.755994] HugeTLB registered 1.00 GiB page size, pre-allocated 0 pages\\r']\n",
      "host.client OUT: ['[    0.756529] HugeTLB registered 2.00 MiB page size, pre-allocated 0 pages\\r']\n",
      "host.server OUT: ['[    0.497526] smp: Bringing up secondary CPUs ...\\r']\n",
      "host.server OUT: ['[    0.498275] smp: Brought up 1 node, 1 CPU\\r']\n",
      "host.server OUT: ['[    0.498275] smpboot: Max logical packages: 1\\r']\n",
      "host.server OUT: ['[    0.498275] smpboot: Total of 1 processors activated (4216.14 BogoMIPS)\\r']\n",
      "host.server OUT: ['[    0.555837] devtmpfs: initialized\\r']\n",
      "host.client OUT: ['[    0.826224] ACPI: Added _OSI(Module Device)\\r']\n",
      "host.client OUT: ['[    0.826817] ACPI: Added _OSI(Processor Device)\\r']\n",
      "host.client OUT: ['[    0.827161] ACPI: Added _OSI(3.0 _SCP Extensions)\\r']\n",
      "host.client OUT: ['[    0.827460] ACPI: Added _OSI(Processor Aggregator Device)\\r']\n",
      "host.client OUT: ['[    0.827460] ACPI: Added _OSI(Linux-Dell-Video)\\r']\n",
      "host.client OUT: ['[    0.827460] ACPI: Added _OSI(Linux-Lenovo-NV-HDMI-Audio)\\r']\n",
      "host.client OUT: ['[    0.827460] ACPI: Added _OSI(Linux-HPI-Hybrid-Graphics)\\r']\n",
      "host.server OUT: ['[    0.589275] clocksource: jiffies: mask: 0xffffffff max_cycles: 0xffffffff, max_idle_ns: 1911260446275000 ns\\r']\n",
      "host.server OUT: ['[    0.591457] futex hash table entries: 256 (order: 2, 16384 bytes, linear)\\r']\n",
      "host.server OUT: ['[    0.607758] \\r']\n",
      "host.server OUT: ['[    0.608340] *************************************************************\\r']\n",
      "host.server OUT: ['[    0.609319] **     NOTICE NOTICE NOTICE NOTICE NOTICE NOTICE NOTICE    **\\r']\n",
      "host.server OUT: ['[    0.609775] **                                                         **\\r']\n",
      "host.server OUT: ['[    0.610352] **  IOMMU DebugFS SUPPORT HAS BEEN ENABLED IN THIS KERNEL  **\\r']\n",
      "host.server OUT: ['[    0.611369] **                                                         **\\r']\n",
      "host.server OUT: ['[    0.611850] ** This means that this kernel is built to expose internal **\\r']\n",
      "host.server OUT: ['[    0.612341] ** IOMMU data structures, which may compromise security on **\\r']\n",
      "host.server OUT: ['[    0.613307] ** your system.                                            **\\r']\n",
      "host.server OUT: ['[    0.613852] **                                                         **\\r']\n",
      "host.server OUT: ['[    0.614327] ** If you see this message and you are not debugging the   **\\r']\n",
      "host.server OUT: ['[    0.615362] ** kernel, report this immediately to your vendor!         **\\r']\n",
      "host.server OUT: ['[    0.615811] **                                                         **\\r']\n",
      "host.server OUT: ['[    0.616326] **     NOTICE NOTICE NOTICE NOTICE NOTICE NOTICE NOTICE    **\\r']\n",
      "host.server OUT: ['[    0.617338] *************************************************************\\r']\n",
      "host.server OUT: ['[    0.657897] NET: Registered protocol family 16\\r']\n",
      "host.server OUT: ['[    0.668097] audit: initializing netlink subsys (disabled)\\r']\n",
      "host.client OUT: ['[    0.909667] ACPI: 1 ACPI AML tables successfully acquired and loaded\\r']\n",
      "host.server OUT: ['[    0.685574] cpuidle: using governor ladder\\r']\n",
      "host.server OUT: ['[    0.690788] ACPI: bus type PCI registered\\r']\n",
      "host.server OUT: ['[    0.691567] acpiphp: ACPI Hot Plug PCI Controller Driver version: 0.5\\r']\n",
      "host.server OUT: ['[    0.696275] PCI: MMCONFIG for domain 0000 [bus 00-ff] at [mem 0xb0000000-0xbfffffff] (base 0xb0000000)\\r']\n",
      "host.server OUT: ['[    0.699682] PCI: MMCONFIG at [mem 0xb0000000-0xbfffffff] reserved in E820\\r']\n",
      "host.server OUT: ['[    0.705381] PCI: Using configuration type 1 for base access\\r']\n",
      "host.client OUT: ['[    0.958958] ACPI: Interpreter enabled\\r']\n",
      "host.client OUT: ['[    0.960730] ACPI: (supports S0 S5)\\r']\n",
      "host.client OUT: ['[    0.961145] ACPI: Using IOAPIC for interrupt routing\\r']\n",
      "host.client OUT: ['[    0.966777] PCI: Using host bridge windows from ACPI; if necessary, use \"pci=nocrs\" and report a bug\\r']\n",
      "host.client OUT: ['[    0.976276] ACPI: Enabled 1 GPEs in block 00 to 3F\\r']\n",
      "host.server OUT: ['[    0.779612] audit: type=2000 audit(1652092085.695:1): state=initialized audit_enabled=0 res=1\\r']\n",
      "host.client OUT: ['[    1.097187] ACPI: PCI Root Bridge [PCI0] (domain 0000 [bus 00-ff])\\r']\n",
      "host.client OUT: ['[    1.099694] acpi PNP0A08:00: _OSC: OS supports [ExtendedConfig ASPM ClockPM Segments MSI HPX-Type3]\\r']\n",
      "host.client OUT: ['[    1.106795] acpi PNP0A08:00: _OSC: platform does not support [LTR]\\r']\n",
      "host.client OUT: ['[    1.111498] acpi PNP0A08:00: _OSC: OS now controls [PCIeHotplug PME AER PCIeCapability]\\r']\n",
      "host.client OUT: ['[    1.125348] PCI host bridge to bus 0000:00\\r']\n",
      "host.client OUT: ['[    1.125803] pci_bus 0000:00: root bus resource [io  0x0000-0x0cf7 window]\\r']\n",
      "host.client OUT: ['[    1.126427] pci_bus 0000:00: root bus resource [io  0x0d00-0xffff window]\\r']\n",
      "host.client OUT: ['[    1.126544] pci_bus 0000:00: root bus resource [mem 0x000a0000-0x000bffff window]\\r']\n",
      "host.client OUT: ['[    1.127030] pci_bus 0000:00: root bus resource [mem 0x80000000-0xafffffff window]\\r']\n",
      "host.client OUT: ['[    1.127460] pci_bus 0000:00: root bus resource [mem 0xc0000000-0xfebfffff window]\\r']\n",
      "host.client OUT: ['[    1.128558] pci_bus 0000:00: root bus resource [mem 0x280000000-0xa7fffffff window]\\r']\n",
      "host.client OUT: ['[    1.131517] pci_bus 0000:00: root bus resource [bus 00-ff]\\r']\n",
      "host.client OUT: ['[    1.134668] pci 0000:00:00.0: [8086:29c0] type 00 class 0x060000\\r']\n",
      "host.client OUT: ['[    1.146905] pci 0000:00:01.0: [1234:1111] type 00 class 0x030000\\r']\n",
      "host.client OUT: ['[    1.151157] pci 0000:00:01.0: reg 0x10: [mem 0xfd000000-0xfdffffff pref]\\r']\n",
      "host.client OUT: ['[    1.154649] pci 0000:00:01.0: reg 0x18: [mem 0xfe818000-0xfe818fff]\\r']\n",
      "host.client OUT: ['[    1.163570] pci 0000:00:01.0: reg 0x30: [mem 0xfe800000-0xfe80ffff pref]\\r']\n",
      "host.client OUT: ['[    1.168713] pci 0000:00:02.0: [8086:1583] type 00 class 0x020000\\r']\n",
      "host.client OUT: ['[    1.170614] pci 0000:00:02.0: reg 0x10: [mem 0xfe400000-0xfe7fffff 64bit]\\r']\n",
      "host.client OUT: ['[    1.172591] pci 0000:00:02.0: reg 0x18: [io  0xc040-0xc05f]\\r']\n",
      "host.client OUT: ['[    1.176460] pci 0000:00:02.0: reg 0x1c: [mem 0xfe810000-0xfe817fff 64bit]\\r']\n",
      "host.client OUT: ['[    1.181162] pci 0000:00:1f.0: [8086:2918] type 00 class 0x060100\\r']\n",
      "host.client OUT: ['[    1.182770] pci 0000:00:1f.0: quirk: [io  0x0600-0x067f] claimed by ICH6 ACPI/GPIO/TCO\\r']\n",
      "host.client OUT: ['[    1.187186] pci 0000:00:1f.2: [8086:2922] type 00 class 0x010601\\r']\n",
      "host.server OUT: ['[    1.008049] HugeTLB registered 1.00 GiB page size, pre-allocated 0 pages\\r']\n",
      "host.server OUT: ['[    1.008350] HugeTLB registered 2.00 MiB page size, pre-allocated 0 pages\\r']\n",
      "host.client OUT: ['[    1.198571] pci 0000:00:1f.2: reg 0x20: [io  0xc060-0xc07f]\\r']\n",
      "host.client OUT: ['[    1.201577] pci 0000:00:1f.2: reg 0x24: [mem 0xfe819000-0xfe819fff]\\r']\n",
      "host.client OUT: ['[    1.206855] pci 0000:00:1f.3: [8086:2930] type 00 class 0x0c0500\\r']\n",
      "host.client OUT: ['[    1.213854] pci 0000:00:1f.3: reg 0x20: [io  0x0700-0x073f]\\r']\n",
      "host.client OUT: ['[    1.229804] ACPI: PCI Interrupt Link [LNKA] (IRQs 5 *10 11)\\r']\n",
      "host.client OUT: ['[    1.234530] ACPI: PCI Interrupt Link [LNKB] (IRQs 5 *10 11)\\r']\n",
      "host.client OUT: ['[    1.237863] ACPI: PCI Interrupt Link [LNKC] (IRQs 5 10 *11)\\r']\n",
      "host.client OUT: ['[    1.239190] ACPI: PCI Interrupt Link [LNKD] (IRQs 5 10 *11)\\r']\n",
      "host.client OUT: ['[    1.240066] ACPI: PCI Interrupt Link [LNKE] (IRQs 5 *10 11)\\r']\n",
      "host.client OUT: ['[    1.240684] ACPI: PCI Interrupt Link [LNKF] (IRQs 5 *10 11)\\r']\n",
      "host.client OUT: ['[    1.242983] ACPI: PCI Interrupt Link [LNKG] (IRQs 5 10 *11)\\r']\n",
      "host.client OUT: ['[    1.244740] ACPI: PCI Interrupt Link [LNKH] (IRQs 5 10 *11)\\r']\n",
      "host.client OUT: ['[    1.245460] ACPI: PCI Interrupt Link [GSIA] (IRQs *16)\\r']\n",
      "host.client OUT: ['[    1.246753] ACPI: PCI Interrupt Link [GSIB] (IRQs *17)\\r']\n",
      "host.client OUT: ['[    1.247514] ACPI: PCI Interrupt Link [GSIC] (IRQs *18)\\r']\n",
      "host.client OUT: ['[    1.249599] ACPI: PCI Interrupt Link [GSID] (IRQs *19)\\r']\n",
      "host.client OUT: ['[    1.250636] ACPI: PCI Interrupt Link [GSIE] (IRQs *20)\\r']\n",
      "host.client OUT: ['[    1.252719] ACPI: PCI Interrupt Link [GSIF] (IRQs *21)\\r']\n",
      "host.client OUT: ['[    1.253642] ACPI: PCI Interrupt Link [GSIG] (IRQs *22)\\r']\n",
      "host.client OUT: ['[    1.254352] ACPI: PCI Interrupt Link [GSIH] (IRQs *23)\\r']\n",
      "host.server OUT: ['[    1.063701] ACPI: Added _OSI(Module Device)\\r']\n",
      "host.server OUT: ['[    1.064407] ACPI: Added _OSI(Processor Device)\\r']\n",
      "host.server OUT: ['[    1.065327] ACPI: Added _OSI(3.0 _SCP Extensions)\\r']\n",
      "host.server OUT: ['[    1.065691] ACPI: Added _OSI(Processor Aggregator Device)\\r']\n",
      "host.server OUT: ['[    1.066215] ACPI: Added _OSI(Linux-Dell-Video)\\r']\n",
      "host.server OUT: ['[    1.067361] ACPI: Added _OSI(Linux-Lenovo-NV-HDMI-Audio)\\r']\n",
      "host.server OUT: ['[    1.068161] ACPI: Added _OSI(Linux-HPI-Hybrid-Graphics)\\r']\n",
      "host.client OUT: ['[    1.265221] iommu: Default domain type: Translated \\r']\n",
      "host.server OUT: ['[    1.144358] ACPI: 1 ACPI AML tables successfully acquired and loaded\\r']\n",
      "host.client OUT: ['[    1.343460] pci 0000:00:01.0: vgaarb: setting as boot VGA device\\r']\n",
      "host.client OUT: ['[    1.343460] pci 0000:00:01.0: vgaarb: VGA device added: decodes=io+mem,owns=io+mem,locks=none\\r']\n",
      "host.client OUT: ['[    1.343754] pci 0000:00:01.0: vgaarb: bridge control possible\\r']\n",
      "host.client OUT: ['[    1.344416] vgaarb: loaded\\r']\n",
      "host.client OUT: ['[    1.349880] SCSI subsystem initialized\\r']\n",
      "host.client OUT: ['[    1.359658] pps_core: LinuxPPS API ver. 1 registered\\r']\n",
      "host.client OUT: ['[    1.360036] pps_core: Software ver. 5.3.6 - Copyright 2005-2007 Rodolfo Giometti <giometti@linux.it>\\r']\n",
      "host.client OUT: ['[    1.360460] PTP clock support registered\\r']\n",
      "host.client OUT: ['[    1.365018] PCI: Using ACPI for IRQ routing\\r']\n",
      "host.server OUT: ['[    1.181801] ACPI: Interpreter enabled\\r']\n",
      "host.server OUT: ['[    1.184840] ACPI: (supports S0 S5)\\r']\n",
      "host.server OUT: ['[    1.185330] ACPI: Using IOAPIC for interrupt routing\\r']\n",
      "host.client OUT: ['[    1.402519] hpet0: at MMIO 0xfed00000, IRQs 2, 8, 0\\r']\n",
      "host.client OUT: ['[    1.403183] hpet0: 3 comparators, 64-bit 100.000000 MHz counter\\r']\n",
      "host.server OUT: ['[    1.191024] PCI: Using host bridge windows from ACPI; if necessary, use \"pci=nocrs\" and report a bug\\r']\n",
      "host.server OUT: ['[    1.200275] ACPI: Enabled 1 GPEs in block 00 to 3F\\r']\n",
      "host.client OUT: ['[    1.423451] clocksource: Switched to clocksource tsc-early\\r']\n",
      "host.server OUT: ['[    1.285009] ACPI: PCI Root Bridge [PCI0] (domain 0000 [bus 00-ff])\\r']\n",
      "host.server OUT: ['[    1.286850] acpi PNP0A08:00: _OSC: OS supports [ExtendedConfig ASPM ClockPM Segments MSI HPX-Type3]\\r']\n",
      "host.server OUT: ['[    1.294473] acpi PNP0A08:00: _OSC: platform does not support [LTR]\\r']\n",
      "host.server OUT: ['[    1.298852] acpi PNP0A08:00: _OSC: OS now controls [PCIeHotplug PME AER PCIeCapability]\\r']\n",
      "host.server OUT: ['[    1.312512] PCI host bridge to bus 0000:00\\r']\n",
      "host.server OUT: ['[    1.313662] pci_bus 0000:00: root bus resource [io  0x0000-0x0cf7 window]\\r']\n",
      "host.server OUT: ['[    1.314406] pci_bus 0000:00: root bus resource [io  0x0d00-0xffff window]\\r']\n",
      "host.server OUT: ['[    1.315330] pci_bus 0000:00: root bus resource [mem 0x000a0000-0x000bffff window]\\r']\n",
      "host.server OUT: ['[    1.315780] pci_bus 0000:00: root bus resource [mem 0x80000000-0xafffffff window]\\r']\n",
      "host.server OUT: ['[    1.316339] pci_bus 0000:00: root bus resource [mem 0xc0000000-0xfebfffff window]\\r']\n",
      "host.server OUT: ['[    1.317327] pci_bus 0000:00: root bus resource [mem 0x280000000-0xa7fffffff window]\\r']\n",
      "host.server OUT: ['[    1.318660] pci_bus 0000:00: root bus resource [bus 00-ff]\\r']\n",
      "host.server OUT: ['[    1.321867] pci 0000:00:00.0: [8086:29c0] type 00 class 0x060000\\r']\n",
      "host.server OUT: ['[    1.332877] pci 0000:00:01.0: [1234:1111] type 00 class 0x030000\\r']\n",
      "host.server OUT: ['[    1.335867] pci 0000:00:01.0: reg 0x10: [mem 0xfd000000-0xfdffffff pref]\\r']\n",
      "host.server OUT: ['[    1.340404] pci 0000:00:01.0: reg 0x18: [mem 0xfe818000-0xfe818fff]\\r']\n",
      "host.server OUT: ['[    1.348386] pci 0000:00:01.0: reg 0x30: [mem 0xfe800000-0xfe80ffff pref]\\r']\n",
      "host.server OUT: ['[    1.353532] pci 0000:00:02.0: [8086:1583] type 00 class 0x020000\\r']\n",
      "host.server OUT: ['[    1.356423] pci 0000:00:02.0: reg 0x10: [mem 0xfe400000-0xfe7fffff 64bit]\\r']\n",
      "host.client OUT: ['[    1.727853] VFS: Disk quotas dquot_6.6.0\\r']\n",
      "host.client OUT: ['[    1.729026] VFS: Dquot-cache hash table entries: 512 (order 0, 4096 bytes)\\r']\n",
      "host.server OUT: ['[    1.360820] pci 0000:00:02.0: reg 0x18: [io  0xc040-0xc05f]\\r']\n",
      "host.client OUT: ['[    1.738189] pnp: PnP ACPI init\\r']\n",
      "host.server OUT: ['[    1.363485] pci 0000:00:02.0: reg 0x1c: [mem 0xfe810000-0xfe817fff 64bit]\\r']\n",
      "host.client OUT: ['[    1.755142] pnp: PnP ACPI: found 5 devices\\r']\n",
      "host.server OUT: ['[    1.372496] pci 0000:00:1f.0: [8086:2918] type 00 class 0x060100\\r']\n",
      "host.server OUT: ['[    1.374813] pci 0000:00:1f.0: quirk: [io  0x0600-0x067f] claimed by ICH6 ACPI/GPIO/TCO\\r']\n",
      "host.server OUT: ['[    1.377947] pci 0000:00:1f.2: [8086:2922] type 00 class 0x010601\\r']\n",
      "host.server OUT: ['[    1.388438] pci 0000:00:1f.2: reg 0x20: [io  0xc060-0xc07f]\\r']\n",
      "host.server OUT: ['[    1.394378] pci 0000:00:1f.2: reg 0x24: [mem 0xfe819000-0xfe819fff]\\r']\n",
      "host.server OUT: ['[    1.398465] pci 0000:00:1f.3: [8086:2930] type 00 class 0x0c0500\\r']\n",
      "host.server OUT: ['[    1.405927] pci 0000:00:1f.3: reg 0x20: [io  0x0700-0x073f]\\r']\n",
      "host.server OUT: ['[    1.421905] ACPI: PCI Interrupt Link [LNKA] (IRQs 5 *10 11)\\r']\n",
      "host.server OUT: ['[    1.425859] ACPI: PCI Interrupt Link [LNKB] (IRQs 5 *10 11)\\r']\n",
      "host.server OUT: ['[    1.428959] ACPI: PCI Interrupt Link [LNKC] (IRQs 5 10 *11)\\r']\n",
      "host.server OUT: ['[    1.433322] ACPI: PCI Interrupt Link [LNKD] (IRQs 5 10 *11)\\r']\n",
      "host.server OUT: ['[    1.439396] ACPI: PCI Interrupt Link [LNKE] (IRQs 5 *10 11)\\r']\n",
      "host.server OUT: ['[    1.445750] ACPI: PCI Interrupt Link [LNKF] (IRQs 5 *10 11)\\r']\n",
      "host.server OUT: ['[    1.450796] ACPI: PCI Interrupt Link [LNKG] (IRQs 5 10 *11)\\r']\n",
      "host.server OUT: ['[    1.454275] ACPI: PCI Interrupt Link [LNKH] (IRQs 5 10 *11)\\r']\n",
      "host.server OUT: ['[    1.455674] ACPI: PCI Interrupt Link [GSIA] (IRQs *16)\\r']\n",
      "host.server OUT: ['[    1.458440] ACPI: PCI Interrupt Link [GSIB] (IRQs *17)\\r']\n",
      "host.server OUT: ['[    1.459480] ACPI: PCI Interrupt Link [GSIC] (IRQs *18)\\r']\n",
      "host.server OUT: ['[    1.460270] ACPI: PCI Interrupt Link [GSID] (IRQs *19)\\r']\n",
      "host.server OUT: ['[    1.460428] ACPI: PCI Interrupt Link [GSIE] (IRQs *20)\\r']\n",
      "host.server OUT: ['[    1.461770] ACPI: PCI Interrupt Link [GSIF] (IRQs *21)\\r']\n",
      "host.server OUT: ['[    1.462784] ACPI: PCI Interrupt Link [GSIG] (IRQs *22)\\r']\n",
      "host.server OUT: ['[    1.464708] ACPI: PCI Interrupt Link [GSIH] (IRQs *23)\\r']\n",
      "host.server OUT: ['[    1.473667] iommu: Default domain type: Translated \\r']\n",
      "host.client OUT: [\"[    1.972711] thermal_sys: Registered thermal governor 'step_wise'\\r\"]\n",
      "host.client OUT: [\"[    1.972711] thermal_sys: Registered thermal governor 'user_space'\\r\"]\n",
      "host.client OUT: ['[    1.988114] clocksource: acpi_pm: mask: 0xffffff max_cycles: 0xffffff, max_idle_ns: 2085701024 ns\\r']\n",
      "host.client OUT: ['[    2.011767] pci_bus 0000:00: resource 4 [io  0x0000-0x0cf7 window]\\r']\n",
      "host.client OUT: ['[    2.025375] pci_bus 0000:00: resource 5 [io  0x0d00-0xffff window]\\r']\n",
      "host.client OUT: ['[    2.029981] pci_bus 0000:00: resource 6 [mem 0x000a0000-0x000bffff window]\\r']\n",
      "host.client OUT: ['[    2.033364] pci_bus 0000:00: resource 7 [mem 0x80000000-0xafffffff window]\\r']\n",
      "host.client OUT: ['[    2.034299] pci_bus 0000:00: resource 8 [mem 0xc0000000-0xfebfffff window]\\r']\n",
      "host.server OUT: ['[    1.560142] pci 0000:00:01.0: vgaarb: setting as boot VGA device\\r']\n",
      "host.client OUT: ['[    2.034299] pci_bus 0000:00: resource 9 [mem 0x280000000-0xa7fffffff window]\\r']\n",
      "host.server OUT: ['[    1.560275] pci 0000:00:01.0: vgaarb: VGA device added: decodes=io+mem,owns=io+mem,locks=none\\r']\n",
      "host.server OUT: ['[    1.561395] pci 0000:00:01.0: vgaarb: bridge control possible\\r']\n",
      "host.server OUT: ['[    1.562391] vgaarb: loaded\\r']\n",
      "host.server OUT: ['[    1.569254] SCSI subsystem initialized\\r']\n",
      "host.client OUT: ['[    2.051234] NET: Registered protocol family 2\\r']\n",
      "host.server OUT: ['[    1.586865] pps_core: LinuxPPS API ver. 1 registered\\r']\n",
      "host.server OUT: ['[    1.587332] pps_core: Software ver. 5.3.6 - Copyright 2005-2007 Rodolfo Giometti <giometti@linux.it>\\r']\n",
      "host.server OUT: ['[    1.590781] PTP clock support registered\\r']\n",
      "host.server OUT: ['[    1.594920] PCI: Using ACPI for IRQ routing\\r']\n",
      "host.client OUT: ['[    2.082996] tcp_listen_portaddr_hash hash table entries: 4096 (order: 4, 65536 bytes, linear)\\r']\n",
      "host.client OUT: ['[    2.095905] TCP established hash table entries: 65536 (order: 7, 524288 bytes, linear)\\r']\n",
      "host.client OUT: ['[    2.107518] TCP bind hash table entries: 65536 (order: 8, 1048576 bytes, linear)\\r']\n",
      "host.client OUT: ['[    2.117134] TCP: Hash tables configured (established 65536 bind 65536)\\r']\n",
      "host.client OUT: ['[    2.132246] UDP hash table entries: 4096 (order: 5, 131072 bytes, linear)\\r']\n",
      "host.server OUT: ['[    1.648362] hpet0: at MMIO 0xfed00000, IRQs 2, 8, 0\\r']\n",
      "host.server OUT: ['[    1.649011] hpet0: 3 comparators, 64-bit 100.000000 MHz counter\\r']\n",
      "host.client OUT: ['[    2.140870] UDP-Lite hash table entries: 4096 (order: 5, 131072 bytes, linear)\\r']\n",
      "host.client OUT: ['[    2.152769] NET: Registered protocol family 1\\r']\n",
      "host.client OUT: ['[    2.158993] pci 0000:00:01.0: Video device with shadowed ROM at [mem 0x000c0000-0x000dffff]\\r']\n",
      "host.server OUT: ['[    1.681881] clocksource: Switched to clocksource tsc-early\\r']\n",
      "host.client OUT: ['[    2.163350] PCI: CLS 0 bytes, default 64\\r']\n",
      "host.client OUT: ['[    2.194269] PCI-DMA: Using software bounce buffering for IO (SWIOTLB)\\r']\n",
      "host.client OUT: ['[    2.204204] software IO TLB: mapped [mem 0x7bfde000-0x7ffde000] (64MB)\\r']\n",
      "host.client OUT: ['[    2.266394] workingset: timestamp_bits=52 max_order=21 bucket_order=0\\r']\n",
      "host.client OUT: ['[    2.279414] fuse: init (API version 7.31)\\r']\n",
      "host.client OUT: ['[    2.360434] Block layer SCSI generic (bsg) driver version 0.4 loaded (major 252)\\r']\n",
      "host.client OUT: ['[    2.364386] io scheduler mq-deadline registered\\r']\n",
      "host.client OUT: ['[    2.377246] io scheduler kyber registered\\r']\n",
      "host.client OUT: ['[    2.412539] acpiphp_ibm: ibm_acpiphp_init: acpi_walk_namespace failed\\r']\n",
      "host.client OUT: ['[    2.436421] Serial: 8250/16550 driver, 4 ports, IRQ sharing disabled\\r']\n",
      "host.client OUT: ['[    2.488968] 00:03: ttyS0 at I/O 0x3f8 (irq = 4, base_baud = 115200) is a 16550A\\r']\n",
      "host.client OUT: ['[    2.539119] Linux agpgart interface v0.103\\r']\n",
      "host.server OUT: ['[    2.084572] VFS: Disk quotas dquot_6.6.0\\r']\n",
      "host.server OUT: ['[    2.086900] VFS: Dquot-cache hash table entries: 512 (order 0, 4096 bytes)\\r']\n",
      "host.server OUT: ['[    2.095632] pnp: PnP ACPI init\\r']\n",
      "host.server OUT: ['[    2.122773] pnp: PnP ACPI: found 5 devices\\r']\n",
      "host.server OUT: [\"[    2.262285] thermal_sys: Registered thermal governor 'step_wise'\\r\"]\n",
      "host.server OUT: [\"[    2.262651] thermal_sys: Registered thermal governor 'user_space'\\r\"]\n",
      "host.server OUT: ['[    2.268961] clocksource: acpi_pm: mask: 0xffffff max_cycles: 0xffffff, max_idle_ns: 2085701024 ns\\r']\n",
      "host.server OUT: ['[    2.294048] pci_bus 0000:00: resource 4 [io  0x0000-0x0cf7 window]\\r']\n",
      "host.server OUT: ['[    2.295308] pci_bus 0000:00: resource 5 [io  0x0d00-0xffff window]\\r']\n",
      "host.server OUT: ['[    2.295743] pci_bus 0000:00: resource 6 [mem 0x000a0000-0x000bffff window]\\r']\n",
      "host.server OUT: ['[    2.296228] pci_bus 0000:00: resource 7 [mem 0x80000000-0xafffffff window]\\r']\n",
      "host.server OUT: ['[    2.297819] pci_bus 0000:00: resource 8 [mem 0xc0000000-0xfebfffff window]\\r']\n",
      "host.server OUT: ['[    2.298348] pci_bus 0000:00: resource 9 [mem 0x280000000-0xa7fffffff window]\\r']\n",
      "host.server OUT: ['[    2.304652] NET: Registered protocol family 2\\r']\n",
      "host.server OUT: ['[    2.319404] tcp_listen_portaddr_hash hash table entries: 4096 (order: 4, 65536 bytes, linear)\\r']\n",
      "host.server OUT: ['[    2.319525] TCP established hash table entries: 65536 (order: 7, 524288 bytes, linear)\\r']\n",
      "host.server OUT: ['[    2.325476] TCP bind hash table entries: 65536 (order: 8, 1048576 bytes, linear)\\r']\n",
      "host.server OUT: ['[    2.330304] TCP: Hash tables configured (established 65536 bind 65536)\\r']\n",
      "host.server OUT: ['[    2.337715] UDP hash table entries: 4096 (order: 5, 131072 bytes, linear)\\r']\n",
      "host.server OUT: ['[    2.340210] UDP-Lite hash table entries: 4096 (order: 5, 131072 bytes, linear)\\r']\n",
      "host.server OUT: ['[    2.344501] NET: Registered protocol family 1\\r']\n",
      "host.server OUT: ['[    2.346888] pci 0000:00:01.0: Video device with shadowed ROM at [mem 0x000c0000-0x000dffff]\\r']\n",
      "host.server OUT: ['[    2.348849] PCI: CLS 0 bytes, default 64\\r']\n",
      "host.client OUT: ['[    2.831526] brd: module loaded\\r']\n",
      "host.server OUT: ['[    2.363908] PCI-DMA: Using software bounce buffering for IO (SWIOTLB)\\r']\n",
      "host.server OUT: ['[    2.364426] software IO TLB: mapped [mem 0x7bfde000-0x7ffde000] (64MB)\\r']\n",
      "host.server OUT: ['[    2.402172] workingset: timestamp_bits=52 max_order=21 bucket_order=0\\r']\n",
      "host.server OUT: ['[    2.414335] fuse: init (API version 7.31)\\r']\n",
      "host.client OUT: ['[    2.949348] loop: module loaded\\r']\n",
      "host.server OUT: ['[    2.462226] Block layer SCSI generic (bsg) driver version 0.4 loaded (major 252)\\r']\n",
      "host.server OUT: ['[    2.462296] io scheduler mq-deadline registered\\r']\n",
      "host.server OUT: ['[    2.462296] io scheduler kyber registered\\r']\n",
      "host.client OUT: ['[    2.949557] Loading iSCSI transport class v2.0-870.\\r']\n",
      "host.client OUT: ['[    2.985409] PCI Interrupt Link [GSIA] enabled at IRQ 16\\r']\n",
      "host.server OUT: ['[    2.498243] acpiphp_ibm: ibm_acpiphp_init: acpi_walk_namespace failed\\r']\n",
      "host.client OUT: ['[    2.999108] ahci 0000:00:1f.2: AHCI 0001.0000 32 slots 6 ports 1.5 Gbps 0x3f impl SATA mode\\r']\n",
      "host.client OUT: ['[    2.999108] ahci 0000:00:1f.2: flags: 64bit ncq only \\r']\n",
      "host.server OUT: ['[    2.527998] Serial: 8250/16550 driver, 4 ports, IRQ sharing disabled\\r']\n",
      "host.server OUT: ['[    2.568194] 00:03: ttyS0 at I/O 0x3f8 (irq = 4, base_baud = 115200) is a 16550A\\r']\n",
      "host.client OUT: ['[    3.053672] scsi host0: ahci\\r']\n",
      "host.client OUT: ['[    3.063619] scsi host1: ahci\\r']\n",
      "host.client OUT: ['[    3.063619] scsi host2: ahci\\r']\n",
      "host.client OUT: ['[    3.078727] scsi host3: ahci\\r']\n",
      "host.client OUT: ['[    3.079220] scsi host4: ahci\\r']\n",
      "host.client OUT: ['[    3.089021] scsi host5: ahci\\r']\n",
      "host.client OUT: ['[    3.091244] ata1: SATA max UDMA/133 abar m4096@0xfe819000 port 0xfe819100 irq 24\\r']\n",
      "host.client OUT: ['[    3.091244] ata2: SATA max UDMA/133 abar m4096@0xfe819000 port 0xfe819180 irq 24\\r']\n",
      "host.client OUT: ['[    3.091244] ata3: SATA max UDMA/133 abar m4096@0xfe819000 port 0xfe819200 irq 24\\r']\n",
      "host.client OUT: ['[    3.091244] ata4: SATA max UDMA/133 abar m4096@0xfe819000 port 0xfe819280 irq 24\\r']\n",
      "host.client OUT: ['[    3.091244] ata5: SATA max UDMA/133 abar m4096@0xfe819000 port 0xfe819300 irq 24\\r']\n",
      "host.client OUT: ['[    3.091244] ata6: SATA max UDMA/133 abar m4096@0xfe819000 port 0xfe819380 irq 24\\r']\n",
      "host.server OUT: ['[    2.611637] Linux agpgart interface v0.103\\r']\n",
      "host.client OUT: ['[    3.100361] Ethernet Channel Bonding Driver: v3.7.1 (April 27, 2011)\\r']\n",
      "host.client OUT: ['[    3.169819] tun: Universal TUN/TAP device driver, 1.6\\r']\n",
      "host.client OUT: ['[    3.189806] VFIO - User Level meta-driver version: 0.3\\r']\n",
      "host.client OUT: ['[    3.201987] i8042: PNP: PS/2 Controller [PNP0303:KBD,PNP0f13:MOU] at 0x60,0x64 irq 1,12\\r']\n",
      "host.client OUT: ['[    3.230225] serio: i8042 KBD port at 0x60,0x64 irq 1\\r']\n",
      "host.client OUT: ['[    3.232092] serio: i8042 AUX port at 0x60,0x64 irq 12\\r']\n",
      "host.client OUT: ['[    3.249977] mousedev: PS/2 mouse device common for all mice\\r']\n",
      "host.client OUT: ['[    3.262895] NET: Registered protocol family 17\\r']\n",
      "host.client OUT: ['[    3.273370] input: AT Translated Set 2 keyboard as /devices/platform/i8042/serio0/input/input0\\r']\n",
      "host.client OUT: ['[    3.318970] IPI shorthand broadcast: enabled\\r']\n",
      "host.client OUT: ['[    3.319673] sched_clock: Marking stable (3347213207, -28539257)->(4355309794, -1036635844)\\r']\n",
      "host.server OUT: ['[    2.855782] brd: module loaded\\r']\n",
      "host.server OUT: ['[    2.945474] loop: module loaded\\r']\n",
      "host.server OUT: ['[    2.947975] Loading iSCSI transport class v2.0-870.\\r']\n",
      "host.server OUT: ['[    2.986951] PCI Interrupt Link [GSIA] enabled at IRQ 16\\r']\n",
      "host.server OUT: ['[    3.010265] ahci 0000:00:1f.2: AHCI 0001.0000 32 slots 6 ports 1.5 Gbps 0x3f impl SATA mode\\r']\n",
      "host.server OUT: ['[    3.013018] ahci 0000:00:1f.2: flags: 64bit ncq only \\r']\n",
      "host.client OUT: ['[    3.556762] ata5: SATA link down (SStatus 0 SControl 300)\\r']\n",
      "host.client OUT: ['[    3.562181] ata4: SATA link down (SStatus 0 SControl 300)\\r']\n",
      "host.client OUT: ['[    3.564490] ata3: SATA link up 1.5 Gbps (SStatus 113 SControl 300)\\r']\n",
      "host.client OUT: ['[    3.572085] ata3.00: ATAPI: QEMU DVD-ROM, 2.5+, max UDMA/100\\r']\n",
      "host.client OUT: ['[    3.573125] ata3.00: applying bridge limits\\r']\n",
      "host.client OUT: ['[    3.579385] ata3.00: configured for UDMA/100\\r']\n",
      "host.client OUT: ['[    3.583401] ata6: SATA link down (SStatus 0 SControl 300)\\r']\n",
      "host.client OUT: ['[    3.585909] ata1: SATA link up 1.5 Gbps (SStatus 113 SControl 300)\\r']\n",
      "host.client OUT: ['[    3.587438] ata1.00: ATA-7: QEMU HARDDISK, 2.5+, max UDMA/100\\r']\n",
      "host.client OUT: ['[    3.588222] ata1.00: 83886080 sectors, multi 16: LBA48 NCQ (depth 32)\\r']\n",
      "host.client OUT: ['[    3.590174] ata1.00: applying bridge limits\\r']\n",
      "host.client OUT: ['[    3.591788] ata1.00: configured for UDMA/100\\r']\n",
      "host.server OUT: ['[    3.101772] scsi host0: ahci\\r']\n",
      "host.server OUT: ['[    3.115237] scsi host1: ahci\\r']\n",
      "host.server OUT: ['[    3.122229] scsi host2: ahci\\r']\n",
      "host.server OUT: ['[    3.132454] scsi host3: ahci\\r']\n",
      "host.client OUT: ['[    3.612021] ata2: SATA link up 1.5 Gbps (SStatus 113 SControl 300)\\r']\n",
      "host.server OUT: ['[    3.143190] scsi host4: ahci\\r']\n",
      "host.client OUT: ['[    3.630005] ata2.00: ATA-7: QEMU HARDDISK, 2.5+, max UDMA/100\\r']\n",
      "host.server OUT: ['[    3.150484] scsi host5: ahci\\r']\n",
      "host.client OUT: ['[    3.636839] ata2.00: 20 sectors, multi 16: LBA48 NCQ (depth 32)\\r']\n",
      "host.server OUT: ['[    3.156386] ata1: SATA max UDMA/133 abar m4096@0xfe819000 port 0xfe819100 irq 24\\r']\n",
      "host.server OUT: ['[    3.158215] ata2: SATA max UDMA/133 abar m4096@0xfe819000 port 0xfe819180 irq 24\\r']\n",
      "host.server OUT: ['[    3.159047] ata3: SATA max UDMA/133 abar m4096@0xfe819000 port 0xfe819200 irq 24\\r']\n",
      "host.server OUT: ['[    3.161302] ata4: SATA max UDMA/133 abar m4096@0xfe819000 port 0xfe819280 irq 24\\r']\n",
      "host.server OUT: ['[    3.161998] ata5: SATA max UDMA/133 abar m4096@0xfe819000 port 0xfe819300 irq 24\\r']\n",
      "host.server OUT: ['[    3.163703] ata6: SATA max UDMA/133 abar m4096@0xfe819000 port 0xfe819380 irq 24\\r']\n",
      "host.client OUT: ['[    3.642199] ata2.00: applying bridge limits\\r']\n",
      "host.server OUT: ['[    3.169333] Ethernet Channel Bonding Driver: v3.7.1 (April 27, 2011)\\r']\n",
      "host.client OUT: ['[    3.658504] ata2.00: configured for UDMA/100\\r']\n",
      "host.client OUT: ['[    3.664721] scsi 0:0:0:0: Direct-Access     ATA      QEMU HARDDISK    2.5+ PQ: 0 ANSI: 5\\r']\n",
      "host.client OUT: ['[    3.702363] sd 0:0:0:0: Attached scsi generic sg0 type 0\\r']\n",
      "host.client OUT: ['[    3.712098] sd 0:0:0:0: [sda] 83886080 512-byte logical blocks: (42.9 GB/40.0 GiB)\\r']\n",
      "host.client OUT: ['[    3.730145] scsi 1:0:0:0: Direct-Access     ATA      QEMU HARDDISK    2.5+ PQ: 0 ANSI: 5\\r']\n",
      "host.client OUT: ['[    3.749843] sd 0:0:0:0: [sda] Write Protect is off\\r']\n",
      "host.client OUT: [\"[    3.761862] sd 0:0:0:0: [sda] Write cache: enabled, read cache: enabled, doesn't support DPO or FUA\\r\"]\n",
      "host.server OUT: ['[    3.291518] tun: Universal TUN/TAP device driver, 1.6\\r']\n",
      "host.client OUT: ['[    3.795707] sd 1:0:0:0: [sdb] 20 512-byte logical blocks: (10.2 kB/10.0 KiB)\\r']\n",
      "host.client OUT: ['[    3.796395] sd 1:0:0:0: [sdb] Write Protect is off\\r']\n",
      "host.client OUT: [\"[    3.802071] sd 1:0:0:0: [sdb] Write cache: enabled, read cache: enabled, doesn't support DPO or FUA\\r\"]\n",
      "host.server OUT: ['[    3.336086] VFIO - User Level meta-driver version: 0.3\\r']\n",
      "host.server OUT: ['[    3.345643] i8042: PNP: PS/2 Controller [PNP0303:KBD,PNP0f13:MOU] at 0x60,0x64 irq 1,12\\r']\n",
      "host.server OUT: ['[    3.352166] serio: i8042 KBD port at 0x60,0x64 irq 1\\r']\n",
      "host.server OUT: ['[    3.352166] serio: i8042 AUX port at 0x60,0x64 irq 12\\r']\n",
      "host.client OUT: ['[    3.850445] sd 1:0:0:0: Attached scsi generic sg1 type 0\\r']\n",
      "host.server OUT: ['[    3.379422] mousedev: PS/2 mouse device common for all mice\\r']\n",
      "host.server OUT: ['[    3.407275] NET: Registered protocol family 17\\r']\n",
      "host.client OUT: ['[    3.903031] scsi 2:0:0:0: CD-ROM            QEMU     QEMU DVD-ROM     2.5+ PQ: 0 ANSI: 5\\r']\n",
      "host.server OUT: ['[    3.429180] input: AT Translated Set 2 keyboard as /devices/platform/i8042/serio0/input/input0\\r']\n",
      "host.client OUT: ['[    3.946308] sr 2:0:0:0: [sr0] scsi3-mmc drive: 4x/4x cd/rw xa/form2 tray\\r']\n",
      "host.client OUT: ['[    3.947834] cdrom: Uniform CD-ROM driver Revision: 3.20\\r']\n",
      "host.client OUT: ['[    3.966101]  sda: sda1 sda14 sda15\\r']\n",
      "host.client OUT: ['[    3.969130] sd 1:0:0:0: [sdb] Attached SCSI disk\\r']\n",
      "host.server OUT: ['[    3.497038] IPI shorthand broadcast: enabled\\r']\n",
      "host.server OUT: ['[    3.503572] sched_clock: Marking stable (3523877219, -20724905)->(4368710727, -865558413)\\r']\n",
      "host.client OUT: ['[    4.007710] tsc: Refined TSC clocksource calibration: 2111.990 MHz\\r']\n",
      "host.client OUT: ['[    4.015812] clocksource: tsc: mask: 0xffffffffffffffff max_cycles: 0x1e716f1779b, max_idle_ns: 440795252678 ns\\r']\n",
      "host.client OUT: ['[    4.020461] sr 2:0:0:0: Attached scsi generic sg2 type 5\\r']\n",
      "host.client OUT: ['[    4.034387] clocksource: Switched to clocksource tsc\\r']\n",
      "host.client OUT: ['[    4.044386] sd 0:0:0:0: [sda] Attached SCSI disk\\r']\n",
      "host.server OUT: ['[    3.681378] ata4: SATA link down (SStatus 0 SControl 300)\\r']\n",
      "host.server OUT: ['[    3.689005] ata3: SATA link up 1.5 Gbps (SStatus 113 SControl 300)\\r']\n",
      "host.server OUT: ['[    3.698428] ata3.00: ATAPI: QEMU DVD-ROM, 2.5+, max UDMA/100\\r']\n",
      "host.server OUT: ['[    3.704115] ata3.00: applying bridge limits\\r']\n",
      "host.server OUT: ['[    3.708034] ata3.00: configured for UDMA/100\\r']\n",
      "host.server OUT: ['[    3.711487] ata1: SATA link up 1.5 Gbps (SStatus 113 SControl 300)\\r']\n",
      "host.server OUT: ['[    3.712787] ata1.00: ATA-7: QEMU HARDDISK, 2.5+, max UDMA/100\\r']\n",
      "host.server OUT: ['[    3.713203] ata1.00: 83886080 sectors, multi 16: LBA48 NCQ (depth 32)\\r']\n",
      "host.server OUT: ['[    3.713721] ata1.00: applying bridge limits\\r']\n",
      "host.server OUT: ['[    3.714235] ata1.00: configured for UDMA/100\\r']\n",
      "host.server OUT: ['[    3.746165] ata2: SATA link up 1.5 Gbps (SStatus 113 SControl 300)\\r']\n",
      "host.server OUT: ['[    3.747635] ata2.00: ATA-7: QEMU HARDDISK, 2.5+, max UDMA/100\\r']\n",
      "host.server OUT: ['[    3.748227] ata2.00: 20 sectors, multi 16: LBA48 NCQ (depth 32)\\r']\n",
      "host.server OUT: ['[    3.748610] ata2.00: applying bridge limits\\r']\n",
      "host.server OUT: ['[    3.749368] ata2.00: configured for UDMA/100\\r']\n",
      "host.server OUT: ['[    3.749908] ata5: SATA link down (SStatus 0 SControl 300)\\r']\n",
      "host.server OUT: ['[    3.755610] ata6: SATA link down (SStatus 0 SControl 300)\\r']\n",
      "host.server OUT: ['[    3.759222] scsi 0:0:0:0: Direct-Access     ATA      QEMU HARDDISK    2.5+ PQ: 0 ANSI: 5\\r']\n",
      "host.server OUT: ['[    3.784150] sd 0:0:0:0: Attached scsi generic sg0 type 0\\r']\n",
      "host.server OUT: ['[    3.796043] sd 0:0:0:0: [sda] 83886080 512-byte logical blocks: (42.9 GB/40.0 GiB)\\r']\n",
      "host.server OUT: ['[    3.815722] scsi 1:0:0:0: Direct-Access     ATA      QEMU HARDDISK    2.5+ PQ: 0 ANSI: 5\\r']\n",
      "host.server OUT: ['[    3.832077] sd 0:0:0:0: [sda] Write Protect is off\\r']\n",
      "host.client OUT: ['[    4.335977] EXT4-fs (sda1): mounted filesystem with ordered data mode. Opts: (null)\\r']\n",
      "host.client OUT: ['[    4.337536] VFS: Mounted root (ext4 filesystem) on device 8:1.\\r']\n",
      "host.client OUT: ['[    4.351213] devtmpfs: mounted\\r']\n",
      "host.server OUT: ['[    3.870130] sd 1:0:0:0: Attached scsi generic sg1 type 0\\r']\n",
      "host.server OUT: ['[    3.877175] scsi 2:0:0:0: CD-ROM            QEMU     QEMU DVD-ROM     2.5+ PQ: 0 ANSI: 5\\r']\n",
      "host.server OUT: [\"[    3.888683] sd 0:0:0:0: [sda] Write cache: enabled, read cache: enabled, doesn't support DPO or FUA\\r\"]\n",
      "host.server OUT: ['[    3.900076] sd 1:0:0:0: [sdb] 20 512-byte logical blocks: (10.2 kB/10.0 KiB)\\r']\n",
      "host.server OUT: ['[    3.921539] tsc: Refined TSC clocksource calibration: 2111.990 MHz\\r']\n",
      "host.server OUT: ['[    3.934962] clocksource: tsc: mask: 0xffffffffffffffff max_cycles: 0x1e716f1779b, max_idle_ns: 440795252678 ns\\r']\n",
      "host.server OUT: ['[    3.955709] sd 1:0:0:0: [sdb] Write Protect is off\\r']\n",
      "host.server OUT: [\"[    3.957271] sd 1:0:0:0: [sdb] Write cache: enabled, read cache: enabled, doesn't support DPO or FUA\\r\"]\n",
      "host.server OUT: ['[    3.975488] sr 2:0:0:0: [sr0] scsi3-mmc drive: 4x/4x cd/rw xa/form2 tray\\r']\n",
      "host.server OUT: ['[    3.976377] cdrom: Uniform CD-ROM driver Revision: 3.20\\r']\n",
      "host.server OUT: ['[    4.030089] sr 2:0:0:0: Attached scsi generic sg2 type 5\\r']\n",
      "host.server OUT: ['[    4.043981] clocksource: Switched to clocksource tsc\\r']\n",
      "host.server OUT: ['[    4.055798] sd 1:0:0:0: [sdb] Attached SCSI disk\\r']\n",
      "host.server OUT: ['[    4.064953]  sda: sda1 sda14 sda15\\r']\n",
      "host.server OUT: ['[    4.085469] sd 0:0:0:0: [sda] Attached SCSI disk\\r']\n",
      "host.server OUT: ['[    4.355507] EXT4-fs (sda1): mounted filesystem with ordered data mode. Opts: (null)\\r']\n",
      "host.server OUT: ['[    4.358120] VFS: Mounted root (ext4 filesystem) on device 8:1.\\r']\n",
      "host.server OUT: ['[    4.364856] devtmpfs: mounted\\r']\n",
      "host.client OUT: ['[    6.244277] Freeing unused kernel image memory: 1912K\\r']\n",
      "host.client OUT: ['[    6.245233] Write protecting the kernel read-only data: 12288k\\r']\n",
      "host.client OUT: ['[    6.286878] Freeing unused kernel image memory: 2032K\\r']\n",
      "host.client OUT: ['[    6.289529] Freeing unused kernel image memory: 68K\\r']\n",
      "host.client OUT: ['[    6.291174] rodata_test: all tests were successful\\r']\n",
      "host.client OUT: ['[    6.291729] Run /home/ubuntu/guestinit.sh as init process\\r']\n",
      "host.server OUT: ['[    6.244540] Freeing unused kernel image memory: 1912K\\r']\n",
      "host.server OUT: ['[    6.245446] Write protecting the kernel read-only data: 12288k\\r']\n",
      "host.server OUT: ['[    6.298192] Freeing unused kernel image memory: 2032K\\r']\n",
      "host.server OUT: ['[    6.302589] Freeing unused kernel image memory: 68K\\r']\n",
      "host.server OUT: ['[    6.304354] rodata_test: all tests were successful\\r']\n",
      "host.server OUT: ['[    6.305165] Run /home/ubuntu/guestinit.sh as init process\\r']\n",
      "host.client OUT: ['+ export HOME=/root\\r']\n",
      "host.client OUT: ['+ export LANG=en_US\\r']\n",
      "host.client OUT: ['+ export PATH=/usr/local/sbin:/usr/local/bin:/usr/sbin:/usr/bin:/sbin:/bin:/usr/games:/usr/local/games\\r']\n",
      "host.client OUT: ['+ modprobe i40e\\r']\n",
      "host.client OUT: ['[    7.552238] i40e: Intel(R) Ethernet Connection XL710 Network Driver - version 2.8.20-k\\r']\n",
      "host.client OUT: ['[    7.552974] i40e: Copyright (c) 2013 - 2019 Intel Corporation.\\r']\n",
      "host.client OUT: ['[    7.600329] PCI Interrupt Link [GSIG] enabled at IRQ 22\\r']\n",
      "host.client OUT: ['[    7.874477] i40e 0000:00:02.0: fw 0.0.00000 api 1.10 nvm 0.0.0 [8086:1583] [1af4:1100]\\r']\n",
      "host.client OUT: ['[    7.875122] i40e 0000:00:02.0: The driver for the device detected a newer version of the NVM image v1.10 than expected v1.9. Please install the most recent version of the network driver.\\r']\n",
      "host.server OUT: ['+ export HOME=/root\\r']\n",
      "host.server OUT: ['+ export LANG=en_US\\r']\n",
      "host.server OUT: ['+ export PATH=/usr/local/sbin:/usr/local/bin:/usr/sbin:/usr/bin:/sbin:/bin:/usr/games:/usr/local/games\\r']\n",
      "host.server OUT: ['+ modprobe i40e\\r']\n",
      "host.server OUT: ['[    7.710720] i40e: Intel(R) Ethernet Connection XL710 Network Driver - version 2.8.20-k\\r']\n",
      "host.server OUT: ['[    7.711304] i40e: Copyright (c) 2013 - 2019 Intel Corporation.\\r']\n",
      "host.server OUT: ['[    7.722231] PCI Interrupt Link [GSIG] enabled at IRQ 22\\r']\n",
      "host.server OUT: ['[    8.008403] i40e 0000:00:02.0: fw 0.0.00000 api 1.10 nvm 0.0.0 [8086:1583] [1af4:1100]\\r']\n",
      "host.server OUT: ['[    8.009216] i40e 0000:00:02.0: The driver for the device detected a newer version of the NVM image v1.10 than expected v1.9. Please install the most recent version of the network driver.\\r']\n",
      "host.client OUT: ['[   14.827235] i40e 0000:00:02.0: Stopping firmware LLDP agent.\\r']\n",
      "host.client OUT: ['[   14.837693] i40e 0000:00:02.0: MAC address: 60:df:cc:e9:2d:21\\r']\n",
      "host.client OUT: ['[   14.839397] i40e 0000:00:02.0: FW LLDP is enabled\\r']\n",
      "host.client OUT: ['[   14.899347] i40e 0000:00:02.0 eth0: NIC Link is Up, 40 Gbps Full Duplex, Flow Control: None\\r']\n",
      "host.client OUT: ['[   15.062525] i40e 0000:00:02.0: PCI-Express: Speed UnknownGT/s Width xUnknown\\r']\n",
      "host.client OUT: ['[   15.063328] i40e 0000:00:02.0: PCI-Express bandwidth available for this device may be insufficient for optimal performance.\\r']\n",
      "host.client OUT: ['[   15.064369] i40e 0000:00:02.0: Please move the device to a different PCI-e link with more lanes and/or higher transfer rate.\\r']\n",
      "host.client OUT: ['[   15.071419] i40e 0000:00:02.0: Features: PF-id[0] VSIs: 384 QP: 1 RSS VxLAN Geneve PTP VEPA\\r']\n",
      "host.client OUT: ['+ ip link set dev eth0 up\\r']\n",
      "host.server OUT: ['[   14.840614] i40e 0000:00:02.0: Stopping firmware LLDP agent.\\r']\n",
      "host.client OUT: ['[   15.330503] i40e 0000:00:02.0: Error OK adding RX filters on PF, promiscuous mode forced on\\r']\n",
      "host.server OUT: ['[   14.845625] i40e 0000:00:02.0: MAC address: 20:db:e8:7f:69:8f\\r']\n",
      "host.server OUT: ['[   14.847145] i40e 0000:00:02.0: FW LLDP is enabled\\r']\n",
      "host.client OUT: ['+ ip addr add 10.0.0.2/24 dev eth0\\r']\n",
      "host.server OUT: ['[   14.939540] i40e 0000:00:02.0 eth0: NIC Link is Up, 40 Gbps Full Duplex, Flow Control: None\\r']\n",
      "host.client OUT: ['+ sleep 1\\r']\n",
      "host.server OUT: ['[   15.140853] i40e 0000:00:02.0: PCI-Express: Speed UnknownGT/s Width xUnknown\\r']\n",
      "host.server OUT: ['[   15.141426] i40e 0000:00:02.0: PCI-Express bandwidth available for this device may be insufficient for optimal performance.\\r']\n",
      "host.server OUT: ['[   15.142325] i40e 0000:00:02.0: Please move the device to a different PCI-e link with more lanes and/or higher transfer rate.\\r']\n",
      "host.server OUT: ['[   15.150308] i40e 0000:00:02.0: Features: PF-id[0] VSIs: 384 QP: 1 RSS VxLAN Geneve PTP VEPA\\r']\n",
      "host.server OUT: ['+ ip link set dev eth0 up\\r']\n",
      "host.server OUT: ['[   15.443491] i40e 0000:00:02.0: Error OK adding RX filters on PF, promiscuous mode forced on\\r']\n",
      "host.server OUT: ['+ ip addr add 10.0.0.1/24 dev eth0\\r']\n",
      "host.server OUT: ['+ iperf -s -l 32M -w 32M\\r']\n",
      "host.server OUT: ['------------------------------------------------------------\\r']\n",
      "host.server OUT: ['Server listening on TCP port 5001\\r']\n",
      "host.server OUT: ['TCP window size:  416 KByte (WARNING: requested 32.0 MByte)\\r']\n",
      "host.server OUT: ['------------------------------------------------------------\\r']\n",
      "host.client OUT: ['+ iperf -l 32M -w 32M -c 10.0.0.1 -i 1 -P 1\\r']\n",
      "host.client OUT: ['------------------------------------------------------------\\r']\n",
      "host.client OUT: ['Client connecting to 10.0.0.1, TCP port 5001\\r']\n",
      "host.client OUT: ['TCP window size:  416 KByte (WARNING: requested 32.0 MByte)\\r']\n",
      "host.client OUT: ['------------------------------------------------------------\\r']\n",
      "host.client OUT: ['[  4] local 10.0.0.2 port 41854 connected with 10.0.0.1 port 5001\\r']\n",
      "host.server OUT: ['[  5] local 10.0.0.1 port 5001 connected with 10.0.0.2 port 41854\\r']\n",
      "host.client OUT: ['[ ID] Interval       Transfer     Bandwidth\\r']\n",
      "host.client OUT: ['[  4]  0.0- 1.0 sec  7.72 MBytes  64.8 Mbits/sec\\r']\n",
      "host.client OUT: ['[  4]  1.0- 2.0 sec  23.0 MBytes   193 Mbits/sec\\r']\n",
      "host.client OUT: ['[  4]  2.0- 3.0 sec  12.0 MBytes   101 Mbits/sec\\r']\n",
      "host.client OUT: ['[  4]  3.0- 4.0 sec  12.4 MBytes   104 Mbits/sec\\r']\n",
      "host.client OUT: ['[  4]  4.0- 5.0 sec  12.6 MBytes   106 Mbits/sec\\r']\n",
      "host.client OUT: ['[  4]  5.0- 6.0 sec  13.1 MBytes   110 Mbits/sec\\r']\n",
      "host.client OUT: ['[  4]  6.0- 7.0 sec  13.5 MBytes   114 Mbits/sec\\r']\n",
      "host.client OUT: ['[  4]  7.0- 8.0 sec  29.2 MBytes   245 Mbits/sec\\r']\n",
      "host.client OUT: ['[  4]  8.0- 9.0 sec  15.0 MBytes   126 Mbits/sec\\r']\n",
      "host.client OUT: ['[  4]  9.0-10.0 sec  12.8 MBytes   108 Mbits/sec\\r']\n",
      "host.client OUT: ['[  4]  0.0-10.7 sec   151 MBytes   118 Mbits/sec\\r']\n",
      "host.server OUT: ['[ ID] Interval       Transfer     Bandwidth\\r']\n",
      "host.server OUT: ['[  5]  0.0-10.7 sec   151 MBytes   119 Mbits/sec\\r']\n",
      "host.client OUT: ['+ sleep 10\\r']\n",
      "host.client OUT: ['+ poweroff -f\\r']\n",
      "host.client OUT: ['Powering off.\\r']\n",
      "host.client OUT: ['[   39.982500] sd 1:0:0:0: [sdb] Synchronizing SCSI cache\\r']\n",
      "host.client OUT: ['[   39.984992] sd 1:0:0:0: [sdb] Stopping disk\\r']\n",
      "host.client OUT: ['[   39.986539] sd 0:0:0:0: [sda] Synchronizing SCSI cache\\r']\n",
      "host.client OUT: ['[   39.991696] sd 0:0:0:0: [sda] Stopping disk\\r']\n",
      "host.client OUT: ['[   40.118718] ACPI: Preparing to enter system sleep state S5\\r']\n",
      "host.client OUT: ['[   40.122576] reboot: Power down\\r']\n",
      "host.client TERMINATED: 0\n",
      "my-simple-experiment: cleaning up\n",
      "nic.server. ERR: ['exit main_time: 52597650000']\n",
      "nic.server. ERR: ['      h2d_poll_total:                8317392         h2d_poll_suc:                 323704  poll_suc_rate: 0.038919']\n",
      "nic.server. ERR: ['                                                    h2d_poll_sync:                      0  sync_rate: 0.000000']\n",
      "nic.server. ERR: ['      n2d_poll_total:                8317392         n2d_poll_suc:                 214154  poll_suc_rate: 0.025748']\n",
      "nic.server. ERR: ['                                                    n2d_poll_sync:                 103889  sync_rate: 0.485114']\n",
      "nic.server. ERR: ['          recv_total:                 537858            recv_sync:                 103889  sync_rate: 0.193153']\n",
