{
 "cells": [
  {
   "cell_type": "markdown",
   "id": "b11f61c4-b566-41b7-9a84-86ad443fff10",
   "metadata": {
    "tags": []
   },
   "source": [
    "# Lab 1: Configuring & Running Experiments in SimBricks\n",
    "\n",
    "## 1. Minimal 2-Host Experiment\n",
    "To get started, we will set up a simple experiment with two hosts that have one NIC each and are connected through a basic switch. The hosts run Linux with the regular network stack, and run the standard `iperf` network benchmark, with one hosts acting as the server, and the other as the client.\n",
    "\n",
    "To keep simulation times low for testing here, we use unsynchronized and inaccurate simulator configurations: QEMU with KVM acceleration (if available), the behavioral Intel x710 (`i40e`) NIC model, and our simple behavioral switch.\n",
    "\n",
    "### 1.1. Specifying Simulation Configuration\n",
    "Now let's set up this configuration in the SimBricks orchestration framework:"
   ]
  },
  {
   "cell_type": "markdown",
   "id": "18fd1c0b-d0c7-4335-ab6d-78c921dc6dca",
   "metadata": {},
   "source": [
    "The first step is to create an `Experiment` object. This object contains pointers to all relevant components in the simulation and an instance serves as a declarative description of the configuration."
   ]
  },
  {
   "cell_type": "code",
   "execution_count": 1,
   "id": "dd0172a5-6e49-472a-a4cd-7a0de202cf34",
   "metadata": {},
   "outputs": [],
   "source": [
    "import simbricks.experiments as exp\n",
    "import simbricks.simulators as sim\n",
    "import simbricks.nodeconfig as node\n",
    "\n",
    "e = exp.Experiment('my-simple-experiment')"
   ]
  },
  {
   "cell_type": "markdown",
   "id": "2bfd5836-344a-4d41-9763-eb59abd06c56",
   "metadata": {},
   "source": [
    "Now we instantiate the first Component simulator, the `SwitchNet` behavioral switch model, and add it to our experiment object."
   ]
  },
  {
   "cell_type": "code",
   "execution_count": 2,
   "id": "46336658-27f3-4728-bcc2-da50e8811ae3",
   "metadata": {},
   "outputs": [],
   "source": [
    "net = sim.SwitchNet()\n",
    "e.add_network(net)"
   ]
  },
  {
   "cell_type": "markdown",
   "id": "0a1cd00d-8550-4f22-b422-464787763666",
   "metadata": {},
   "source": [
    "Next we create the first instance of the QEMU host simulator for the server and label it accordingly."
   ]
  },
  {
   "cell_type": "code",
   "execution_count": 3,
   "id": "9026ffde-66a0-4dd4-96ad-f307860e6567",
   "metadata": {},
   "outputs": [],
   "source": [
    "server = sim.QemuHost()\n",
    "server.name = 'server'"
   ]
  },
  {
   "cell_type": "markdown",
   "id": "40199453-ab3e-447c-8c0d-589fa7c0d0c7",
   "metadata": {},
   "source": [
    "For each host simulator we also have to specify what software to run through a *node configuration object*. This basically specifies which disk image to use, and includes a set of commands to run after boot, for steps including loading NIC drivers, assigning IP addresses, and other configuration steps. Here we use the `I40eLinuxNode` configuration, which will load the `i40e` NIC driver, and assign the IP address specified."
   ]
  },
  {
   "cell_type": "code",
   "execution_count": 4,
   "id": "ffaa1dd9-f84b-41fd-baa6-7c1a460423be",
   "metadata": {},
   "outputs": [],
   "source": [
    "server_config = node.I40eLinuxNode()\n",
    "server.set_config(server_config)\n",
    "server_config.prefix = 24\n",
    "server_config.ip = '10.0.0.1'"
   ]
  },
  {
   "cell_type": "markdown",
   "id": "a150223b-ffd6-4640-b812-24f8a2329e6a",
   "metadata": {},
   "source": [
    "The node configuration also points to the *application configuration*, specifying the actual workload, i.e. commands to run after the system is fully booted up. These objects mostly just provide a bit of syntactic sugar to make it easier to set benchmark configuration parameters in a readable way from python."
   ]
  },
  {
   "cell_type": "code",
   "execution_count": 5,
   "id": "797902eb-27f2-4afa-a9ce-4a83a1a14ef1",
   "metadata": {},
   "outputs": [],
   "source": [
    "server_config.app = node.IperfTCPServer()"
   ]
  },
  {
   "cell_type": "markdown",
   "id": "efd071fb-7777-4d8d-9d7d-72fad087a190",
   "metadata": {},
   "source": [
    "After configuring the server host simulator, we add an instance of the `i40e` NIC model, and connect it to both the host simulator and our switch simulator. As a last step for the server, we add the NIC and host to the experiment object."
   ]
  },
  {
   "cell_type": "code",
   "execution_count": 6,
   "id": "f8237f28-9118-4dcb-bd00-e050ed48a494",
   "metadata": {},
   "outputs": [],
   "source": [
    "server_nic = sim.I40eNIC()\n",
    "server_nic.set_network(net)\n",
    "server.add_nic(server_nic)\n",
    "\n",
    "e.add_nic(server_nic)\n",
    "e.add_host(server)"
   ]
  },
  {
   "cell_type": "markdown",
   "id": "6046bfaa-541a-4f2d-a821-de378d896f5d",
   "metadata": {},
   "source": [
    "Finally, we repeat the same steps for the client, with two small differences: First, we set the wait attribute on the client host simulator, to indicate that we want to wait for this simulator to terminate before stopping the experiment (many simulators, for the server, NICs, and networks, typically run until they are manually stopped when the experiment is finished)."
   ]
  },
  {
   "cell_type": "code",
   "execution_count": 7,
   "id": "38338146-678f-4b3e-b190-d3a7eeb1ffb1",
   "metadata": {},
   "outputs": [],
   "source": [
    "# Create host simulator for client\n",
    "client = sim.QemuHost()\n",
    "client.name = 'client'\n",
    "client.wait = True  # Wait for client to shut down before ending experiment\n",
    "\n",
    "# Node configuration describes software configuration running on the client\n",
    "client_config = node.I40eLinuxNode()\n",
    "client_config.prefix = 24\n",
    "client_config.ip = '10.0.0.2'"
   ]
  },
  {
   "cell_type": "markdown",
   "id": "7da15814-b0b7-47de-8719-655bc06d79b9",
   "metadata": {},
   "source": [
    "Second, for the client we specify a different application configuration to run the iperf client instead of the server, and pass it the server IP address to connect to."
   ]
  },
  {
   "cell_type": "code",
   "execution_count": 8,
   "id": "57d35d90-4157-4b94-9541-6170e0c929e4",
   "metadata": {},
   "outputs": [],
   "source": [
    "client_config.app = node.IperfTCPClient()\n",
    "client_config.app.server_ip = '10.0.0.1'  # Client needs to know server IP\n",
    "client.set_config(client_config)\n",
    "\n",
    "# Create nic simulator for client\n",
    "client_nic = sim.I40eNIC()\n",
    "client_nic.set_network(net)\n",
    "client.add_nic(client_nic)\n",
    "\n",
    "e.add_nic(client_nic)\n",
    "e.add_host(client)"
   ]
  },
  {
   "cell_type": "markdown",
   "id": "93347d9e-b4f4-4e3f-a7c8-c553ba990813",
   "metadata": {},
   "source": [
    "And that's it! We have assembled our first SimBricks simulation configuration. Here is a simple illustration of what we have assembled:"
   ]
  },
  {
   "cell_type": "code",
   "execution_count": 9,
   "id": "8247f5d8-1e33-4ed4-a988-37d1373119df",
   "metadata": {},
   "outputs": [
    {
     "data": {
      "image/svg+xml": "<?xml version=\"1.0\" encoding=\"UTF-8\" standalone=\"no\"?>\n<!DOCTYPE svg PUBLIC \"-//W3C//DTD SVG 1.1//EN\"\n \"http://www.w3.org/Graphics/SVG/1.1/DTD/svg11.dtd\">\n<!-- Generated by graphviz version 2.43.0 (0)\n -->\n<!-- Title: %3 Pages: 1 -->\n<svg width=\"272pt\" height=\"309pt\"\n viewBox=\"0.00 0.00 272.49 309.39\" xmlns=\"http://www.w3.org/2000/svg\" xmlns:xlink=\"http://www.w3.org/1999/xlink\">\n<g id=\"graph0\" class=\"graph\" transform=\"scale(1 1) rotate(0) translate(4 305.39)\">\n<title>%3</title>\n<polygon fill=\"white\" stroke=\"transparent\" points=\"-4,4 -4,-305.39 268.49,-305.39 268.49,4 -4,4\"/>\n<!-- host.server -->\n<g id=\"node1\" class=\"node\">\n<title>host.server</title>\n<ellipse fill=\"#98f5ff\" stroke=\"black\" cx=\"63.69\" cy=\"-237.69\" rx=\"63.89\" ry=\"63.89\"/>\n<text text-anchor=\"middle\" x=\"63.69\" y=\"-233.99\" font-family=\"Times,serif\" font-size=\"14.00\">host.server</text>\n</g>\n<!-- nic.server. -->\n<g id=\"node3\" class=\"node\">\n<title>nic.server.</title>\n<polygon fill=\"lightgreen\" stroke=\"black\" points=\"118.19,-123 27.19,-123 27.19,-87 118.19,-87 118.19,-123\"/>\n<text text-anchor=\"middle\" x=\"72.69\" y=\"-101.3\" font-family=\"Times,serif\" font-size=\"14.00\">nic.server.</text>\n</g>\n<!-- host.server&#45;&gt;nic.server. -->\n<g id=\"edge1\" class=\"edge\">\n<title>host.server&#45;&gt;nic.server.</title>\n<path fill=\"none\" stroke=\"green\" d=\"M68.01,-174.03C69,-159.68 70,-145.16 70.82,-133.25\"/>\n<polygon fill=\"green\" stroke=\"green\" points=\"74.32,-133.33 71.52,-123.11 67.34,-132.85 74.32,-133.33\"/>\n<text text-anchor=\"middle\" x=\"87.69\" y=\"-144.8\" font-family=\"Times,serif\" font-size=\"14.00\">PCIe</text>\n</g>\n<!-- host.client -->\n<g id=\"node2\" class=\"node\">\n<title>host.client</title>\n<ellipse fill=\"#98f5ff\" stroke=\"black\" cx=\"204.69\" cy=\"-237.69\" rx=\"59.59\" ry=\"59.59\"/>\n<text text-anchor=\"middle\" x=\"204.69\" y=\"-233.99\" font-family=\"Times,serif\" font-size=\"14.00\">host.client</text>\n</g>\n<!-- nic.client. -->\n<g id=\"node4\" class=\"node\">\n<title>nic.client.</title>\n<polygon fill=\"lightgreen\" stroke=\"black\" points=\"239.69,-123 153.69,-123 153.69,-87 239.69,-87 239.69,-123\"/>\n<text text-anchor=\"middle\" x=\"196.69\" y=\"-101.3\" font-family=\"Times,serif\" font-size=\"14.00\">nic.client.</text>\n</g>\n<!-- host.client&#45;&gt;nic.client. -->\n<g id=\"edge2\" class=\"edge\">\n<title>host.client&#45;&gt;nic.client.</title>\n<path fill=\"none\" stroke=\"green\" d=\"M201.09,-177.85C200.14,-162.28 199.16,-146.23 198.36,-133.25\"/>\n<polygon fill=\"green\" stroke=\"green\" points=\"201.85,-132.92 197.74,-123.15 194.86,-133.35 201.85,-132.92\"/>\n<text text-anchor=\"middle\" x=\"217.69\" y=\"-144.8\" font-family=\"Times,serif\" font-size=\"14.00\">PCIe</text>\n</g>\n<!-- net. -->\n<g id=\"node5\" class=\"node\">\n<title>net.</title>\n<polygon fill=\"gold\" stroke=\"black\" points=\"125.69,-36 85.31,-18 125.69,0 166.08,-18 125.69,-36\"/>\n<text text-anchor=\"middle\" x=\"125.69\" y=\"-14.3\" font-family=\"Times,serif\" font-size=\"14.00\">net.</text>\n</g>\n<!-- nic.server.&#45;&gt;net. -->\n<g id=\"edge3\" class=\"edge\">\n<title>nic.server.&#45;&gt;net.</title>\n<path fill=\"none\" stroke=\"red\" d=\"M83.42,-86.8C91.61,-73.67 102.96,-55.47 111.83,-41.23\"/>\n<polygon fill=\"red\" stroke=\"red\" points=\"114.93,-42.88 117.25,-32.54 108.99,-39.18 114.93,-42.88\"/>\n<text text-anchor=\"middle\" x=\"115.69\" y=\"-57.8\" font-family=\"Times,serif\" font-size=\"14.00\">Eth</text>\n</g>\n<!-- nic.client.&#45;&gt;net. -->\n<g id=\"edge4\" class=\"edge\">\n<title>nic.client.&#45;&gt;net.</title>\n<path fill=\"none\" stroke=\"red\" d=\"M182.33,-86.8C170.88,-73.09 154.82,-53.87 142.72,-39.39\"/>\n<polygon fill=\"red\" stroke=\"red\" points=\"145.22,-36.92 136.13,-31.49 139.85,-41.41 145.22,-36.92\"/>\n<text text-anchor=\"middle\" x=\"178.69\" y=\"-57.8\" font-family=\"Times,serif\" font-size=\"14.00\">Eth</text>\n</g>\n</g>\n</svg>\n",
      "text/plain": [
       "<graphviz.graphs.Digraph at 0x7fe0402bdae0>"
      ]
     },
     "execution_count": 9,
     "metadata": {},
     "output_type": "execute_result"
    }
   ],
   "source": [
    "import visualize\n",
    "\n",
    "visualize.experiment_graph(e)"
   ]
  },
  {
   "cell_type": "markdown",
   "id": "93082727-1349-481a-8068-d6d4557bc9ed",
   "metadata": {
    "tags": []
   },
   "source": [
    "### 1.2. Running the Simulation\n",
    "\n",
    "Now that we have assembled our simulation, the next step is running it. Typically we would save the experiment to a `.py` file, and then use the `run.py` script and run it from the terminal. (Details on how to do that below.) Here we will directly use our python orchestration mechanisms to run a simple local experiment.\n",
    "\n",
    "For this we first specify the `LocalExecutor` to run our simulation locally directly by starting the commands from the python process. (other executors execute component simulators on remote hosts, particularly useful for distributed simulations spanning multiple hosts)"
   ]
  },
  {
   "cell_type": "code",
   "execution_count": 10,
   "id": "efd720b7-0957-4c05-8548-d19cbc766855",
   "metadata": {
    "scrolled": true,
    "tags": []
   },
   "outputs": [],
   "source": [
    "import simbricks.experiments as exp\n",
    "import simbricks.exectools as exectools\n",
    "import simbricks.runtime as runtime\n",
    "\n",
    "executor = exectools.LocalExecutor()"
   ]
  },
  {
   "cell_type": "markdown",
   "id": "74169fa7-e7c6-49fa-8bdb-829085ca0352",
   "metadata": {},
   "source": [
    "Next, we set up an experiment environment, which specifies paths for simulator executables, unix sockets, shared memory regions, working copies of simulator disk images, and other working files of different component simulators. Here we just pass in the path to our SimBricks repo and a new working directory for this experiment. For the rest the `ExpEnv` has sensible defaults that can be customized if necessary."
   ]
  },
  {
   "cell_type": "code",
   "execution_count": 11,
   "id": "ded0862d-cc6f-42bc-9a33-d4b6103f171b",
   "metadata": {
    "scrolled": true,
    "tags": []
   },
   "outputs": [],
   "source": [
    "workdir = './out/lab1_test1'\n",
    "env = exp.ExpEnv(repo_path='/simbricks', workdir=workdir, cpdir=workdir)\n",
    "#env.create_cp = False # FIXME: should not be needed\n",
    "#env.pcap_file = '' # FIXME: shoult not be needed"
   ]
  },
  {
   "cell_type": "markdown",
   "id": "811e5407-2c45-48df-b9af-40c5993f8cce",
   "metadata": {},
   "source": [
    "Now we create a `Run` object, which is intended for a single execution of an experiment, and stores the experiment, and the environment. For the run we then initialize the output and working directory."
   ]
  },
  {
   "cell_type": "code",
   "execution_count": 12,
   "id": "865c0d43-fb0b-4db6-8d19-1712cf2a6b3f",
   "metadata": {
    "scrolled": true,
    "tags": []
   },
   "outputs": [],
   "source": [
    "run = runtime.Run(experiment=e, index=0, env=env, outpath=workdir, prereq=None)\n",
    "await run.prep_dirs(executor)"
   ]
  },
  {
   "cell_type": "markdown",
   "id": "c6af4bb6-d870-4703-a656-f189b095eec4",
   "metadata": {},
   "source": [
    "Finally, we create a runner responsible for orchestrating the simulation run. The execution results in an output object that contains all simulator outputs, commands, executed, timestamps, and other metadata for the run. We create the runner with the verbose flag set here, so we also see the output on the console as the simulation executes, helpful for debugging but all this information is also contained in the output object."
   ]
  },
  {
   "cell_type": "code",
   "execution_count": 13,
   "id": "753e7d68-3a46-4adc-a867-0a95c6b367b0",
   "metadata": {
    "scrolled": true,
    "tags": []
   },
   "outputs": [
    {
     "name": "stdout",
     "output_type": "stream",
     "text": [
      "preparing config tar: /simbricks/labs/out/lab1_test1/cfg.server.tar\n",
      "preparing config tar: /simbricks/labs/out/lab1_test1/cfg.client.tar\n",
      "prepare_my-simple-experiment.0 ERR: ['qemu-img: warning: Deprecated use of backing file without explicit backing format (detected format of qcow2)']\n",
      "prepare_my-simple-experiment.0 OUT: [\"Formatting '/simbricks/labs/out/lab1_test1/hdcopy.server', fmt=qcow2 cluster_size=65536 extended_l2=off compression_type=zlib size=42949672960 backing_file=/simbricks/images/output-base/base backing_fmt=qcow2 lazy_refcounts=off refcount_bits=16\"]\n",
      "prepare_my-simple-experiment.0 ERR: ['qemu-img: warning: Deprecated use of backing file without explicit backing format (detected format of qcow2)']\n",
      "prepare_my-simple-experiment.0 OUT: [\"Formatting '/simbricks/labs/out/lab1_test1/hdcopy.client', fmt=qcow2 cluster_size=65536 extended_l2=off compression_type=zlib size=42949672960 backing_file=/simbricks/images/output-base/base backing_fmt=qcow2 lazy_refcounts=off refcount_bits=16\"]\n",
      "prepare_my-simple-experiment.0 TERMINATED: 0\n",
      "prepare_my-simple-experiment.0 TERMINATED: 0\n",
      "my-simple-experiment: starting nic.client.\n",
      "my-simple-experiment: starting nic.server.\n",
      "my-simple-experiment: waiting for sockets nic.client.\n",
      "my-simple-experiment: waiting for sockets nic.server.\n",
      "await_file(/simbricks/labs/out/lab1_test1/nic.eth.client.)\n",
      "await_file(/simbricks/labs/out/lab1_test1/dev.pci.client.)\n",
      "await_file(/simbricks/labs/out/lab1_test1/nic.eth.server.)\n",
      "await_file(/simbricks/labs/out/lab1_test1/dev.pci.server.)\n",
      "nic.server. ERR: ['795b42dbe9dc']\n",
      "nic.client. ERR: ['9d736d0455dc']\n",
      "my-simple-experiment: started nic.client.\n",
      "my-simple-experiment: started nic.server.\n",
      "my-simple-experiment: starting net.\n",
      "net. ERR: ['Switch connecting to: /simbricks/labs/out/lab1_test1/nic.eth.server.']\n",
      "my-simple-experiment: started net.\n",
      "my-simple-experiment: starting host.client\n",
      "my-simple-experiment: starting host.server\n",
      "host.server ERR: [\"qemu-system-x86_64: warning: host doesn't support requested feature: CPUID.01H:ECX.pcid [bit 17]\"]\n",
      "host.server ERR: [\"qemu-system-x86_64: warning: host doesn't support requested feature: CPUID.07H:EBX.hle [bit 4]\"]\n",
      "host.server ERR: [\"qemu-system-x86_64: warning: host doesn't support requested feature: CPUID.07H:EBX.rtm [bit 11]\"]\n",
      "host.server ERR: [\"qemu-system-x86_64: warning: host doesn't support requested feature: CPUID.07H:EBX.avx512f [bit 16]\"]\n",
      "host.server ERR: [\"qemu-system-x86_64: warning: host doesn't support requested feature: CPUID.07H:EBX.avx512dq [bit 17]\"]\n",
      "host.server ERR: [\"qemu-system-x86_64: warning: host doesn't support requested feature: CPUID.07H:EBX.avx512cd [bit 28]\"]\n",
      "host.server ERR: [\"qemu-system-x86_64: warning: host doesn't support requested feature: CPUID.07H:EBX.avx512bw [bit 30]\"]\n",
      "host.server ERR: [\"qemu-system-x86_64: warning: host doesn't support requested feature: CPUID.07H:EBX.avx512vl [bit 31]\"]\n",
      "host.server ERR: [\"qemu-system-x86_64: warning: host doesn't support requested feature: CPUID.0DH:EAX [bit 5]\"]\n",
      "host.server ERR: [\"qemu-system-x86_64: warning: host doesn't support requested feature: CPUID.0DH:EAX [bit 6]\"]\n",
      "host.server ERR: [\"qemu-system-x86_64: warning: host doesn't support requested feature: CPUID.0DH:EAX [bit 7]\"]\n",
      "host.client ERR: [\"qemu-system-x86_64: warning: host doesn't support requested feature: CPUID.01H:ECX.pcid [bit 17]\"]\n",
      "host.client ERR: [\"qemu-system-x86_64: warning: host doesn't support requested feature: CPUID.07H:EBX.hle [bit 4]\"]\n",
      "host.client ERR: [\"qemu-system-x86_64: warning: host doesn't support requested feature: CPUID.07H:EBX.rtm [bit 11]\"]\n",
      "host.client ERR: [\"qemu-system-x86_64: warning: host doesn't support requested feature: CPUID.07H:EBX.avx512f [bit 16]\"]\n",
      "host.client ERR: [\"qemu-system-x86_64: warning: host doesn't support requested feature: CPUID.07H:EBX.avx512dq [bit 17]\"]\n",
      "host.client ERR: [\"qemu-system-x86_64: warning: host doesn't support requested feature: CPUID.07H:EBX.avx512cd [bit 28]\"]\n",
      "host.client ERR: [\"qemu-system-x86_64: warning: host doesn't support requested feature: CPUID.07H:EBX.avx512bw [bit 30]\"]\n",
      "host.client ERR: [\"qemu-system-x86_64: warning: host doesn't support requested feature: CPUID.07H:EBX.avx512vl [bit 31]\"]\n",
      "host.client ERR: [\"qemu-system-x86_64: warning: host doesn't support requested feature: CPUID.0DH:EAX [bit 5]\"]\n",
      "host.client ERR: [\"qemu-system-x86_64: warning: host doesn't support requested feature: CPUID.0DH:EAX [bit 6]\"]\n",
      "host.client ERR: [\"qemu-system-x86_64: warning: host doesn't support requested feature: CPUID.0DH:EAX [bit 7]\"]\n",
      "net. ERR: ['Switch connecting to: /simbricks/labs/out/lab1_test1/nic.eth.client.']\n",
      "nic.server. ERR: ['sync_pci=0 sync_eth=1']\n",
      "nic.client. ERR: ['sync_pci=0 sync_eth=1']\n",
      "host.client OUT: ['early console in extract_kernel\\r']\n",
      "host.client OUT: ['input_data: 0x00000000020cd2c8\\r']\n",
      "host.client OUT: ['input_len: 0x00000000003cd76e\\r']\n",
      "host.client OUT: ['output: 0x0000000001000000\\r']\n",
      "host.client OUT: ['output_len: 0x0000000001475a98\\r']\n",
      "host.client OUT: ['kernel_total_size: 0x0000000001226000\\r']\n",
      "host.client OUT: ['needed_size: 0x0000000001600000\\r']\n",
      "host.client OUT: ['trampoline_32bit: 0x000000000009d000\\r']\n",
      "host.client OUT: ['\\r']\n",
      "host.server OUT: ['early console in extract_kernel\\r']\n",
      "host.server OUT: ['input_data: 0x00000000020cd2c8\\r']\n",
      "host.server OUT: ['input_len: 0x00000000003cd76e\\r']\n",
      "host.server OUT: ['output: 0x0000000001000000\\r']\n",
      "host.server OUT: ['output_len: 0x0000000001475a98\\r']\n",
      "host.server OUT: ['kernel_total_size: 0x0000000001226000\\r']\n",
      "host.server OUT: ['needed_size: 0x0000000001600000\\r']\n",
      "host.server OUT: ['trampoline_32bit: 0x000000000009d000\\r']\n",
      "host.server OUT: ['\\r']\n",
      "host.client OUT: ['Decompressing Linux... Parsing ELF... done.\\r']\n",
      "host.client OUT: ['Booting the kernel.\\r']\n",
      "host.client OUT: ['[    0.000000] Linux version 5.4.46 (root@efcb94532a5b) (gcc version 11.2.0 (Ubuntu 11.2.0-19ubuntu1)) #1 SMP Fri May 27 13:01:20 UTC 2022\\r']\n",
      "host.client OUT: ['[    0.000000] Command line: earlyprintk=ttyS0 console=ttyS0 root=/dev/sda1 init=/home/ubuntu/guestinit.sh rw\\r']\n",
      "host.client OUT: ['[    0.000000] ------------[ cut here ]------------\\r']\n",
      "host.client OUT: ['[    0.000000] XSAVE consistency problem, dumping leaves\\r']\n",
      "host.client OUT: ['[    0.000000] WARNING: CPU: 0 PID: 0 at arch/x86/kernel/fpu/xstate.c:608 fpu__init_system_xstate+0x49b/0x780\\r']\n",
      "host.client OUT: ['[    0.000000] Modules linked in:\\r']\n",
      "host.client OUT: ['[    0.000000] CPU: 0 PID: 0 Comm: swapper Not tainted 5.4.46 #1\\r']\n",
      "host.client OUT: ['[    0.000000] RIP: 0010:fpu__init_system_xstate+0x49b/0x780\\r']\n",
      "host.client OUT: ['[    0.000000] Code: dd e9 4a fd ff ff 3b 2d 34 6c 1b 00 74 23 80 3d 35 5d e6 ff 00 75 15 48 c7 c7 11 ab b2 81 c6 05 25 5d e6 ff 01 e8 3a bd 17 ff <0f> 0b e8 78 43 15 ff 48 8b 35 c0 14 e7 ff 44 89 f7 44 89 35 96 6c\\r']\n",
      "host.client OUT: ['[    0.000000] RSP: 0000:ffffffff81c03e50 EFLAGS: 00010082 ORIG_RAX: 0000000000000000\\r']\n",
      "host.client OUT: ['[    0.000000] RAX: 0000000000000029 RBX: 0000000000000a80 RCX: 0000000000000000\\r']\n",
      "host.client OUT: ['[    0.000000] RDX: fff0be05d964b800 RSI: ffffffff820a0dc9 RDI: ffffffff8209e988\\r']\n",
      "host.client OUT: ['[    0.000000] RBP: 0000000000000a88 R08: ffffffff820a0da0 R09: 0000000000000029\\r']\n",
      "host.server OUT: ['Decompressing Linux... Parsing ELF... done.\\r']\n",
      "host.server OUT: ['Booting the kernel.\\r']\n",
      "host.client OUT: ['[    0.000000] R10: ffffffff820a09af R11: ffffffff81c03cb5 R12: 000000000000000a\\r']\n",
      "host.client OUT: ['[    0.000000] R13: 0000000000000008 R14: 0000000000000988 R15: 0000000000000001\\r']\n",
      "host.client OUT: ['[    0.000000] FS:  0000000000000000(0000) GS:ffffffff81e94000(0000) knlGS:0000000000000000\\r']\n",
      "host.client OUT: ['[    0.000000] CS:  0010 DS: 0000 ES: 0000 CR0: 0000000080050033\\r']\n",
      "host.server OUT: ['[    0.000000] Linux version 5.4.46 (root@efcb94532a5b) (gcc version 11.2.0 (Ubuntu 11.2.0-19ubuntu1)) #1 SMP Fri May 27 13:01:20 UTC 2022\\r']\n",
      "host.server OUT: ['[    0.000000] Command line: earlyprintk=ttyS0 console=ttyS0 root=/dev/sda1 init=/home/ubuntu/guestinit.sh rw\\r']\n",
      "host.client OUT: ['[    0.000000] CR2: ffff888000014030 CR3: 0000000001f0f000 CR4: 00000000000406a0\\r']\n",
      "host.server OUT: ['[    0.000000] ------------[ cut here ]------------\\r']\n",
      "host.client OUT: ['[    0.000000] Call Trace:\\r']\n",
      "host.server OUT: ['[    0.000000] XSAVE consistency problem, dumping leaves\\r']\n",
      "host.client OUT: ['[    0.000000]  ? fpu__init_system+0x1b1/0x1db\\r']\n",
      "host.client OUT: ['[    0.000000]  ? early_init_amd+0x69/0x22b\\r']\n",
      "host.server OUT: ['[    0.000000] WARNING: CPU: 0 PID: 0 at arch/x86/kernel/fpu/xstate.c:608 fpu__init_system_xstate+0x49b/0x780\\r']\n",
      "host.server OUT: ['[    0.000000] Modules linked in:\\r']\n",
      "host.server OUT: ['[    0.000000] CPU: 0 PID: 0 Comm: swapper Not tainted 5.4.46 #1\\r']\n",
      "host.server OUT: ['[    0.000000] RIP: 0010:fpu__init_system_xstate+0x49b/0x780\\r']\n",
      "host.client OUT: ['[    0.000000]  ? cpu_matches+0x9/0x21\\r']\n",
      "host.client OUT: ['[    0.000000]  ? early_cpu_init+0x3be/0x3e6\\r']\n",
      "host.client OUT: ['[    0.000000]  ? setup_arch+0xbc/0xaee\\r']\n",
      "host.client OUT: ['[    0.000000]  ? start_kernel+0x49/0x464\\r']\n",
      "host.client OUT: ['[    0.000000]  ? secondary_startup_64+0xa4/0xb0\\r']\n",
      "host.client OUT: ['[    0.000000] random: get_random_bytes called from init_oops_id+0x21/0x30 with crng_init=0\\r']\n",
      "host.server OUT: ['[    0.000000] Code: dd e9 4a fd ff ff 3b 2d 34 6c 1b 00 74 23 80 3d 35 5d e6 ff 00 75 15 48 c7 c7 11 ab b2 81 c6 05 25 5d e6 ff 01 e8 3a bd 17 ff <0f> 0b e8 78 43 15 ff 48 8b 35 c0 14 e7 ff 44 89 f7 44 89 35 96 6c\\r']\n",
      "host.server OUT: ['[    0.000000] RSP: 0000:ffffffff81c03e50 EFLAGS: 00010082 ORIG_RAX: 0000000000000000\\r']\n",
      "host.server OUT: ['[    0.000000] RAX: 0000000000000029 RBX: 0000000000000a80 RCX: 0000000000000000\\r']\n",
      "host.client OUT: ['[    0.000000] ---[ end trace 54135ed7fcddff55 ]---\\r']\n",
      "host.client OUT: ['[    0.000000] CPUID[0d, 00]: eax=00000207 ebx=00000988 ecx=00000a88 edx=00000000\\r']\n",
      "host.client OUT: ['[    0.000000] CPUID[0d, 01]: eax=00000007 ebx=00000348 ecx=00000000 edx=00000000\\r']\n",
      "host.server OUT: ['[    0.000000] RDX: fff0be05d964b800 RSI: ffffffff820a0dc9 RDI: ffffffff8209e988\\r']\n",
      "host.server OUT: ['[    0.000000] RBP: 0000000000000a88 R08: ffffffff820a0da0 R09: 0000000000000029\\r']\n",
      "host.server OUT: ['[    0.000000] R10: ffffffff820a09af R11: ffffffff81c03cb5 R12: 000000000000000a\\r']\n",
      "host.server OUT: ['[    0.000000] R13: 0000000000000008 R14: 0000000000000988 R15: 0000000000000001\\r']\n",
      "host.server OUT: ['[    0.000000] FS:  0000000000000000(0000) GS:ffffffff81e94000(0000) knlGS:0000000000000000\\r']\n",
      "host.client OUT: ['[    0.000000] CPUID[0d, 02]: eax=00000100 ebx=00000240 ecx=00000000 edx=00000000\\r']\n",
      "host.client OUT: ['[    0.000000] CPUID[0d, 03]: eax=00000000 ebx=00000000 ecx=00000000 edx=00000000\\r']\n",
      "host.client OUT: ['[    0.000000] CPUID[0d, 04]: eax=00000000 ebx=00000000 ecx=00000000 edx=00000000\\r']\n",
      "host.client OUT: ['[    0.000000] CPUID[0d, 05]: eax=00000000 ebx=00000000 ecx=00000000 edx=00000000\\r']\n",
      "host.server OUT: ['[    0.000000] CS:  0010 DS: 0000 ES: 0000 CR0: 0000000080050033\\r']\n",
      "host.server OUT: ['[    0.000000] CR2: ffff888000014030 CR3: 0000000001f0f000 CR4: 00000000000406a0\\r']\n",
      "host.server OUT: ['[    0.000000] Call Trace:\\r']\n",
      "host.server OUT: ['[    0.000000]  ? fpu__init_system+0x1b1/0x1db\\r']\n",
      "host.server OUT: ['[    0.000000]  ? early_init_amd+0x69/0x22b\\r']\n",
      "host.server OUT: ['[    0.000000]  ? cpu_matches+0x9/0x21\\r']\n",
      "host.client OUT: ['[    0.000000] CPUID[0d, 06]: eax=00000000 ebx=00000000 ecx=00000000 edx=00000000\\r']\n",
      "host.client OUT: ['[    0.000000] CPUID[0d, 07]: eax=00000000 ebx=00000000 ecx=00000000 edx=00000000\\r']\n",
      "host.client OUT: ['[    0.000000] CPUID[0d, 08]: eax=00000000 ebx=00000000 ecx=00000000 edx=00000000\\r']\n",
      "host.server OUT: ['[    0.000000]  ? early_cpu_init+0x3be/0x3e6\\r']\n",
      "host.server OUT: ['[    0.000000]  ? setup_arch+0xbc/0xaee\\r']\n",
      "host.server OUT: ['[    0.000000]  ? start_kernel+0x49/0x464\\r']\n",
      "host.server OUT: ['[    0.000000]  ? secondary_startup_64+0xa4/0xb0\\r']\n",
      "host.server OUT: ['[    0.000000] random: get_random_bytes called from init_oops_id+0x21/0x30 with crng_init=0\\r']\n",
      "host.server OUT: ['[    0.000000] ---[ end trace ab3660e666378c7d ]---\\r']\n",
      "host.client OUT: ['[    0.000000] CPUID[0d, 09]: eax=00000008 ebx=00000a80 ecx=00000000 edx=00000000\\r']\n",
      "host.client OUT: ['[    0.000000] CPUID[0d, 0a]: eax=00000000 ebx=00000000 ecx=00000000 edx=00000000\\r']\n",
      "host.client OUT: ['[    0.000000] CPUID[0d, 0b]: eax=00000000 ebx=00000000 ecx=00000000 edx=00000000\\r']\n",
      "host.server OUT: ['[    0.000000] CPUID[0d, 00]: eax=00000207 ebx=00000988 ecx=00000a88 edx=00000000\\r']\n",
      "host.server OUT: ['[    0.000000] CPUID[0d, 01]: eax=00000007 ebx=00000348 ecx=00000000 edx=00000000\\r']\n",
      "host.server OUT: ['[    0.000000] CPUID[0d, 02]: eax=00000100 ebx=00000240 ecx=00000000 edx=00000000\\r']\n",
      "host.server OUT: ['[    0.000000] CPUID[0d, 03]: eax=00000000 ebx=00000000 ecx=00000000 edx=00000000\\r']\n",
      "host.client OUT: ['[    0.000000] CPUID[0d, 0c]: eax=00000000 ebx=00000000 ecx=00000000 edx=00000000\\r']\n",
      "host.client OUT: ['[    0.000000] CPUID[0d, 0d]: eax=00000000 ebx=00000000 ecx=00000000 edx=00000000\\r']\n",
      "host.client OUT: ['[    0.000000] CPUID[0d, 0e]: eax=00000000 ebx=00000000 ecx=00000000 edx=00000000\\r']\n",
      "host.server OUT: ['[    0.000000] CPUID[0d, 04]: eax=00000000 ebx=00000000 ecx=00000000 edx=00000000\\r']\n",
      "host.server OUT: ['[    0.000000] CPUID[0d, 05]: eax=00000000 ebx=00000000 ecx=00000000 edx=00000000\\r']\n",
      "host.server OUT: ['[    0.000000] CPUID[0d, 06]: eax=00000000 ebx=00000000 ecx=00000000 edx=00000000\\r']\n",
      "host.server OUT: ['[    0.000000] CPUID[0d, 07]: eax=00000000 ebx=00000000 ecx=00000000 edx=00000000\\r']\n",
      "host.server OUT: ['[    0.000000] CPUID[0d, 08]: eax=00000000 ebx=00000000 ecx=00000000 edx=00000000\\r']\n",
      "host.server OUT: ['[    0.000000] CPUID[0d, 09]: eax=00000008 ebx=00000a80 ecx=00000000 edx=00000000\\r']\n",
      "host.client OUT: ['[    0.000000] CPUID[0d, 0f]: eax=00000000 ebx=00000000 ecx=00000000 edx=00000000\\r']\n",
      "host.client OUT: ['[    0.000000] CPUID[0d, 10]: eax=00000000 ebx=00000000 ecx=00000000 edx=00000000\\r']\n",
      "host.client OUT: ['[    0.000000] CPUID[0d, 11]: eax=00000000 ebx=00000000 ecx=00000000 edx=00000000\\r']\n",
      "host.client OUT: ['[    0.000000] CPUID[0d, 12]: eax=00000000 ebx=00000000 ecx=00000000 edx=00000000\\r']\n",
      "host.client OUT: ['[    0.000000] CPUID[0d, 13]: eax=00000000 ebx=00000000 ecx=00000000 edx=00000000\\r']\n",
      "host.client OUT: [\"[    0.000000] x86/fpu: Supporting XSAVE feature 0x001: 'x87 floating point registers'\\r\"]\n",
      "host.server OUT: ['[    0.000000] CPUID[0d, 0a]: eax=00000000 ebx=00000000 ecx=00000000 edx=00000000\\r']\n",
      "host.server OUT: ['[    0.000000] CPUID[0d, 0b]: eax=00000000 ebx=00000000 ecx=00000000 edx=00000000\\r']\n",
      "host.server OUT: ['[    0.000000] CPUID[0d, 0c]: eax=00000000 ebx=00000000 ecx=00000000 edx=00000000\\r']\n",
      "host.server OUT: ['[    0.000000] CPUID[0d, 0d]: eax=00000000 ebx=00000000 ecx=00000000 edx=00000000\\r']\n",
      "host.server OUT: ['[    0.000000] CPUID[0d, 0e]: eax=00000000 ebx=00000000 ecx=00000000 edx=00000000\\r']\n",
      "host.server OUT: ['[    0.000000] CPUID[0d, 0f]: eax=00000000 ebx=00000000 ecx=00000000 edx=00000000\\r']\n",
      "host.client OUT: [\"[    0.000000] x86/fpu: Supporting XSAVE feature 0x002: 'SSE registers'\\r\"]\n",
      "host.client OUT: [\"[    0.000000] x86/fpu: Supporting XSAVE feature 0x004: 'AVX registers'\\r\"]\n",
      "host.client OUT: [\"[    0.000000] x86/fpu: Supporting XSAVE feature 0x200: 'Protection Keys User registers'\\r\"]\n",
      "host.client OUT: ['[    0.000000] x86/fpu: xstate_offset[2]:  576, xstate_sizes[2]:  256\\r']\n",
      "host.server OUT: ['[    0.000000] CPUID[0d, 10]: eax=00000000 ebx=00000000 ecx=00000000 edx=00000000\\r']\n",
      "host.client OUT: ['[    0.000000] x86/fpu: xstate_offset[9]: 2688, xstate_sizes[9]:    8\\r']\n",
      "host.server OUT: ['[    0.000000] CPUID[0d, 11]: eax=00000000 ebx=00000000 ecx=00000000 edx=00000000\\r']\n",
      "host.server OUT: ['[    0.000000] CPUID[0d, 12]: eax=00000000 ebx=00000000 ecx=00000000 edx=00000000\\r']\n",
      "host.server OUT: ['[    0.000000] CPUID[0d, 13]: eax=00000000 ebx=00000000 ecx=00000000 edx=00000000\\r']\n",
      "host.server OUT: [\"[    0.000000] x86/fpu: Supporting XSAVE feature 0x001: 'x87 floating point registers'\\r\"]\n",
      "host.server OUT: [\"[    0.000000] x86/fpu: Supporting XSAVE feature 0x002: 'SSE registers'\\r\"]\n",
      "host.server OUT: [\"[    0.000000] x86/fpu: Supporting XSAVE feature 0x004: 'AVX registers'\\r\"]\n",
      "host.server OUT: [\"[    0.000000] x86/fpu: Supporting XSAVE feature 0x200: 'Protection Keys User registers'\\r\"]\n",
      "host.server OUT: ['[    0.000000] x86/fpu: xstate_offset[2]:  576, xstate_sizes[2]:  256\\r']\n",
      "host.client OUT: [\"[    0.000000] x86/fpu: Enabled xstate features 0x207, context size is 2440 bytes, using 'standard' format.\\r\"]\n",
      "host.client OUT: ['[    0.000000] BIOS-provided physical RAM map:\\r']\n",
      "host.client OUT: ['[    0.000000] BIOS-e820: [mem 0x0000000000000000-0x000000000009fbff] usable\\r']\n",
      "host.client OUT: ['[    0.000000] BIOS-e820: [mem 0x000000000009fc00-0x000000000009ffff] reserved\\r']\n",
      "host.client OUT: ['[    0.000000] BIOS-e820: [mem 0x00000000000f0000-0x00000000000fffff] reserved\\r']\n",
      "host.server OUT: ['[    0.000000] x86/fpu: xstate_offset[9]: 2688, xstate_sizes[9]:    8\\r']\n",
      "host.server OUT: [\"[    0.000000] x86/fpu: Enabled xstate features 0x207, context size is 2440 bytes, using 'standard' format.\\r\"]\n",
      "host.client OUT: ['[    0.000000] BIOS-e820: [mem 0x0000000000100000-0x000000007ffddfff] usable\\r']\n",
      "host.client OUT: ['[    0.000000] BIOS-e820: [mem 0x000000007ffde000-0x000000007fffffff] reserved\\r']\n",
      "host.client OUT: ['[    0.000000] BIOS-e820: [mem 0x00000000b0000000-0x00000000bfffffff] reserved\\r']\n",
      "host.server OUT: ['[    0.000000] BIOS-provided physical RAM map:\\r']\n",
      "host.server OUT: ['[    0.000000] BIOS-e820: [mem 0x0000000000000000-0x000000000009fbff] usable\\r']\n",
      "host.server OUT: ['[    0.000000] BIOS-e820: [mem 0x000000000009fc00-0x000000000009ffff] reserved\\r']\n",
      "host.server OUT: ['[    0.000000] BIOS-e820: [mem 0x00000000000f0000-0x00000000000fffff] reserved\\r']\n",
      "host.server OUT: ['[    0.000000] BIOS-e820: [mem 0x0000000000100000-0x000000007ffddfff] usable\\r']\n",
      "host.server OUT: ['[    0.000000] BIOS-e820: [mem 0x000000007ffde000-0x000000007fffffff] reserved\\r']\n",
      "host.server OUT: ['[    0.000000] BIOS-e820: [mem 0x00000000b0000000-0x00000000bfffffff] reserved\\r']\n",
      "host.client OUT: ['[    0.000000] BIOS-e820: [mem 0x00000000fed1c000-0x00000000fed1ffff] reserved\\r']\n",
      "host.client OUT: ['[    0.000000] BIOS-e820: [mem 0x00000000feffc000-0x00000000feffffff] reserved\\r']\n",
      "host.client OUT: ['[    0.000000] BIOS-e820: [mem 0x00000000fffc0000-0x00000000ffffffff] reserved\\r']\n",
      "host.client OUT: ['[    0.000000] BIOS-e820: [mem 0x0000000100000000-0x000000027fffffff] usable\\r']\n",
      "host.client OUT: ['[    0.000000] printk: bootconsole [earlyser0] enabled\\r']\n",
      "host.client OUT: ['[    0.000000] NX (Execute Disable) protection: active\\r']\n",
      "host.client OUT: ['[    0.000000] SMBIOS 2.8 present.\\r']\n",
      "host.server OUT: ['[    0.000000] BIOS-e820: [mem 0x00000000fed1c000-0x00000000fed1ffff] reserved\\r']\n",
      "host.server OUT: ['[    0.000000] BIOS-e820: [mem 0x00000000feffc000-0x00000000feffffff] reserved\\r']\n",
      "host.server OUT: ['[    0.000000] BIOS-e820: [mem 0x00000000fffc0000-0x00000000ffffffff] reserved\\r']\n",
      "host.server OUT: ['[    0.000000] BIOS-e820: [mem 0x0000000100000000-0x000000027fffffff] usable\\r']\n",
      "host.client OUT: ['[    0.000000] DMI: QEMU Standard PC (Q35 + ICH9, 2009), BIOS rel-1.14.0-0-g155821a1990b-prebuilt.qemu.org 04/01/2014\\r']\n",
      "host.client OUT: ['[    0.000000] Hypervisor detected: KVM\\r']\n",
      "host.client OUT: ['[    0.000000] kvm-clock: Using msrs 4b564d01 and 4b564d00\\r']\n",
      "host.client OUT: ['[    0.000000] kvm-clock: cpu 0, msr 208b001, primary cpu clock\\r']\n",
      "host.server OUT: ['[    0.000000] printk: bootconsole [earlyser0] enabled\\r']\n",
      "host.server OUT: ['[    0.000000] NX (Execute Disable) protection: active\\r']\n",
      "host.server OUT: ['[    0.000000] SMBIOS 2.8 present.\\r']\n",
      "host.server OUT: ['[    0.000000] DMI: QEMU Standard PC (Q35 + ICH9, 2009), BIOS rel-1.14.0-0-g155821a1990b-prebuilt.qemu.org 04/01/2014\\r']\n",
      "host.server OUT: ['[    0.000000] Hypervisor detected: KVM\\r']\n",
      "host.server OUT: ['[    0.000000] kvm-clock: Using msrs 4b564d01 and 4b564d00\\r']\n",
      "host.server OUT: ['[    0.000000] kvm-clock: cpu 0, msr 208b001, primary cpu clock\\r']\n",
      "host.server OUT: ['[    0.000000] kvm-clock: using sched offset of 181220203 cycles\\r']\n",
      "host.server OUT: ['[    0.000479] clocksource: kvm-clock: mask: 0xffffffffffffffff max_cycles: 0x1cd42e4dffb, max_idle_ns: 881590591483 ns\\r']\n",
      "host.server OUT: ['[    0.001875] tsc: Detected 3199.294 MHz processor\\r']\n",
      "host.client OUT: ['[    0.000000] kvm-clock: using sched offset of 175500941 cycles\\r']\n",
      "host.client OUT: ['[    0.000480] clocksource: kvm-clock: mask: 0xffffffffffffffff max_cycles: 0x1cd42e4dffb, max_idle_ns: 881590591483 ns\\r']\n",
      "host.client OUT: ['[    0.001905] tsc: Detected 3199.294 MHz processor\\r']\n",
      "host.client OUT: ['[    0.002955] last_pfn = 0x280000 max_arch_pfn = 0x400000000\\r']\n",
      "host.client OUT: ['[    0.003463] x86/PAT: Configuration [0-7]: WB  WC  UC- UC  WB  WP  UC- WT  \\r']\n",
      "host.client OUT: ['[    0.004067] last_pfn = 0x7ffde max_arch_pfn = 0x400000000\\r']\n",
      "host.client OUT: ['[    0.006015] found SMP MP-table at [mem 0x000f5ab0-0x000f5abf]\\r']\n",
      "host.client OUT: ['[    0.006563] Using GB pages for direct mapping\\r']\n",
      "host.client OUT: ['[    0.007247] ACPI: Early table checksum verification disabled\\r']\n",
      "host.client OUT: ['[    0.007737] ACPI: RSDP 0x00000000000F58C0 000014 (v00 BOCHS )\\r']\n",
      "host.client OUT: ['[    0.008223] ACPI: RSDT 0x000000007FFE20CE 000038 (v01 BOCHS  BXPCRSDT 00000001 BXPC 00000001)\\r']\n",
      "host.client OUT: ['[    0.008949] ACPI: FACP 0x000000007FFE1EC6 0000F4 (v03 BOCHS  BXPCFACP 00000001 BXPC 00000001)\\r']\n",
      "host.client OUT: ['[    0.009664] ACPI: DSDT 0x000000007FFE0040 001E86 (v01 BOCHS  BXPCDSDT 00000001 BXPC 00000001)\\r']\n",
      "host.client OUT: ['[    0.010388] ACPI: FACS 0x000000007FFE0000 000040\\r']\n",
      "host.client OUT: ['[    0.010782] ACPI: APIC 0x000000007FFE1FBA 000078 (v01 BOCHS  BXPCAPIC 00000001 BXPC 00000001)\\r']\n",
      "host.client OUT: ['[    0.011500] ACPI: HPET 0x000000007FFE2032 000038 (v01 BOCHS  BXPCHPET 00000001 BXPC 00000001)\\r']\n",
      "host.client OUT: ['[    0.012222] ACPI: MCFG 0x000000007FFE206A 00003C (v01 BOCHS  BXPCMCFG 00000001 BXPC 00000001)\\r']\n",
      "host.client OUT: ['[    0.012944] ACPI: WAET 0x000000007FFE20A6 000028 (v01 BOCHS  BXPCWAET 00000001 BXPC 00000001)\\r']\n",
      "host.client OUT: ['[    0.013868] No NUMA configuration found\\r']\n",
      "host.client OUT: ['[    0.014192] Faking a node at [mem 0x0000000000000000-0x000000027fffffff]\\r']\n",
      "host.server OUT: ['[    0.002916] last_pfn = 0x280000 max_arch_pfn = 0x400000000\\r']\n",
      "host.server OUT: ['[    0.003439] x86/PAT: Configuration [0-7]: WB  WC  UC- UC  WB  WP  UC- WT  \\r']\n",
      "host.server OUT: ['[    0.004046] last_pfn = 0x7ffde max_arch_pfn = 0x400000000\\r']\n",
      "host.server OUT: ['[    0.005937] found SMP MP-table at [mem 0x000f5ab0-0x000f5abf]\\r']\n",
      "host.server OUT: ['[    0.006487] Using GB pages for direct mapping\\r']\n",
      "host.server OUT: ['[    0.007175] ACPI: Early table checksum verification disabled\\r']\n",
      "host.server OUT: ['[    0.007672] ACPI: RSDP 0x00000000000F58C0 000014 (v00 BOCHS )\\r']\n",
      "host.server OUT: ['[    0.008178] ACPI: RSDT 0x000000007FFE20CE 000038 (v01 BOCHS  BXPCRSDT 00000001 BXPC 00000001)\\r']\n",
      "host.server OUT: ['[    0.008917] ACPI: FACP 0x000000007FFE1EC6 0000F4 (v03 BOCHS  BXPCFACP 00000001 BXPC 00000001)\\r']\n",
      "host.server OUT: ['[    0.009676] ACPI: DSDT 0x000000007FFE0040 001E86 (v01 BOCHS  BXPCDSDT 00000001 BXPC 00000001)\\r']\n",
      "host.server OUT: ['[    0.010420] ACPI: FACS 0x000000007FFE0000 000040\\r']\n",
      "host.client OUT: ['[    0.014767] NODE_DATA(0) allocated [mem 0x27ffdc000-0x27fffdfff]\\r']\n",
      "host.client OUT: ['[    0.015844] Zone ranges:\\r']\n",
      "host.client OUT: ['[    0.016061]   DMA      [mem 0x0000000000001000-0x0000000000ffffff]\\r']\n",
      "host.client OUT: ['[    0.016673]   DMA32    [mem 0x0000000001000000-0x00000000ffffffff]\\r']\n",
      "host.client OUT: ['[    0.017419]   Normal   [mem 0x0000000100000000-0x000000027fffffff]\\r']\n",
      "host.client OUT: ['[    0.018252] Movable zone start for each node\\r']\n",
      "host.client OUT: ['[    0.018791] Early memory node ranges\\r']\n",
      "host.client OUT: ['[    0.019228]   node   0: [mem 0x0000000000001000-0x000000000009efff]\\r']\n",
      "host.client OUT: ['[    0.019988]   node   0: [mem 0x0000000000100000-0x000000007ffddfff]\\r']\n",
      "host.client OUT: ['[    0.020693]   node   0: [mem 0x0000000100000000-0x000000027fffffff]\\r']\n",
      "host.client OUT: ['[    0.021653] Zeroed struct page in unavailable ranges: 132 pages\\r']\n",
      "host.client OUT: ['[    0.021655] Initmem setup node 0 [mem 0x0000000000001000-0x000000027fffffff]\\r']\n",
      "host.server OUT: ['[    0.010818] ACPI: APIC 0x000000007FFE1FBA 000078 (v01 BOCHS  BXPCAPIC 00000001 BXPC 00000001)\\r']\n",
      "host.server OUT: ['[    0.011575] ACPI: HPET 0x000000007FFE2032 000038 (v01 BOCHS  BXPCHPET 00000001 BXPC 00000001)\\r']\n",
      "host.server OUT: ['[    0.012328] ACPI: MCFG 0x000000007FFE206A 00003C (v01 BOCHS  BXPCMCFG 00000001 BXPC 00000001)\\r']\n",
      "host.server OUT: ['[    0.013243] ACPI: WAET 0x000000007FFE20A6 000028 (v01 BOCHS  BXPCWAET 00000001 BXPC 00000001)\\r']\n",
      "host.server OUT: ['[    0.014638] No NUMA configuration found\\r']\n",
      "host.server OUT: ['[    0.015126] Faking a node at [mem 0x0000000000000000-0x000000027fffffff]\\r']\n",
      "host.server OUT: ['[    0.015962] NODE_DATA(0) allocated [mem 0x27ffdc000-0x27fffdfff]\\r']\n",
      "host.server OUT: ['[    0.017470] Zone ranges:\\r']\n",
      "host.server OUT: ['[    0.017763]   DMA      [mem 0x0000000000001000-0x0000000000ffffff]\\r']\n",
      "host.server OUT: ['[    0.018465]   DMA32    [mem 0x0000000001000000-0x00000000ffffffff]\\r']\n",
      "host.server OUT: ['[    0.019164]   Normal   [mem 0x0000000100000000-0x000000027fffffff]\\r']\n",
      "host.server OUT: ['[    0.019851] Movable zone start for each node\\r']\n",
      "host.server OUT: ['[    0.020362] Early memory node ranges\\r']\n",
      "host.server OUT: ['[    0.020795]   node   0: [mem 0x0000000000001000-0x000000000009efff]\\r']\n",
      "host.server OUT: ['[    0.021552]   node   0: [mem 0x0000000000100000-0x000000007ffddfff]\\r']\n",
      "host.server OUT: ['[    0.022317]   node   0: [mem 0x0000000100000000-0x000000027fffffff]\\r']\n",
      "host.server OUT: ['[    0.023465] Zeroed struct page in unavailable ranges: 132 pages\\r']\n",
      "host.server OUT: ['[    0.023468] Initmem setup node 0 [mem 0x0000000000001000-0x000000027fffffff]\\r']\n",
      "host.client OUT: ['[    0.076514] ACPI: PM-Timer IO Port: 0x608\\r']\n",
      "host.client OUT: ['[    0.077082] ACPI: LAPIC_NMI (acpi_id[0xff] dfl dfl lint[0x1])\\r']\n",
      "host.client OUT: ['[    0.077818] IOAPIC[0]: apic_id 0, version 17, address 0xfec00000, GSI 0-23\\r']\n",
      "host.client OUT: ['[    0.078668] ACPI: INT_SRC_OVR (bus 0 bus_irq 0 global_irq 2 dfl dfl)\\r']\n",
      "host.client OUT: ['[    0.079432] ACPI: INT_SRC_OVR (bus 0 bus_irq 5 global_irq 5 high level)\\r']\n",
      "host.server OUT: ['[    0.076575] ACPI: PM-Timer IO Port: 0x608\\r']\n",
      "host.client OUT: ['[    0.080257] ACPI: INT_SRC_OVR (bus 0 bus_irq 9 global_irq 9 high level)\\r']\n",
      "host.server OUT: ['[    0.077010] ACPI: LAPIC_NMI (acpi_id[0xff] dfl dfl lint[0x1])\\r']\n",
      "host.client OUT: ['[    0.081088] ACPI: INT_SRC_OVR (bus 0 bus_irq 10 global_irq 10 high level)\\r']\n",
      "host.server OUT: ['[    0.077518] IOAPIC[0]: apic_id 0, version 17, address 0xfec00000, GSI 0-23\\r']\n",
      "host.client OUT: ['[    0.081906] ACPI: INT_SRC_OVR (bus 0 bus_irq 11 global_irq 11 high level)\\r']\n",
      "host.server OUT: ['[    0.078125] ACPI: INT_SRC_OVR (bus 0 bus_irq 0 global_irq 2 dfl dfl)\\r']\n",
      "host.client OUT: ['[    0.082706] Using ACPI (MADT) for SMP configuration information\\r']\n",
      "host.server OUT: ['[    0.078674] ACPI: INT_SRC_OVR (bus 0 bus_irq 5 global_irq 5 high level)\\r']\n",
      "host.client OUT: ['[    0.083446] ACPI: HPET id: 0x8086a201 base: 0xfed00000\\r']\n",
      "host.server OUT: ['[    0.079258] ACPI: INT_SRC_OVR (bus 0 bus_irq 9 global_irq 9 high level)\\r']\n",
      "host.server OUT: ['[    0.079823] ACPI: INT_SRC_OVR (bus 0 bus_irq 10 global_irq 10 high level)\\r']\n",
      "host.server OUT: ['[    0.080429] ACPI: INT_SRC_OVR (bus 0 bus_irq 11 global_irq 11 high level)\\r']\n",
      "host.client OUT: ['[    0.084116] smpboot: Allowing 1 CPUs, 0 hotplug CPUs\\r']\n",
      "host.server OUT: ['[    0.081033] Using ACPI (MADT) for SMP configuration information\\r']\n",
      "host.client OUT: ['[    0.084724] [mem 0xc0000000-0xfed1bfff] available for PCI devices\\r']\n",
      "host.server OUT: ['[    0.081577] ACPI: HPET id: 0x8086a201 base: 0xfed00000\\r']\n",
      "host.server OUT: ['[    0.082029] smpboot: Allowing 1 CPUs, 0 hotplug CPUs\\r']\n",
      "host.server OUT: ['[    0.082527] [mem 0xc0000000-0xfed1bfff] available for PCI devices\\r']\n",
      "host.client OUT: ['[    0.085490] Booting paravirtualized kernel on KVM\\r']\n",
      "host.server OUT: ['[    0.083189] Booting paravirtualized kernel on KVM\\r']\n",
      "host.client OUT: ['[    0.086124] clocksource: refined-jiffies: mask: 0xffffffff max_cycles: 0xffffffff, max_idle_ns: 1910969940391419 ns\\r']\n",
      "host.server OUT: ['[    0.083675] clocksource: refined-jiffies: mask: 0xffffffff max_cycles: 0xffffffff, max_idle_ns: 1910969940391419 ns\\r']\n",
      "host.server OUT: ['[    0.102164] setup_percpu: NR_CPUS:8192 nr_cpumask_bits:1 nr_cpu_ids:1 nr_node_ids:1\\r']\n",
      "host.server OUT: ['[    0.104017] percpu: Embedded 49 pages/cpu s159768 r8192 d32744 u2097152\\r']\n",
      "host.server OUT: ['[    0.104830] KVM setup async PF for cpu 0\\r']\n",
      "host.server OUT: ['[    0.105313] kvm-stealtime: cpu 0, msr 278c16080\\r']\n",
      "host.server OUT: ['[    0.105879] Built 1 zonelists, mobility grouping on.  Total pages: 2068327\\r']\n",
      "host.server OUT: ['[    0.106745] Policy zone: Normal\\r']\n",
      "host.server OUT: ['[    0.107188] Kernel command line: earlyprintk=ttyS0 console=ttyS0 root=/dev/sda1 init=/home/ubuntu/guestinit.sh rw\\r']\n",
      "host.client OUT: ['[    0.112726] setup_percpu: NR_CPUS:8192 nr_cpumask_bits:1 nr_cpu_ids:1 nr_node_ids:1\\r']\n",
      "host.server OUT: ['[    0.109910] Dentry cache hash table entries: 1048576 (order: 11, 8388608 bytes, linear)\\r']\n",
      "host.client OUT: ['[    0.114406] percpu: Embedded 49 pages/cpu s159768 r8192 d32744 u2097152\\r']\n",
      "host.client OUT: ['[    0.115364] KVM setup async PF for cpu 0\\r']\n",
      "host.client OUT: ['[    0.115872] kvm-stealtime: cpu 0, msr 278c16080\\r']\n",
      "host.server OUT: ['[    0.111848] Inode-cache hash table entries: 524288 (order: 10, 4194304 bytes, linear)\\r']\n",
      "host.client OUT: ['[    0.116453] Built 1 zonelists, mobility grouping on.  Total pages: 2068327\\r']\n",
      "host.server OUT: ['[    0.112878] mem auto-init: stack:off, heap alloc:off, heap free:off\\r']\n",
      "host.client OUT: ['[    0.117279] Policy zone: Normal\\r']\n",
      "host.client OUT: ['[    0.117631] Kernel command line: earlyprintk=ttyS0 console=ttyS0 root=/dev/sda1 init=/home/ubuntu/guestinit.sh rw\\r']\n",
      "host.client OUT: ['[    0.120669] Dentry cache hash table entries: 1048576 (order: 11, 8388608 bytes, linear)\\r']\n",
      "host.client OUT: ['[    0.122924] Inode-cache hash table entries: 524288 (order: 10, 4194304 bytes, linear)\\r']\n",
      "host.client OUT: ['[    0.123703] mem auto-init: stack:off, heap alloc:off, heap free:off\\r']\n",
      "host.server OUT: ['[    0.159673] Memory: 8176252K/8388080K available (8194K kernel code, 1286K rwdata, 1980K rodata, 1912K init, 1580K bss, 211828K reserved, 0K cma-reserved)\\r']\n",
      "host.server OUT: ['[    0.162624] rcu: Hierarchical RCU implementation.\\r']\n",
      "host.server OUT: ['[    0.163090] rcu: \\tRCU restricting CPUs from NR_CPUS=8192 to nr_cpu_ids=1.\\r']\n",
      "host.server OUT: ['[    0.163688] rcu: RCU calculated value of scheduler-enlistment delay is 100 jiffies.\\r']\n",
      "host.server OUT: ['[    0.164357] rcu: Adjusting geometry for rcu_fanout_leaf=16, nr_cpu_ids=1\\r']\n",
      "host.server OUT: ['[    0.165263] NR_IRQS: 524544, nr_irqs: 256, preallocated irqs: 16\\r']\n",
      "host.server OUT: [\"[    0.166092] random: crng done (trusting CPU's manufacturer)\\r\"]\n",
      "host.client OUT: ['[    0.169008] Memory: 8176252K/8388080K available (8194K kernel code, 1286K rwdata, 1980K rodata, 1912K init, 1580K bss, 211828K reserved, 0K cma-reserved)\\r']\n",
      "host.client OUT: ['[    0.171177] rcu: Hierarchical RCU implementation.\\r']\n",
      "host.client OUT: ['[    0.171603] rcu: \\tRCU restricting CPUs from NR_CPUS=8192 to nr_cpu_ids=1.\\r']\n",
      "host.client OUT: ['[    0.172479] rcu: RCU calculated value of scheduler-enlistment delay is 100 jiffies.\\r']\n",
      "host.client OUT: ['[    0.173364] rcu: Adjusting geometry for rcu_fanout_leaf=16, nr_cpu_ids=1\\r']\n",
      "host.client OUT: ['[    0.174277] NR_IRQS: 524544, nr_irqs: 256, preallocated irqs: 16\\r']\n",
      "host.client OUT: [\"[    0.175497] random: crng done (trusting CPU's manufacturer)\\r\"]\n",
      "host.server OUT: ['[    0.180674] Console: colour VGA+ 80x25\\r']\n",
      "host.server OUT: ['[    0.181038] printk: console [ttyS0] enabled\\r']\n",
      "host.server OUT: ['[    0.181038] printk: console [ttyS0] enabled\\r']\n",
      "host.server OUT: ['[    0.182110] printk: bootconsole [earlyser0] disabled\\r']\n",
      "host.server OUT: ['[    0.182110] printk: bootconsole [earlyser0] disabled\\r']\n",
      "host.server OUT: ['[    0.183379] ACPI: Core revision 20190816\\r']\n",
      "host.server OUT: ['[    0.184062] clocksource: hpet: mask: 0xffffffff max_cycles: 0xffffffff, max_idle_ns: 19112604467 ns\\r']\n",
      "host.server OUT: ['[    0.185375] APIC: Switch to symmetric I/O mode setup\\r']\n",
      "host.server OUT: ['[    0.186574] ..TIMER: vector=0x30 apic1=0 pin1=2 apic2=-1 pin2=-1\\r']\n",
      "host.client OUT: ['[    0.191061] Console: colour VGA+ 80x25\\r']\n",
      "host.client OUT: ['[    0.191437] printk: console [ttyS0] enabled\\r']\n",
      "host.server OUT: ['[    0.187137] clocksource: tsc-early: mask: 0xffffffffffffffff max_cycles: 0x2e1daee2dff, max_idle_ns: 440795214038 ns\\r']\n",
      "host.client OUT: ['[    0.191437] printk: console [ttyS0] enabled\\r']\n",
      "host.server OUT: ['[    0.188095] Calibrating delay loop (skipped) preset value.. 6398.58 BogoMIPS (lpj=3199294)\\r']\n",
      "host.client OUT: ['[    0.192212] printk: bootconsole [earlyser0] disabled\\r']\n",
      "host.server OUT: ['[    0.189096] pid_max: default: 32768 minimum: 301\\r']\n",
      "host.client OUT: ['[    0.192212] printk: bootconsole [earlyser0] disabled\\r']\n",
      "host.server OUT: ['[    0.189577] Mount-cache hash table entries: 16384 (order: 5, 131072 bytes, linear)\\r']\n",
      "host.client OUT: ['[    0.193169] ACPI: Core revision 20190816\\r']\n",
      "host.server OUT: ['[    0.190104] Mountpoint-cache hash table entries: 16384 (order: 5, 131072 bytes, linear)\\r']\n",
      "host.server OUT: ['[    0.191388] Last level iTLB entries: 4KB 0, 2MB 0, 4MB 0\\r']\n",
      "host.client OUT: ['[    0.193764] clocksource: hpet: mask: 0xffffffff max_cycles: 0xffffffff, max_idle_ns: 19112604467 ns\\r']\n",
      "host.client OUT: ['[    0.194882] APIC: Switch to symmetric I/O mode setup\\r']\n",
      "host.server OUT: ['[    0.192098] Last level dTLB entries: 4KB 0, 2MB 0, 4MB 0, 1GB 0\\r']\n",
      "host.server OUT: ['[    0.192674] Spectre V1 : Mitigation: usercopy/swapgs barriers and __user pointer sanitization\\r']\n",
      "host.client OUT: ['[    0.196175] ..TIMER: vector=0x30 apic1=0 pin1=2 apic2=-1 pin2=-1\\r']\n",
      "host.client OUT: ['[    0.196834] clocksource: tsc-early: mask: 0xffffffffffffffff max_cycles: 0x2e1daee2dff, max_idle_ns: 440795214038 ns\\r']\n",
      "host.server OUT: ['[    0.193096] Spectre V2 : Spectre mitigation: kernel not compiled with retpoline; no mitigation available!\\r']\n",
      "host.server OUT: ['[    0.193097] Speculative Store Bypass: Vulnerable\\r']\n",
      "host.client OUT: ['[    0.197805] Calibrating delay loop (skipped) preset value.. 6398.58 BogoMIPS (lpj=3199294)\\r']\n",
      "host.client OUT: ['[    0.198806] pid_max: default: 32768 minimum: 301\\r']\n",
      "host.client OUT: ['[    0.199848] Mount-cache hash table entries: 16384 (order: 5, 131072 bytes, linear)\\r']\n",
      "host.server OUT: ['[    0.195831] Freeing SMP alternatives memory: 12K\\r']\n",
      "host.client OUT: ['[    0.200507] Mountpoint-cache hash table entries: 16384 (order: 5, 131072 bytes, linear)\\r']\n",
      "host.server OUT: ['[    0.196194] smpboot: CPU0: AMD Intel Xeon Processor (Skylake) (family: 0x6, model: 0x55, stepping: 0x4)\\r']\n",
      "host.server OUT: ['[    0.197094] Performance Events: AMD PMU driver.\\r']\n",
      "host.server OUT: ['[    0.197101] ... version:                0\\r']\n",
      "host.client OUT: ['[    0.201082] Last level iTLB entries: 4KB 0, 2MB 0, 4MB 0\\r']\n",
      "host.server OUT: ['[    0.197468] ... bit width:              48\\r']\n",
      "host.server OUT: ['[    0.197834] ... generic registers:      4\\r']\n",
      "host.client OUT: ['[    0.201807] Last level dTLB entries: 4KB 0, 2MB 0, 4MB 0, 1GB 0\\r']\n",
      "host.server OUT: ['[    0.198098] ... value mask:             0000ffffffffffff\\r']\n",
      "host.server OUT: ['[    0.198603] ... max period:             00007fffffffffff\\r']\n",
      "host.client OUT: ['[    0.202345] Spectre V1 : Mitigation: usercopy/swapgs barriers and __user pointer sanitization\\r']\n",
      "host.server OUT: ['[    0.199098] ... fixed-purpose events:   0\\r']\n",
      "host.server OUT: ['[    0.199443] ... event mask:             000000000000000f\\r']\n",
      "host.client OUT: ['[    0.202807] Spectre V2 : Spectre mitigation: kernel not compiled with retpoline; no mitigation available!\\r']\n",
      "host.client OUT: ['[    0.202807] Speculative Store Bypass: Vulnerable\\r']\n",
      "host.server OUT: ['[    0.199954] rcu: Hierarchical SRCU implementation.\\r']\n",
      "host.server OUT: ['[    0.200127] smp: Bringing up secondary CPUs ...\\r']\n",
      "host.server OUT: ['[    0.200518] smp: Brought up 1 node, 1 CPU\\r']\n",
      "host.server OUT: ['[    0.200891] smpboot: Max logical packages: 1\\r']\n",
      "host.client OUT: ['[    0.205552] Freeing SMP alternatives memory: 12K\\r']\n",
      "host.server OUT: ['[    0.201098] smpboot: Total of 1 processors activated (6398.58 BogoMIPS)\\r']\n",
      "host.server OUT: ['[    0.201916] devtmpfs: initialized\\r']\n",
      "host.server OUT: ['[    0.202207] clocksource: jiffies: mask: 0xffffffff max_cycles: 0xffffffff, max_idle_ns: 1911260446275000 ns\\r']\n",
      "host.server OUT: ['[    0.203062] futex hash table entries: 256 (order: 2, 16384 bytes, linear)\\r']\n",
      "host.client OUT: ['[    0.205903] smpboot: CPU0: AMD Intel Xeon Processor (Skylake) (family: 0x6, model: 0x55, stepping: 0x4)\\r']\n",
      "host.client OUT: ['[    0.206805] Performance Events: AMD PMU driver.\\r']\n",
      "host.client OUT: ['[    0.206810] ... version:                0\\r']\n",
      "host.client OUT: ['[    0.207172] ... bit width:              48\\r']\n",
      "host.client OUT: ['[    0.207531] ... generic registers:      4\\r']\n",
      "host.client OUT: ['[    0.207807] ... value mask:             0000ffffffffffff\\r']\n",
      "host.server OUT: ['[    0.203139] \\r']\n",
      "host.server OUT: ['[    0.203276] *************************************************************\\r']\n",
      "host.client OUT: ['[    0.208278] ... max period:             00007fffffffffff\\r']\n",
      "host.server OUT: ['[    0.203868] **     NOTICE NOTICE NOTICE NOTICE NOTICE NOTICE NOTICE    **\\r']\n",
      "host.server OUT: ['[    0.204098] **                                                         **\\r']\n",
      "host.server OUT: ['[    0.204702] **  IOMMU DebugFS SUPPORT HAS BEEN ENABLED IN THIS KERNEL  **\\r']\n",
      "host.client OUT: ['[    0.208733] ... fixed-purpose events:   0\\r']\n",
      "host.client OUT: ['[    0.208807] ... event mask:             000000000000000f\\r']\n",
      "host.client OUT: ['[    0.209302] rcu: Hierarchical SRCU implementation.\\r']\n",
      "host.client OUT: ['[    0.209762] smp: Bringing up secondary CPUs ...\\r']\n",
      "host.client OUT: ['[    0.209809] smp: Brought up 1 node, 1 CPU\\r']\n",
      "host.client OUT: ['[    0.210155] smpboot: Max logical packages: 1\\r']\n",
      "host.server OUT: ['[    0.205096] **                                                         **\\r']\n",
      "host.server OUT: ['[    0.205698] ** This means that this kernel is built to expose internal **\\r']\n",
      "host.client OUT: ['[    0.210537] smpboot: Total of 1 processors activated (6398.58 BogoMIPS)\\r']\n",
      "host.server OUT: ['[    0.206097] ** IOMMU data structures, which may compromise security on **\\r']\n",
      "host.server OUT: ['[    0.206676] ** your system.                                            **\\r']\n",
      "host.server OUT: ['[    0.207097] **                                                         **\\r']\n",
      "host.server OUT: ['[    0.207678] ** If you see this message and you are not debugging the   **\\r']\n",
      "host.client OUT: ['[    0.211038] devtmpfs: initialized\\r']\n",
      "host.client OUT: ['[    0.211440] clocksource: jiffies: mask: 0xffffffff max_cycles: 0xffffffff, max_idle_ns: 1911260446275000 ns\\r']\n",
      "host.client OUT: ['[    0.211811] futex hash table entries: 256 (order: 2, 16384 bytes, linear)\\r']\n",
      "host.client OUT: ['[    0.212433] \\r']\n",
      "host.client OUT: ['[    0.212590] *************************************************************\\r']\n",
      "host.server OUT: ['[    0.208098] ** kernel, report this immediately to your vendor!         **\\r']\n",
      "host.server OUT: ['[    0.208690] **                                                         **\\r']\n",
      "host.client OUT: ['[    0.212808] **     NOTICE NOTICE NOTICE NOTICE NOTICE NOTICE NOTICE    **\\r']\n",
      "host.server OUT: ['[    0.209097] **     NOTICE NOTICE NOTICE NOTICE NOTICE NOTICE NOTICE    **\\r']\n",
      "host.server OUT: ['[    0.209686] *************************************************************\\r']\n",
      "host.server OUT: ['[    0.210220] NET: Registered protocol family 16\\r']\n",
      "host.server OUT: ['[    0.210719] audit: initializing netlink subsys (disabled)\\r']\n",
      "host.client OUT: ['[    0.213397] **                                                         **\\r']\n",
      "host.client OUT: ['[    0.213807] **  IOMMU DebugFS SUPPORT HAS BEEN ENABLED IN THIS KERNEL  **\\r']\n",
      "host.client OUT: ['[    0.214399] **                                                         **\\r']\n",
      "host.client OUT: ['[    0.214807] ** This means that this kernel is built to expose internal **\\r']\n",
      "host.client OUT: ['[    0.215443] ** IOMMU data structures, which may compromise security on **\\r']\n",
      "host.server OUT: ['[    0.211171] cpuidle: using governor ladder\\r']\n",
      "host.server OUT: ['[    0.211643] ACPI: bus type PCI registered\\r']\n",
      "host.server OUT: ['[    0.212055] acpiphp: ACPI Hot Plug PCI Controller Driver version: 0.5\\r']\n",
      "host.server OUT: ['[    0.212174] PCI: MMCONFIG for domain 0000 [bus 00-ff] at [mem 0xb0000000-0xbfffffff] (base 0xb0000000)\\r']\n",
      "host.server OUT: ['[    0.213101] PCI: MMCONFIG at [mem 0xb0000000-0xbfffffff] reserved in E820\\r']\n",
      "host.server OUT: ['[    0.213836] PCI: Using configuration type 1 for base access\\r']\n",
      "host.client OUT: ['[    0.215808] ** your system.                                            **\\r']\n",
      "host.client OUT: ['[    0.216470] **                                                         **\\r']\n",
      "host.client OUT: ['[    0.216810] ** If you see this message and you are not debugging the   **\\r']\n",
      "host.client OUT: ['[    0.217413] ** kernel, report this immediately to your vendor!         **\\r']\n",
      "host.client OUT: ['[    0.217807] **                                                         **\\r']\n",
      "host.client OUT: ['[    0.218544] **     NOTICE NOTICE NOTICE NOTICE NOTICE NOTICE NOTICE    **\\r']\n",
      "host.client OUT: ['[    0.218807] *************************************************************\\r']\n",
      "host.client OUT: ['[    0.219540] NET: Registered protocol family 16\\r']\n",
      "host.client OUT: ['[    0.219875] audit: initializing netlink subsys (disabled)\\r']\n",
      "host.client OUT: ['[    0.220464] cpuidle: using governor ladder\\r']\n",
      "host.client OUT: ['[    0.220870] ACPI: bus type PCI registered\\r']\n",
      "host.client OUT: ['[    0.221223] acpiphp: ACPI Hot Plug PCI Controller Driver version: 0.5\\r']\n",
      "host.server OUT: ['[    0.216401] audit: type=2000 audit(1653664047.695:1): state=initialized audit_enabled=0 res=1\\r']\n",
      "host.client OUT: ['[    0.221840] PCI: MMCONFIG for domain 0000 [bus 00-ff] at [mem 0xb0000000-0xbfffffff] (base 0xb0000000)\\r']\n",
      "host.client OUT: ['[    0.222652] PCI: MMCONFIG at [mem 0xb0000000-0xbfffffff] reserved in E820\\r']\n",
      "host.client OUT: ['[    0.222817] PCI: Using configuration type 1 for base access\\r']\n",
      "host.server OUT: ['[    0.218351] HugeTLB registered 1.00 GiB page size, pre-allocated 0 pages\\r']\n",
      "host.server OUT: ['[    0.219090] HugeTLB registered 2.00 MiB page size, pre-allocated 0 pages\\r']\n",
      "host.server OUT: ['[    0.219591] ACPI: Added _OSI(Module Device)\\r']\n",
      "host.server OUT: ['[    0.220078] ACPI: Added _OSI(Processor Device)\\r']\n",
      "host.server OUT: ['[    0.220120] ACPI: Added _OSI(3.0 _SCP Extensions)\\r']\n",
      "host.server OUT: ['[    0.220645] ACPI: Added _OSI(Processor Aggregator Device)\\r']\n",
      "host.server OUT: ['[    0.221100] ACPI: Added _OSI(Linux-Dell-Video)\\r']\n",
      "host.server OUT: ['[    0.221584] ACPI: Added _OSI(Linux-Lenovo-NV-HDMI-Audio)\\r']\n",
      "host.client OUT: ['[    0.225208] audit: type=2000 audit(1653664047.700:1): state=initialized audit_enabled=0 res=1\\r']\n",
      "host.client OUT: ['[    0.226667] HugeTLB registered 1.00 GiB page size, pre-allocated 0 pages\\r']\n",
      "host.server OUT: ['[    0.222081] ACPI: Added _OSI(Linux-HPI-Hybrid-Graphics)\\r']\n",
      "host.server OUT: ['[    0.222814] ACPI: 1 ACPI AML tables successfully acquired and loaded\\r']\n",
      "host.server OUT: ['[    0.223791] ACPI: Interpreter enabled\\r']\n",
      "host.server OUT: ['[    0.224101] ACPI: (supports S0 S5)\\r']\n",
      "host.server OUT: ['[    0.224410] ACPI: Using IOAPIC for interrupt routing\\r']\n",
      "host.server OUT: ['[    0.224906] PCI: Using host bridge windows from ACPI; if necessary, use \"pci=nocrs\" and report a bug\\r']\n",
      "host.server OUT: ['[    0.225194] ACPI: Enabled 1 GPEs in block 00 to 3F\\r']\n",
      "host.server OUT: ['[    0.227498] ACPI: PCI Root Bridge [PCI0] (domain 0000 [bus 00-ff])\\r']\n",
      "host.server OUT: ['[    0.228104] acpi PNP0A08:00: _OSC: OS supports [ExtendedConfig ASPM ClockPM Segments MSI HPX-Type3]\\r']\n",
      "host.client OUT: ['[    0.226813] HugeTLB registered 2.00 MiB page size, pre-allocated 0 pages\\r']\n",
      "host.client OUT: ['[    0.227736] ACPI: Added _OSI(Module Device)\\r']\n",
      "host.client OUT: ['[    0.227810] ACPI: Added _OSI(Processor Device)\\r']\n",
      "host.client OUT: ['[    0.228206] ACPI: Added _OSI(3.0 _SCP Extensions)\\r']\n",
      "host.client OUT: ['[    0.228622] ACPI: Added _OSI(Processor Aggregator Device)\\r']\n",
      "host.client OUT: ['[    0.228809] ACPI: Added _OSI(Linux-Dell-Video)\\r']\n",
      "host.client OUT: ['[    0.229226] ACPI: Added _OSI(Linux-Lenovo-NV-HDMI-Audio)\\r']\n",
      "host.client OUT: ['[    0.229728] ACPI: Added _OSI(Linux-HPI-Hybrid-Graphics)\\r']\n",
      "host.client OUT: ['[    0.230783] ACPI: 1 ACPI AML tables successfully acquired and loaded\\r']\n",
      "host.client OUT: ['[    0.232037] ACPI: Interpreter enabled\\r']\n",
      "host.client OUT: ['[    0.232454] ACPI: (supports S0 S5)\\r']\n",
      "host.client OUT: ['[    0.232813] ACPI: Using IOAPIC for interrupt routing\\r']\n",
      "host.server OUT: ['[    0.229185] acpi PNP0A08:00: _OSC: platform does not support [LTR]\\r']\n",
      "host.server OUT: ['[    0.230058] acpi PNP0A08:00: _OSC: OS now controls [PCIeHotplug PME AER PCIeCapability]\\r']\n",
      "host.server OUT: ['[    0.230301] PCI host bridge to bus 0000:00\\r']\n",
      "host.server OUT: ['[    0.230836] pci_bus 0000:00: root bus resource [io  0x0000-0x0cf7 window]\\r']\n",
      "host.server OUT: ['[    0.231100] pci_bus 0000:00: root bus resource [io  0x0d00-0xffff window]\\r']\n",
      "host.server OUT: ['[    0.231879] pci_bus 0000:00: root bus resource [mem 0x000a0000-0x000bffff window]\\r']\n",
      "host.server OUT: ['[    0.232101] pci_bus 0000:00: root bus resource [mem 0x80000000-0xafffffff window]\\r']\n",
      "host.server OUT: ['[    0.233081] pci_bus 0000:00: root bus resource [mem 0xc0000000-0xfebfffff window]\\r']\n",
      "host.server OUT: ['[    0.233102] pci_bus 0000:00: root bus resource [mem 0x280000000-0xa7fffffff window]\\r']\n",
      "host.server OUT: ['[    0.234037] pci_bus 0000:00: root bus resource [bus 00-ff]\\r']\n",
      "host.client OUT: ['[    0.233575] PCI: Using host bridge windows from ACPI; if necessary, use \"pci=nocrs\" and report a bug\\r']\n",
      "host.client OUT: ['[    0.233929] ACPI: Enabled 1 GPEs in block 00 to 3F\\r']\n",
      "host.client OUT: ['[    0.236134] ACPI: PCI Root Bridge [PCI0] (domain 0000 [bus 00-ff])\\r']\n",
      "host.client OUT: ['[    0.236826] acpi PNP0A08:00: _OSC: OS supports [ExtendedConfig ASPM ClockPM Segments MSI HPX-Type3]\\r']\n",
      "host.client OUT: ['[    0.237874] acpi PNP0A08:00: _OSC: platform does not support [LTR]\\r']\n",
      "host.client OUT: ['[    0.238643] acpi PNP0A08:00: _OSC: OS now controls [PCIeHotplug PME AER PCIeCapability]\\r']\n",
      "host.client OUT: ['[    0.238937] PCI host bridge to bus 0000:00\\r']\n",
      "host.client OUT: ['[    0.239533] pci_bus 0000:00: root bus resource [io  0x0000-0x0cf7 window]\\r']\n",
      "host.server OUT: ['[    0.234149] pci 0000:00:00.0: [8086:29c0] type 00 class 0x060000\\r']\n",
      "host.server OUT: ['[    0.235356] pci 0000:00:01.0: [1234:1111] type 00 class 0x030000\\r']\n",
      "host.server OUT: ['[    0.237102] pci 0000:00:01.0: reg 0x10: [mem 0xfd000000-0xfdffffff pref]\\r']\n",
      "host.client OUT: ['[    0.239812] pci_bus 0000:00: root bus resource [io  0x0d00-0xffff window]\\r']\n",
      "host.client OUT: ['[    0.240545] pci_bus 0000:00: root bus resource [mem 0x000a0000-0x000bffff window]\\r']\n",
      "host.client OUT: ['[    0.240816] pci_bus 0000:00: root bus resource [mem 0x80000000-0xafffffff window]\\r']\n",
      "host.client OUT: ['[    0.241621] pci_bus 0000:00: root bus resource [mem 0xc0000000-0xfebfffff window]\\r']\n",
      "host.client OUT: ['[    0.241812] pci_bus 0000:00: root bus resource [mem 0x280000000-0xa7fffffff window]\\r']\n",
      "host.client OUT: ['[    0.242761] pci_bus 0000:00: root bus resource [bus 00-ff]\\r']\n",
      "host.client OUT: ['[    0.242874] pci 0000:00:00.0: [8086:29c0] type 00 class 0x060000\\r']\n",
      "host.server OUT: ['[    0.239108] pci 0000:00:01.0: reg 0x18: [mem 0xfe818000-0xfe818fff]\\r']\n",
      "host.client OUT: ['[    0.244152] pci 0000:00:01.0: [1234:1111] type 00 class 0x030000\\r']\n",
      "host.client OUT: ['[    0.245817] pci 0000:00:01.0: reg 0x10: [mem 0xfd000000-0xfdffffff pref]\\r']\n",
      "host.client OUT: ['[    0.247818] pci 0000:00:01.0: reg 0x18: [mem 0xfe818000-0xfe818fff]\\r']\n",
      "host.client OUT: ['[    0.251819] pci 0000:00:01.0: reg 0x30: [mem 0xfe800000-0xfe80ffff pref]\\r']\n",
      "host.server OUT: ['[    0.243567] pci 0000:00:01.0: reg 0x30: [mem 0xfe800000-0xfe80ffff pref]\\r']\n",
      "host.server OUT: ['[    0.244322] pci 0000:00:02.0: [8086:1583] type 00 class 0x020000\\r']\n",
      "host.server OUT: ['[    0.246103] pci 0000:00:02.0: reg 0x10: [mem 0xfe400000-0xfe7fffff 64bit]\\r']\n",
      "host.client OUT: ['[    0.253072] pci 0000:00:02.0: [8086:1583] type 00 class 0x020000\\r']\n",
      "host.server OUT: ['[    0.247871] pci 0000:00:02.0: reg 0x18: [io  0xc040-0xc05f]\\r']\n",
      "host.server OUT: ['[    0.248940] pci 0000:00:02.0: reg 0x1c: [mem 0xfe810000-0xfe817fff 64bit]\\r']\n",
      "host.client OUT: ['[    0.254815] pci 0000:00:02.0: reg 0x10: [mem 0xfe400000-0xfe7fffff 64bit]\\r']\n",
      "host.client OUT: ['[    0.256816] pci 0000:00:02.0: reg 0x18: [io  0xc040-0xc05f]\\r']\n",
      "host.server OUT: ['[    0.251271] pci 0000:00:1f.0: [8086:2918] type 00 class 0x060100\\r']\n",
      "host.server OUT: ['[    0.252506] pci 0000:00:1f.0: quirk: [io  0x0600-0x067f] claimed by ICH6 ACPI/GPIO/TCO\\r']\n",
      "host.server OUT: ['[    0.253320] pci 0000:00:1f.2: [8086:2922] type 00 class 0x010601\\r']\n",
      "host.client OUT: ['[    0.258815] pci 0000:00:02.0: reg 0x1c: [mem 0xfe810000-0xfe817fff 64bit]\\r']\n",
      "host.client OUT: ['[    0.261443] pci 0000:00:1f.0: [8086:2918] type 00 class 0x060100\\r']\n",
      "host.server OUT: ['[    0.257104] pci 0000:00:1f.2: reg 0x20: [io  0xc060-0xc07f]\\r']\n",
      "host.client OUT: ['[    0.262337] pci 0000:00:1f.0: quirk: [io  0x0600-0x067f] claimed by ICH6 ACPI/GPIO/TCO\\r']\n",
      "host.server OUT: ['[    0.258104] pci 0000:00:1f.2: reg 0x24: [mem 0xfe819000-0xfe819fff]\\r']\n",
      "host.client OUT: ['[    0.263062] pci 0000:00:1f.2: [8086:2922] type 00 class 0x010601\\r']\n",
      "host.server OUT: ['[    0.260057] pci 0000:00:1f.3: [8086:2930] type 00 class 0x0c0500\\r']\n",
      "host.server OUT: ['[    0.261689] pci 0000:00:1f.3: reg 0x20: [io  0x0700-0x073f]\\r']\n",
      "host.client OUT: ['[    0.266813] pci 0000:00:1f.2: reg 0x20: [io  0xc060-0xc07f]\\r']\n",
      "host.server OUT: ['[    0.262988] ACPI: PCI Interrupt Link [LNKA] (IRQs 5 *10 11)\\r']\n",
      "host.client OUT: ['[    0.268465] pci 0000:00:1f.2: reg 0x24: [mem 0xfe819000-0xfe819fff]\\r']\n",
      "host.server OUT: ['[    0.263234] ACPI: PCI Interrupt Link [LNKB] (IRQs 5 *10 11)\\r']\n",
      "host.client OUT: ['[    0.269709] pci 0000:00:1f.3: [8086:2930] type 00 class 0x0c0500\\r']\n",
      "host.server OUT: ['[    0.264001] ACPI: PCI Interrupt Link [LNKC] (IRQs 5 10 *11)\\r']\n",
      "host.server OUT: ['[    0.264176] ACPI: PCI Interrupt Link [LNKD] (IRQs 5 10 *11)\\r']\n",
      "host.server OUT: ['[    0.264907] ACPI: PCI Interrupt Link [LNKE] (IRQs 5 *10 11)\\r']\n",
      "host.client OUT: ['[    0.271397] pci 0000:00:1f.3: reg 0x20: [io  0x0700-0x073f]\\r']\n",
      "host.server OUT: ['[    0.265175] ACPI: PCI Interrupt Link [LNKF] (IRQs 5 *10 11)\\r']\n",
      "host.server OUT: ['[    0.265890] ACPI: PCI Interrupt Link [LNKG] (IRQs 5 10 *11)\\r']\n",
      "host.client OUT: ['[    0.272939] ACPI: PCI Interrupt Link [LNKA] (IRQs 5 *10 11)\\r']\n",
      "host.server OUT: ['[    0.266168] ACPI: PCI Interrupt Link [LNKH] (IRQs 5 10 *11)\\r']\n",
      "host.server OUT: ['[    0.266853] ACPI: PCI Interrupt Link [GSIA] (IRQs *16)\\r']\n",
      "host.client OUT: ['[    0.273707] ACPI: PCI Interrupt Link [LNKB] (IRQs 5 *10 11)\\r']\n",
      "host.server OUT: ['[    0.267107] ACPI: PCI Interrupt Link [GSIB] (IRQs *17)\\r']\n",
      "host.server OUT: ['[    0.267716] ACPI: PCI Interrupt Link [GSIC] (IRQs *18)\\r']\n",
      "host.client OUT: ['[    0.273897] ACPI: PCI Interrupt Link [LNKC] (IRQs 5 10 *11)\\r']\n",
      "host.server OUT: ['[    0.268114] ACPI: PCI Interrupt Link [GSID] (IRQs *19)\\r']\n",
      "host.client OUT: ['[    0.274741] ACPI: PCI Interrupt Link [LNKD] (IRQs 5 10 *11)\\r']\n",
      "host.server OUT: ['[    0.268721] ACPI: PCI Interrupt Link [GSIE] (IRQs *20)\\r']\n",
      "host.server OUT: ['[    0.269107] ACPI: PCI Interrupt Link [GSIF] (IRQs *21)\\r']\n",
      "host.server OUT: ['[    0.269701] ACPI: PCI Interrupt Link [GSIG] (IRQs *22)\\r']\n",
      "host.server OUT: ['[    0.270106] ACPI: PCI Interrupt Link [GSIH] (IRQs *23)\\r']\n",
      "host.client OUT: ['[    0.274905] ACPI: PCI Interrupt Link [LNKE] (IRQs 5 *10 11)\\r']\n",
      "host.client OUT: ['[    0.275920] ACPI: PCI Interrupt Link [LNKF] (IRQs 5 *10 11)\\r']\n",
      "host.client OUT: ['[    0.276865] ACPI: PCI Interrupt Link [LNKG] (IRQs 5 10 *11)\\r']\n",
      "host.client OUT: ['[    0.277753] ACPI: PCI Interrupt Link [LNKH] (IRQs 5 10 *11)\\r']\n",
      "host.server OUT: ['[    0.270905] iommu: Default domain type: Translated \\r']\n",
      "host.client OUT: ['[    0.277859] ACPI: PCI Interrupt Link [GSIA] (IRQs *16)\\r']\n",
      "host.client OUT: ['[    0.278618] ACPI: PCI Interrupt Link [GSIB] (IRQs *17)\\r']\n",
      "host.server OUT: ['[    0.272228] pci 0000:00:01.0: vgaarb: setting as boot VGA device\\r']\n",
      "host.client OUT: ['[    0.278826] ACPI: PCI Interrupt Link [GSIC] (IRQs *18)\\r']\n",
      "host.server OUT: ['[    0.272964] pci 0000:00:01.0: vgaarb: VGA device added: decodes=io+mem,owns=io+mem,locks=none\\r']\n",
      "host.server OUT: ['[    0.273104] pci 0000:00:01.0: vgaarb: bridge control possible\\r']\n",
      "host.client OUT: ['[    0.279477] ACPI: PCI Interrupt Link [GSID] (IRQs *19)\\r']\n",
      "host.server OUT: ['[    0.273825] vgaarb: loaded\\r']\n",
      "host.client OUT: ['[    0.279823] ACPI: PCI Interrupt Link [GSIE] (IRQs *20)\\r']\n",
      "host.client OUT: ['[    0.280652] ACPI: PCI Interrupt Link [GSIF] (IRQs *21)\\r']\n",
      "host.server OUT: ['[    0.274168] SCSI subsystem initialized\\r']\n",
      "host.server OUT: ['[    0.274827] pps_core: LinuxPPS API ver. 1 registered\\r']\n",
      "host.client OUT: ['[    0.280825] ACPI: PCI Interrupt Link [GSIG] (IRQs *22)\\r']\n",
      "host.server OUT: ['[    0.275101] pps_core: Software ver. 5.3.6 - Copyright 2005-2007 Rodolfo Giometti <giometti@linux.it>\\r']\n",
      "host.client OUT: ['[    0.281544] ACPI: PCI Interrupt Link [GSIH] (IRQs *23)\\r']\n",
      "host.client OUT: ['[    0.281953] iommu: Default domain type: Translated \\r']\n",
      "host.server OUT: ['[    0.276102] PTP clock support registered\\r']\n",
      "host.server OUT: ['[    0.276598] PCI: Using ACPI for IRQ routing\\r']\n",
      "host.client OUT: ['[    0.283764] pci 0000:00:01.0: vgaarb: setting as boot VGA device\\r']\n",
      "host.client OUT: ['[    0.283805] pci 0000:00:01.0: vgaarb: VGA device added: decodes=io+mem,owns=io+mem,locks=none\\r']\n",
      "host.client OUT: ['[    0.283819] pci 0000:00:01.0: vgaarb: bridge control possible\\r']\n",
      "host.client OUT: ['[    0.284518] vgaarb: loaded\\r']\n",
      "host.client OUT: ['[    0.284880] SCSI subsystem initialized\\r']\n",
      "host.client OUT: ['[    0.285763] pps_core: LinuxPPS API ver. 1 registered\\r']\n",
      "host.client OUT: ['[    0.285814] pps_core: Software ver. 5.3.6 - Copyright 2005-2007 Rodolfo Giometti <giometti@linux.it>\\r']\n",
      "host.client OUT: ['[    0.286657] PTP clock support registered\\r']\n",
      "host.client OUT: ['[    0.286820] PCI: Using ACPI for IRQ routing\\r']\n",
      "host.client OUT: ['[    0.328240] hpet0: at MMIO 0xfed00000, IRQs 2, 8, 0\\r']\n",
      "host.client OUT: ['[    0.328703] hpet0: 3 comparators, 64-bit 100.000000 MHz counter\\r']\n",
      "host.client OUT: ['[    0.332095] clocksource: Switched to clocksource kvm-clock\\r']\n",
      "host.client OUT: ['[    0.336501] VFS: Disk quotas dquot_6.6.0\\r']\n",
      "host.client OUT: ['[    0.336917] VFS: Dquot-cache hash table entries: 512 (order 0, 4096 bytes)\\r']\n",
      "host.client OUT: ['[    0.337829] pnp: PnP ACPI init\\r']\n",
      "host.client OUT: ['[    0.338689] pnp: PnP ACPI: found 5 devices\\r']\n",
      "host.server OUT: ['[    0.337075] hpet0: at MMIO 0xfed00000, IRQs 2, 8, 0\\r']\n",
      "host.server OUT: ['[    0.337099] hpet0: 3 comparators, 64-bit 100.000000 MHz counter\\r']\n",
      "host.client OUT: [\"[    0.340960] thermal_sys: Registered thermal governor 'step_wise'\\r\"]\n",
      "host.server OUT: ['[    0.340399] clocksource: Switched to clocksource kvm-clock\\r']\n",
      "host.client OUT: [\"[    0.340961] thermal_sys: Registered thermal governor 'user_space'\\r\"]\n",
      "host.client OUT: ['[    0.346171] clocksource: acpi_pm: mask: 0xffffff max_cycles: 0xffffff, max_idle_ns: 2085701024 ns\\r']\n",
      "host.client OUT: ['[    0.348054] pci_bus 0000:00: resource 4 [io  0x0000-0x0cf7 window]\\r']\n",
      "host.server OUT: ['[    0.345448] VFS: Disk quotas dquot_6.6.0\\r']\n",
      "host.server OUT: ['[    0.345824] VFS: Dquot-cache hash table entries: 512 (order 0, 4096 bytes)\\r']\n",
      "host.client OUT: ['[    0.348851] pci_bus 0000:00: resource 5 [io  0x0d00-0xffff window]\\r']\n",
      "host.server OUT: ['[    0.346510] pnp: PnP ACPI init\\r']\n",
      "host.client OUT: ['[    0.349688] pci_bus 0000:00: resource 6 [mem 0x000a0000-0x000bffff window]\\r']\n",
      "host.server OUT: ['[    0.347057] pnp: PnP ACPI: found 5 devices\\r']\n",
      "host.client OUT: ['[    0.350664] pci_bus 0000:00: resource 7 [mem 0x80000000-0xafffffff window]\\r']\n",
      "host.server OUT: [\"[    0.348489] thermal_sys: Registered thermal governor 'step_wise'\\r\"]\n",
      "host.client OUT: ['[    0.351639] pci_bus 0000:00: resource 8 [mem 0xc0000000-0xfebfffff window]\\r']\n",
      "host.client OUT: ['[    0.352577] pci_bus 0000:00: resource 9 [mem 0x280000000-0xa7fffffff window]\\r']\n",
      "host.client OUT: ['[    0.353696] NET: Registered protocol family 2\\r']\n",
      "host.client OUT: ['[    0.354408] tcp_listen_portaddr_hash hash table entries: 4096 (order: 4, 65536 bytes, linear)\\r']\n",
      "host.client OUT: ['[    0.355410] TCP established hash table entries: 65536 (order: 7, 524288 bytes, linear)\\r']\n",
      "host.client OUT: ['[    0.356386] TCP bind hash table entries: 65536 (order: 8, 1048576 bytes, linear)\\r']\n",
      "host.server OUT: [\"[    0.348489] thermal_sys: Registered thermal governor 'user_space'\\r\"]\n",
      "host.server OUT: ['[    0.353634] clocksource: acpi_pm: mask: 0xffffff max_cycles: 0xffffff, max_idle_ns: 2085701024 ns\\r']\n",
      "host.client OUT: ['[    0.357361] TCP: Hash tables configured (established 65536 bind 65536)\\r']\n",
      "host.server OUT: ['[    0.354973] pci_bus 0000:00: resource 4 [io  0x0000-0x0cf7 window]\\r']\n",
      "host.server OUT: ['[    0.355532] pci_bus 0000:00: resource 5 [io  0x0d00-0xffff window]\\r']\n",
      "host.client OUT: ['[    0.358321] UDP hash table entries: 4096 (order: 5, 131072 bytes, linear)\\r']\n",
      "host.server OUT: ['[    0.356119] pci_bus 0000:00: resource 6 [mem 0x000a0000-0x000bffff window]\\r']\n",
      "host.server OUT: ['[    0.356787] pci_bus 0000:00: resource 7 [mem 0x80000000-0xafffffff window]\\r']\n",
      "host.client OUT: ['[    0.359284] UDP-Lite hash table entries: 4096 (order: 5, 131072 bytes, linear)\\r']\n",
      "host.client OUT: ['[    0.360339] NET: Registered protocol family 1\\r']\n",
      "host.server OUT: ['[    0.357528] pci_bus 0000:00: resource 8 [mem 0xc0000000-0xfebfffff window]\\r']\n",
      "host.client OUT: ['[    0.360848] pci 0000:00:01.0: Video device with shadowed ROM at [mem 0x000c0000-0x000dffff]\\r']\n",
      "host.client OUT: ['[    0.361711] PCI: CLS 0 bytes, default 64\\r']\n",
      "host.server OUT: ['[    0.358344] pci_bus 0000:00: resource 9 [mem 0x280000000-0xa7fffffff window]\\r']\n",
      "host.server OUT: ['[    0.359070] NET: Registered protocol family 2\\r']\n",
      "host.server OUT: ['[    0.359569] tcp_listen_portaddr_hash hash table entries: 4096 (order: 4, 65536 bytes, linear)\\r']\n",
      "host.server OUT: ['[    0.360364] TCP established hash table entries: 65536 (order: 7, 524288 bytes, linear)\\r']\n",
      "host.server OUT: ['[    0.361180] TCP bind hash table entries: 65536 (order: 8, 1048576 bytes, linear)\\r']\n",
      "host.client OUT: ['[    0.362930] PCI-DMA: Using software bounce buffering for IO (SWIOTLB)\\r']\n",
      "host.client OUT: ['[    0.363909] software IO TLB: mapped [mem 0x7bfde000-0x7ffde000] (64MB)\\r']\n",
      "host.server OUT: ['[    0.361924] TCP: Hash tables configured (established 65536 bind 65536)\\r']\n",
      "host.client OUT: ['[    0.364939] clocksource: tsc: mask: 0xffffffffffffffff max_cycles: 0x2e1daee2dff, max_idle_ns: 440795214038 ns\\r']\n",
      "host.server OUT: ['[    0.362599] UDP hash table entries: 4096 (order: 5, 131072 bytes, linear)\\r']\n",
      "host.server OUT: ['[    0.363433] UDP-Lite hash table entries: 4096 (order: 5, 131072 bytes, linear)\\r']\n",
      "host.client OUT: ['[    0.366739] workingset: timestamp_bits=52 max_order=21 bucket_order=0\\r']\n",
      "host.client OUT: ['[    0.367460] fuse: init (API version 7.31)\\r']\n",
      "host.server OUT: ['[    0.364244] NET: Registered protocol family 1\\r']\n",
      "host.server OUT: ['[    0.364791] pci 0000:00:01.0: Video device with shadowed ROM at [mem 0x000c0000-0x000dffff]\\r']\n",
      "host.server OUT: ['[    0.365758] PCI: CLS 0 bytes, default 64\\r']\n",
      "host.client OUT: ['[    0.368884] Block layer SCSI generic (bsg) driver version 0.4 loaded (major 252)\\r']\n",
      "host.client OUT: ['[    0.369558] io scheduler mq-deadline registered\\r']\n",
      "host.client OUT: ['[    0.369994] io scheduler kyber registered\\r']\n",
      "host.client OUT: ['[    0.370766] acpiphp_ibm: ibm_acpiphp_init: acpi_walk_namespace failed\\r']\n",
      "host.server OUT: ['[    0.366923] PCI-DMA: Using software bounce buffering for IO (SWIOTLB)\\r']\n",
      "host.client OUT: ['[    0.371426] Serial: 8250/16550 driver, 4 ports, IRQ sharing disabled\\r']\n",
      "host.server OUT: ['[    0.367666] software IO TLB: mapped [mem 0x7bfde000-0x7ffde000] (64MB)\\r']\n",
      "host.server OUT: ['[    0.368436] clocksource: tsc: mask: 0xffffffffffffffff max_cycles: 0x2e1daee2dff, max_idle_ns: 440795214038 ns\\r']\n",
      "host.server OUT: ['[    0.370356] workingset: timestamp_bits=52 max_order=21 bucket_order=0\\r']\n",
      "host.server OUT: ['[    0.371147] fuse: init (API version 7.31)\\r']\n",
      "host.server OUT: ['[    0.372887] Block layer SCSI generic (bsg) driver version 0.4 loaded (major 252)\\r']\n",
      "host.server OUT: ['[    0.373832] io scheduler mq-deadline registered\\r']\n",
      "host.server OUT: ['[    0.374404] io scheduler kyber registered\\r']\n",
      "host.server OUT: ['[    0.375524] acpiphp_ibm: ibm_acpiphp_init: acpi_walk_namespace failed\\r']\n",
      "host.server OUT: ['[    0.376409] Serial: 8250/16550 driver, 4 ports, IRQ sharing disabled\\r']\n",
      "host.client OUT: ['[    0.396890] 00:03: ttyS0 at I/O 0x3f8 (irq = 4, base_baud = 115200) is a 16550A\\r']\n",
      "host.client OUT: ['[    0.398379] Linux agpgart interface v0.103\\r']\n",
      "host.client OUT: ['[    0.400359] brd: module loaded\\r']\n",
      "host.client OUT: ['[    0.402175] loop: module loaded\\r']\n",
      "host.client OUT: ['[    0.402634] Loading iSCSI transport class v2.0-870.\\r']\n",
      "host.client OUT: ['[    0.403927] PCI Interrupt Link [GSIA] enabled at IRQ 16\\r']\n",
      "host.client OUT: ['[    0.405155] ahci 0000:00:1f.2: AHCI 0001.0000 32 slots 6 ports 1.5 Gbps 0x3f impl SATA mode\\r']\n",
      "host.client OUT: ['[    0.406226] ahci 0000:00:1f.2: flags: 64bit ncq only \\r']\n",
      "host.server OUT: ['[    0.403026] 00:03: ttyS0 at I/O 0x3f8 (irq = 4, base_baud = 115200) is a 16550A\\r']\n",
      "host.client OUT: ['[    0.408024] scsi host0: ahci\\r']\n",
      "host.server OUT: ['[    0.404629] Linux agpgart interface v0.103\\r']\n",
      "host.client OUT: ['[    0.408500] scsi host1: ahci\\r']\n",
      "host.client OUT: ['[    0.409036] scsi host2: ahci\\r']\n",
      "host.client OUT: ['[    0.409607] scsi host3: ahci\\r']\n",
      "host.client OUT: ['[    0.410175] scsi host4: ahci\\r']\n",
      "host.server OUT: ['[    0.406967] brd: module loaded\\r']\n",
      "host.client OUT: ['[    0.410654] scsi host5: ahci\\r']\n",
      "host.client OUT: ['[    0.411128] ata1: SATA max UDMA/133 abar m4096@0xfe819000 port 0xfe819100 irq 24\\r']\n",
      "host.server OUT: ['[    0.409115] loop: module loaded\\r']\n",
      "host.client OUT: ['[    0.412166] ata2: SATA max UDMA/133 abar m4096@0xfe819000 port 0xfe819180 irq 24\\r']\n",
      "host.server OUT: ['[    0.409578] Loading iSCSI transport class v2.0-870.\\r']\n",
      "host.client OUT: ['[    0.413150] ata3: SATA max UDMA/133 abar m4096@0xfe819000 port 0xfe819200 irq 24\\r']\n",
      "host.client OUT: ['[    0.414151] ata4: SATA max UDMA/133 abar m4096@0xfe819000 port 0xfe819280 irq 24\\r']\n",
      "host.server OUT: ['[    0.410924] PCI Interrupt Link [GSIA] enabled at IRQ 16\\r']\n",
      "host.client OUT: ['[    0.415095] ata5: SATA max UDMA/133 abar m4096@0xfe819000 port 0xfe819300 irq 24\\r']\n",
      "host.server OUT: ['[    0.412166] ahci 0000:00:1f.2: AHCI 0001.0000 32 slots 6 ports 1.5 Gbps 0x3f impl SATA mode\\r']\n",
      "host.client OUT: ['[    0.416033] ata6: SATA max UDMA/133 abar m4096@0xfe819000 port 0xfe819380 irq 24\\r']\n",
      "host.server OUT: ['[    0.413192] ahci 0000:00:1f.2: flags: 64bit ncq only \\r']\n",
      "host.client OUT: ['[    0.417037] Ethernet Channel Bonding Driver: v3.7.1 (April 27, 2011)\\r']\n",
      "host.server OUT: ['[    0.414998] scsi host0: ahci\\r']\n",
      "host.server OUT: ['[    0.415546] scsi host1: ahci\\r']\n",
      "host.client OUT: ['[    0.418641] tun: Universal TUN/TAP device driver, 1.6\\r']\n",
      "host.server OUT: ['[    0.415987] scsi host2: ahci\\r']\n",
      "host.server OUT: ['[    0.416487] scsi host3: ahci\\r']\n",
      "host.client OUT: ['[    0.419433] VFIO - User Level meta-driver version: 0.3\\r']\n",
      "host.server OUT: ['[    0.416940] scsi host4: ahci\\r']\n",
      "host.server OUT: ['[    0.417418] scsi host5: ahci\\r']\n",
      "host.client OUT: ['[    0.420295] i8042: PNP: PS/2 Controller [PNP0303:KBD,PNP0f13:MOU] at 0x60,0x64 irq 1,12\\r']\n",
      "host.server OUT: ['[    0.417815] ata1: SATA max UDMA/133 abar m4096@0xfe819000 port 0xfe819100 irq 24\\r']\n",
      "host.client OUT: ['[    0.422051] serio: i8042 KBD port at 0x60,0x64 irq 1\\r']\n",
      "host.server OUT: ['[    0.418750] ata2: SATA max UDMA/133 abar m4096@0xfe819000 port 0xfe819180 irq 24\\r']\n",
      "host.client OUT: ['[    0.422680] serio: i8042 AUX port at 0x60,0x64 irq 12\\r']\n",
      "host.server OUT: ['[    0.419694] ata3: SATA max UDMA/133 abar m4096@0xfe819000 port 0xfe819200 irq 24\\r']\n",
      "host.client OUT: ['[    0.423461] mousedev: PS/2 mouse device common for all mice\\r']\n",
      "host.server OUT: ['[    0.420656] ata4: SATA max UDMA/133 abar m4096@0xfe819000 port 0xfe819280 irq 24\\r']\n",
      "host.client OUT: ['[    0.424394] NET: Registered protocol family 17\\r']\n",
      "host.server OUT: ['[    0.421627] ata5: SATA max UDMA/133 abar m4096@0xfe819000 port 0xfe819300 irq 24\\r']\n",
      "host.client OUT: ['[    0.425221] input: AT Translated Set 2 keyboard as /devices/platform/i8042/serio0/input/input0\\r']\n",
      "host.server OUT: ['[    0.422579] ata6: SATA max UDMA/133 abar m4096@0xfe819000 port 0xfe819380 irq 24\\r']\n",
      "host.server OUT: ['[    0.423681] Ethernet Channel Bonding Driver: v3.7.1 (April 27, 2011)\\r']\n",
      "host.client OUT: ['[    0.427791] IPI shorthand broadcast: enabled\\r']\n",
      "host.server OUT: ['[    0.425403] tun: Universal TUN/TAP device driver, 1.6\\r']\n",
      "host.server OUT: ['[    0.426382] VFIO - User Level meta-driver version: 0.3\\r']\n",
      "host.client OUT: ['[    0.429498] Unstable clock detected, switching default tracing clock to \"global\"\\r']\n",
      "host.client OUT: ['[    0.429498] If you want to keep using the local clock, then add:\\r']\n",
      "host.client OUT: ['[    0.429498]   \"trace_clock=local\"\\r']\n",
      "host.server OUT: ['[    0.427227] i8042: PNP: PS/2 Controller [PNP0303:KBD,PNP0f13:MOU] at 0x60,0x64 irq 1,12\\r']\n",
      "host.client OUT: ['[    0.429498] on the kernel command line\\r']\n",
      "host.server OUT: ['[    0.428917] serio: i8042 KBD port at 0x60,0x64 irq 1\\r']\n",
      "host.server OUT: ['[    0.429434] serio: i8042 AUX port at 0x60,0x64 irq 12\\r']\n",
      "host.server OUT: ['[    0.430285] mousedev: PS/2 mouse device common for all mice\\r']\n",
      "host.server OUT: ['[    0.430950] NET: Registered protocol family 17\\r']\n",
      "host.server OUT: ['[    0.431547] input: AT Translated Set 2 keyboard as /devices/platform/i8042/serio0/input/input0\\r']\n",
      "host.server OUT: ['[    0.433185] IPI shorthand broadcast: enabled\\r']\n",
      "host.server OUT: ['[    0.433683] Unstable clock detected, switching default tracing clock to \"global\"\\r']\n",
      "host.server OUT: ['[    0.433683] If you want to keep using the local clock, then add:\\r']\n",
      "host.server OUT: ['[    0.433683]   \"trace_clock=local\"\\r']\n",
      "host.server OUT: ['[    0.433683] on the kernel command line\\r']\n",
      "host.client OUT: ['[    0.729938] ata2: SATA link up 1.5 Gbps (SStatus 113 SControl 300)\\r']\n",
      "host.client OUT: ['[    0.730769] ata2.00: ATA-7: QEMU HARDDISK, 2.5+, max UDMA/100\\r']\n",
      "host.client OUT: ['[    0.731436] ata2.00: 20 sectors, multi 16: LBA48 NCQ (depth 32)\\r']\n",
      "host.client OUT: ['[    0.732137] ata2.00: applying bridge limits\\r']\n",
      "host.client OUT: ['[    0.732731] ata2.00: configured for UDMA/100\\r']\n",
      "host.client OUT: ['[    0.733324] ata3: SATA link up 1.5 Gbps (SStatus 113 SControl 300)\\r']\n",
      "host.client OUT: ['[    0.734114] ata3.00: ATAPI: QEMU DVD-ROM, 2.5+, max UDMA/100\\r']\n",
      "host.client OUT: ['[    0.734768] ata3.00: applying bridge limits\\r']\n",
      "host.client OUT: ['[    0.735343] ata3.00: configured for UDMA/100\\r']\n",
      "host.client OUT: ['[    0.736036] ata1: SATA link up 1.5 Gbps (SStatus 113 SControl 300)\\r']\n",
      "host.client OUT: ['[    0.736832] ata1.00: ATA-7: QEMU HARDDISK, 2.5+, max UDMA/100\\r']\n",
      "host.client OUT: ['[    0.737495] ata1.00: 83886080 sectors, multi 16: LBA48 NCQ (depth 32)\\r']\n",
      "host.client OUT: ['[    0.738256] ata1.00: applying bridge limits\\r']\n",
      "host.client OUT: ['[    0.738850] ata1.00: configured for UDMA/100\\r']\n",
      "host.client OUT: ['[    0.739469] ata6: SATA link down (SStatus 0 SControl 300)\\r']\n",
      "host.server OUT: ['[    0.736195] ata6: SATA link down (SStatus 0 SControl 300)\\r']\n",
      "host.client OUT: ['[    0.740210] ata4: SATA link down (SStatus 0 SControl 300)\\r']\n",
      "host.server OUT: ['[    0.736948] ata5: SATA link down (SStatus 0 SControl 300)\\r']\n",
      "host.client OUT: ['[    0.740953] ata5: SATA link down (SStatus 0 SControl 300)\\r']\n",
      "host.server OUT: ['[    0.737698] ata1: SATA link up 1.5 Gbps (SStatus 113 SControl 300)\\r']\n",
      "host.server OUT: ['[    0.738520] ata1.00: ATA-7: QEMU HARDDISK, 2.5+, max UDMA/100\\r']\n",
      "host.client OUT: ['[    0.741635] scsi 0:0:0:0: Direct-Access     ATA      QEMU HARDDISK    2.5+ PQ: 0 ANSI: 5\\r']\n",
      "host.server OUT: ['[    0.739185] ata1.00: 83886080 sectors, multi 16: LBA48 NCQ (depth 32)\\r']\n",
      "host.client OUT: ['[    0.742753] sd 0:0:0:0: [sda] 83886080 512-byte logical blocks: (42.9 GB/40.0 GiB)\\r']\n",
      "host.server OUT: ['[    0.739954] ata1.00: applying bridge limits\\r']\n",
      "host.client OUT: ['[    0.743658] sd 0:0:0:0: [sda] Write Protect is off\\r']\n",
      "host.server OUT: ['[    0.740570] ata1.00: configured for UDMA/100\\r']\n",
      "host.client OUT: ['[    0.744230] sd 0:0:0:0: Attached scsi generic sg0 type 0\\r']\n",
      "host.server OUT: ['[    0.741317] scsi 0:0:0:0: Direct-Access     ATA      QEMU HARDDISK    2.5+ PQ: 0 ANSI: 5\\r']\n",
      "host.client OUT: [\"[    0.744888] sd 0:0:0:0: [sda] Write cache: enabled, read cache: enabled, doesn't support DPO or FUA\\r\"]\n",
      "host.server OUT: ['[    0.742577] ata2: SATA link up 1.5 Gbps (SStatus 113 SControl 300)\\r']\n",
      "host.client OUT: ['[    0.746000] scsi 1:0:0:0: Direct-Access     ATA      QEMU HARDDISK    2.5+ PQ: 0 ANSI: 5\\r']\n",
      "host.server OUT: ['[    0.743434] ata2.00: ATA-7: QEMU HARDDISK, 2.5+, max UDMA/100\\r']\n",
      "host.client OUT: ['[    0.747023] scsi 1:0:0:0: Attached scsi generic sg1 type 0\\r']\n",
      "host.server OUT: ['[    0.744079] ata2.00: 20 sectors, multi 16: LBA48 NCQ (depth 32)\\r']\n",
      "host.server OUT: ['[    0.744771] ata2.00: applying bridge limits\\r']\n",
      "host.client OUT: ['[    0.747758] scsi 2:0:0:0: CD-ROM            QEMU     QEMU DVD-ROM     2.5+ PQ: 0 ANSI: 5\\r']\n",
      "host.server OUT: ['[    0.745559] ata2.00: configured for UDMA/100\\r']\n",
      "host.client OUT: ['[    0.749214] sd 1:0:0:0: [sdb] 20 512-byte logical blocks: (10.2 kB/10.0 KiB)\\r']\n",
      "host.server OUT: ['[    0.746136] ata4: SATA link down (SStatus 0 SControl 300)\\r']\n",
      "host.client OUT: ['[    0.750102] sd 1:0:0:0: [sdb] Write Protect is off\\r']\n",
      "host.server OUT: ['[    0.746861] ata3: SATA link up 1.5 Gbps (SStatus 113 SControl 300)\\r']\n",
      "host.client OUT: [\"[    0.750729] sd 1:0:0:0: [sdb] Write cache: enabled, read cache: enabled, doesn't support DPO or FUA\\r\"]\n",
      "host.server OUT: ['[    0.747599] ata3.00: ATAPI: QEMU DVD-ROM, 2.5+, max UDMA/100\\r']\n",
      "host.server OUT: ['[    0.748113] ata3.00: applying bridge limits\\r']\n",
      "host.server OUT: ['[    0.748589] ata3.00: configured for UDMA/100\\r']\n",
      "host.server OUT: ['[    0.749256] sd 0:0:0:0: [sda] 83886080 512-byte logical blocks: (42.9 GB/40.0 GiB)\\r']\n",
      "host.client OUT: ['[    0.752407] sd 1:0:0:0: [sdb] Attached SCSI disk\\r']\n",
      "host.server OUT: ['[    0.749987] sd 0:0:0:0: [sda] Write Protect is off\\r']\n",
      "host.server OUT: ['[    0.750507] sd 0:0:0:0: Attached scsi generic sg0 type 0\\r']\n",
      "host.server OUT: [\"[    0.751012] sd 0:0:0:0: [sda] Write cache: enabled, read cache: enabled, doesn't support DPO or FUA\\r\"]\n",
      "host.client OUT: ['[    0.754909]  sda: sda1 sda14 sda15\\r']\n",
      "host.server OUT: ['[    0.751886] scsi 1:0:0:0: Direct-Access     ATA      QEMU HARDDISK    2.5+ PQ: 0 ANSI: 5\\r']\n",
      "host.client OUT: ['[    0.755486] sd 0:0:0:0: [sda] Attached SCSI disk\\r']\n",
      "host.server OUT: ['[    0.752706] sd 1:0:0:0: [sdb] 20 512-byte logical blocks: (10.2 kB/10.0 KiB)\\r']\n",
      "host.server OUT: ['[    0.753352] sd 1:0:0:0: [sdb] Write Protect is off\\r']\n",
      "host.server OUT: ['[    0.753780] sd 1:0:0:0: Attached scsi generic sg1 type 0\\r']\n",
      "host.server OUT: [\"[    0.754265] sd 1:0:0:0: [sdb] Write cache: enabled, read cache: enabled, doesn't support DPO or FUA\\r\"]\n",
      "host.server OUT: ['[    0.755155] scsi 2:0:0:0: CD-ROM            QEMU     QEMU DVD-ROM     2.5+ PQ: 0 ANSI: 5\\r']\n",
      "host.server OUT: ['[    0.756509] sd 1:0:0:0: [sdb] Attached SCSI disk\\r']\n",
      "host.server OUT: ['[    0.759154]  sda: sda1 sda14 sda15\\r']\n",
      "host.server OUT: ['[    0.759636] sd 0:0:0:0: [sda] Attached SCSI disk\\r']\n",
      "host.client OUT: ['[    0.765011] sr 2:0:0:0: [sr0] scsi3-mmc drive: 4x/4x cd/rw xa/form2 tray\\r']\n",
      "host.client OUT: ['[    0.765786] cdrom: Uniform CD-ROM driver Revision: 3.20\\r']\n",
      "host.client OUT: ['[    0.766668] sr 2:0:0:0: Attached scsi generic sg2 type 5\\r']\n",
      "host.server OUT: ['[    0.770321] sr 2:0:0:0: [sr0] scsi3-mmc drive: 4x/4x cd/rw xa/form2 tray\\r']\n",
      "host.server OUT: ['[    0.770969] cdrom: Uniform CD-ROM driver Revision: 3.20\\r']\n",
      "host.server OUT: ['[    0.771713] sr 2:0:0:0: Attached scsi generic sg2 type 5\\r']\n",
      "host.client OUT: ['[    0.791720] EXT4-fs (sda1): mounted filesystem with ordered data mode. Opts: (null)\\r']\n",
      "host.client OUT: ['[    0.792643] VFS: Mounted root (ext4 filesystem) on device 8:1.\\r']\n",
      "host.client OUT: ['[    0.793674] devtmpfs: mounted\\r']\n",
      "host.client OUT: ['[    0.794463] Freeing unused kernel image memory: 1912K\\r']\n",
      "host.client OUT: ['[    0.795065] Write protecting the kernel read-only data: 12288k\\r']\n",
      "host.client OUT: ['[    0.796182] Freeing unused kernel image memory: 2032K\\r']\n",
      "host.client OUT: ['[    0.796797] Freeing unused kernel image memory: 68K\\r']\n",
      "host.client OUT: ['[    0.797360] rodata_test: all tests were successful\\r']\n",
      "host.client OUT: ['[    0.797926] Run /home/ubuntu/guestinit.sh as init process\\r']\n",
      "host.server OUT: ['[    0.798153] EXT4-fs (sda1): mounted filesystem with ordered data mode. Opts: (null)\\r']\n",
